******************************************************************************
                  TI ARM Linker Unix v16.9.1                   
******************************************************************************
>> Linked Wed Feb  1 03:47:40 2017

OUTPUT FILE NAME:   <rgb_matrix.out>
ENTRY POINT SYMBOL: "_c_int00"  address: 00000f61


MEMORY CONFIGURATION

         name            origin    length      used     unused   attr    fill
----------------------  --------  ---------  --------  --------  ----  --------
  FLASH                 00000000   00040000  00001104  0003eefc  R  X
  SRAM                  20000000   00008000  00000362  00007c9e  RW X


SEGMENT ALLOCATION MAP

run origin  load origin   length   init length attrs members
----------  ----------- ---------- ----------- ----- -------
00000000    00000000    00001108   00001108    r-x
  00000000    00000000    0000026c   0000026c    r-- .intvecs
  0000026c    0000026c    00000e40   00000e40    r-x .text
  000010ac    000010ac    00000010   00000010    r-- .const
  000010c0    000010c0    00000048   00000048    r-- .cinit
20000000    20000000    00000362   00000000    rw-
  20000000    20000000    00000200   00000000    rw- .stack
  20000200    20000200    00000114   00000000    rw- .bss
  20000314    20000314    0000004e   00000000    rw- .data


SECTION ALLOCATION MAP

 output                                  attributes/
section   page    origin      length       input sections
--------  ----  ----------  ----------   ----------------
.intvecs   0    00000000    0000026c     
                  00000000    0000026c     tm4c123gh6pm_startup_ccs.obj (.intvecs)

.text      0    0000026c    00000e40     
                  0000026c    000003a8     hal.obj (.text)
                  00000614    00000268     main.obj (.text)
                  0000087c    00000188     display.obj (.text)
                  00000a04    00000118     highside.obj (.text)
                  00000b1c    00000100     control.obj (.text)
                  00000c1c    000000d4     lowside.obj (.text)
                  00000cf0    0000009c     rtsv7M4_T_le_v4SPD16_eabi.lib : memcpy_t2.obj (.text)
                  00000d8c    00000080     timer.obj (.text)
                  00000e0c    0000007a     rtsv7M4_T_le_v4SPD16_eabi.lib : memset_t2.obj (.text)
                  00000e86    00000002                                   : mpu_init.obj (.text)
                  00000e88    00000070                                   : autoinit.obj (.text)
                  00000ef8    00000068                                   : copy_decompress_lzss.obj (.text:decompress:lzss)
                  00000f60    00000054                                   : boot.obj (.text)
                  00000fb4    00000054                                   : exit.obj (.text)
                  00001008    0000004c                                   : cpy_tbl.obj (.text)
                  00001054    00000018                                   : args_main.obj (.text)
                  0000106c    00000014                                   : _lock.obj (.text)
                  00001080    0000000e                                   : copy_decompress_none.obj (.text:decompress:none)
                  0000108e    0000000c                                   : copy_zero_init.obj (.text:decompress:ZI)
                  0000109a    0000000c     tm4c123gh6pm_startup_ccs.obj (.text)
                  000010a6    00000004     rtsv7M4_T_le_v4SPD16_eabi.lib : pre_init.obj (.text)
                  000010aa    00000002                                   : startup.obj (.text)

.const     0    000010ac    00000010     
                  000010ac    00000010     main.obj (.const:timers)

.cinit     0    000010c0    00000048     
                  000010c0    00000022     (.cinit..data.load) [load image, compression = lzss]
                  000010e2    00000002     --HOLE-- [fill = 0]
                  000010e4    0000000c     (__TI_handler_table)
                  000010f0    00000008     (.cinit..bss.load) [load image, compression = zero_init]
                  000010f8    00000010     (__TI_cinit_table)

.init_array 
*          0    00000000    00000000     UNINITIALIZED

.bss       0    20000200    00000114     UNINITIALIZED
                  20000200    00000100     (.common:matrixbuffer)
                  20000300    00000008     (.common:hsDriver)
                  20000308    00000004     (.common:ctrlPort)
                  2000030c    00000004     (.common:timer_debounce)
                  20000310    00000003     (.common:colBytes)
                  20000313    00000001     (.common:data)

.data      0    20000314    0000004e     UNINITIALIZED
                  20000314    00000020     hal.obj (.data:PORTA_callbacks)
                  20000334    0000000c     rtsv7M4_T_le_v4SPD16_eabi.lib : exit.obj (.data:$O1$$)
                  20000340    0000000c     display.obj (.data)
                  2000034c    00000008     rtsv7M4_T_le_v4SPD16_eabi.lib : _lock.obj (.data:$O1$$)
                  20000354    00000008     main.obj (.data)
                  2000035c    00000004     rtsv7M4_T_le_v4SPD16_eabi.lib : stkdepth_vars.obj (.data)
                  20000360    00000001     control.obj (.data)
                  20000361    00000001     hal.obj (.data)

.stack     0    20000000    00000200     UNINITIALIZED
                  20000000    00000200     --HOLE--

MODULE SUMMARY

       Module                         code   ro data   rw data
       ------                         ----   -------   -------
    ./
       display.obj                    392    0         271    
       main.obj                       616    16        9      
       tm4c123gh6pm_startup_ccs.obj   12     620       0      
       highside.obj                   280    0         8      
       control.obj                    256    0         5      
       lowside.obj                    212    0         4      
       timer.obj                      128    0         0      
    +--+------------------------------+------+---------+---------+
       Total:                         1896   636       297    
                                                              
    ./hal/
       hal.obj                        936    0         33     
    +--+------------------------------+------+---------+---------+
       Total:                         936    0         33     
                                                              
    /home/patrick/ti/ccsv6/tools/compiler/ti-cgt-arm_16.9.1.LTS/lib/rtsv7M4_T_le_v4SPD16_eabi.lib
       memcpy_t2.obj                  156    0         0      
       memset_t2.obj                  122    0         0      
       autoinit.obj                   112    0         0      
       copy_decompress_lzss.obj       104    0         0      
       exit.obj                       84     0         12     
       boot.obj                       84     0         0      
       cpy_tbl.obj                    76     0         0      
       _lock.obj                      20     0         8      
       args_main.obj                  24     0         0      
       copy_decompress_none.obj       14     0         0      
       copy_zero_init.obj             12     0         0      
       pre_init.obj                   4      0         0      
       stkdepth_vars.obj              0      0         4      
       mpu_init.obj                   2      0         0      
       startup.obj                    2      0         0      
    +--+------------------------------+------+---------+---------+
       Total:                         816    0         24     
                                                              
       Stack:                         0      0         512    
       Linker Generated:              0      70        0      
    +--+------------------------------+------+---------+---------+
       Grand Total:                   3648   706       866    


LINKER GENERATED COPY TABLES

__TI_cinit_table @ 000010f8 records: 2, size/record: 8, table size: 16
	.data: load addr=000010c0, load size=00000022 bytes, run addr=20000314, run size=0000004e bytes, compression=lzss
	.bss: load addr=000010f0, load size=00000008 bytes, run addr=20000200, run size=00000114 bytes, compression=zero_init


LINKER GENERATED HANDLER TABLE

__TI_handler_table @ 000010e4 records: 3, size/record: 4, table size: 12
	index: 0, handler: __TI_decompress_lzss
	index: 1, handler: __TI_decompress_none
	index: 2, handler: __TI_zero_init


GLOBAL SYMBOLS: SORTED ALPHABETICALLY BY Name 

address   name                           
-------   ----                           
00000fb5  C$$EXIT                        
00000291  GPIOA_Handler                  
0000109b  ResetISR                       
UNDEFED   SHT$$INIT_ARRAY$$Base          
UNDEFED   SHT$$INIT_ARRAY$$Limit         
0000054d  TIMER0A_Handler                
20000200  __STACK_END                    
00000200  __STACK_SIZE                   
20000200  __STACK_TOP                    
000010f8  __TI_CINIT_Base                
00001108  __TI_CINIT_Limit               
000010e4  __TI_Handler_Table_Base        
000010f0  __TI_Handler_Table_Limit       
00000e89  __TI_auto_init                 
20000334  __TI_cleanup_ptr               
00000ef9  __TI_decompress_lzss           
00001081  __TI_decompress_none           
20000338  __TI_dtors_ptr                 
2000033c  __TI_enable_exit_profile_output
ffffffff  __TI_pprof_out_hndl            
ffffffff  __TI_prof_data_size            
ffffffff  __TI_prof_data_start           
00000000  __TI_static_base__             
0000108f  __TI_zero_init                 
00000e0d  __aeabi_memclr                 
00000e0d  __aeabi_memclr4                
00000e0d  __aeabi_memclr8                
00000cf1  __aeabi_memcpy                 
00000cf1  __aeabi_memcpy4                
00000cf1  __aeabi_memcpy8                
00000e0f  __aeabi_memset                 
00000e0f  __aeabi_memset4                
00000e0f  __aeabi_memset8                
ffffffff  __binit__                      
ffffffff  __c_args__                     
00000e87  __mpu_init                     
20000000  __stack                        
00001055  _args_main                     
00000f61  _c_int00                       
00000b9f  _callback                      
0000037b  _enableNVIC                    
2000034c  _lock                          
0000107b  _nop                           
00001073  _register_lock                 
0000106d  _register_unlock               
000010ab  _system_post_cinit             
000010a7  _system_pre_init               
20000350  _unlock                        
00000fb9  abort                          
20000344  actRow                         
ffffffff  binit                          
00000b6b  buttonPressed                  
00000b85  centerPressed                  
20000310  colBytes                       
00000bbb  control_init                   
00001009  copy_in                        
20000308  ctrlPort                       
20000313  data                           
000008b7  display_clear                  
0000087d  display_drawPixel              
000008f9  display_process                
00000b1d  downPressed                    
00000fc1  exit                           
00000000  g_pfnVectors                   
0000035d  gpio_alternateFunctions        
00000321  gpio_digitalEnable             
00000303  gpio_direction                 
000002df  gpio_enable                    
000003df  gpio_enableInterrupt           
0000033f  gpio_setPullups                
00000561  hal_init                       
0000056d  hal_process                    
00000a05  highside_init                  
00000ab1  highside_setOutput             
20000300  hsDriver                       
20000360  inputFlags                     
00000b37  leftPressed                    
00000c1d  lowside_init                   
00000c9b  lowside_writeOutput            
00000615  main                           
2000035c  main_func_sp                   
20000200  matrixbuffer                   
00000cf1  memcpy                         
00000e15  memset                         
20000348  pBuffer                        
00000b51  rightPressed                   
20000346  row                            
0000047d  spi_init                       
20000354  timer_data                     
2000030c  timer_debounce                 
20000340  timer_display                  
000004f9  timer_init                     
00000d8d  timer_tick                     
000010ac  timers                         
000004dd  writeSPI                       
20000358  x                              
2000035a  y                              


GLOBAL SYMBOLS: SORTED BY Symbol Address 

address   name                           
-------   ----                           
00000000  __TI_static_base__             
00000000  g_pfnVectors                   
00000200  __STACK_SIZE                   
00000291  GPIOA_Handler                  
000002df  gpio_enable                    
00000303  gpio_direction                 
00000321  gpio_digitalEnable             
0000033f  gpio_setPullups                
0000035d  gpio_alternateFunctions        
0000037b  _enableNVIC                    
000003df  gpio_enableInterrupt           
0000047d  spi_init                       
000004dd  writeSPI                       
000004f9  timer_init                     
0000054d  TIMER0A_Handler                
00000561  hal_init                       
0000056d  hal_process                    
00000615  main                           
0000087d  display_drawPixel              
000008b7  display_clear                  
000008f9  display_process                
00000a05  highside_init                  
00000ab1  highside_setOutput             
00000b1d  downPressed                    
00000b37  leftPressed                    
00000b51  rightPressed                   
00000b6b  buttonPressed                  
00000b85  centerPressed                  
00000b9f  _callback                      
00000bbb  control_init                   
00000c1d  lowside_init                   
00000c9b  lowside_writeOutput            
00000cf1  __aeabi_memcpy                 
00000cf1  __aeabi_memcpy4                
00000cf1  __aeabi_memcpy8                
00000cf1  memcpy                         
00000d8d  timer_tick                     
00000e0d  __aeabi_memclr                 
00000e0d  __aeabi_memclr4                
00000e0d  __aeabi_memclr8                
00000e0f  __aeabi_memset                 
00000e0f  __aeabi_memset4                
00000e0f  __aeabi_memset8                
00000e15  memset                         
00000e87  __mpu_init                     
00000e89  __TI_auto_init                 
00000ef9  __TI_decompress_lzss           
00000f61  _c_int00                       
00000fb5  C$$EXIT                        
00000fb9  abort                          
00000fc1  exit                           
00001009  copy_in                        
00001055  _args_main                     
0000106d  _register_unlock               
00001073  _register_lock                 
0000107b  _nop                           
00001081  __TI_decompress_none           
0000108f  __TI_zero_init                 
0000109b  ResetISR                       
000010a7  _system_pre_init               
000010ab  _system_post_cinit             
000010ac  timers                         
000010e4  __TI_Handler_Table_Base        
000010f0  __TI_Handler_Table_Limit       
000010f8  __TI_CINIT_Base                
00001108  __TI_CINIT_Limit               
20000000  __stack                        
20000200  __STACK_END                    
20000200  __STACK_TOP                    
20000200  matrixbuffer                   
20000300  hsDriver                       
20000308  ctrlPort                       
2000030c  timer_debounce                 
20000310  colBytes                       
20000313  data                           
20000334  __TI_cleanup_ptr               
20000338  __TI_dtors_ptr                 
2000033c  __TI_enable_exit_profile_output
20000340  timer_display                  
20000344  actRow                         
20000346  row                            
20000348  pBuffer                        
2000034c  _lock                          
20000350  _unlock                        
20000354  timer_data                     
20000358  x                              
2000035a  y                              
2000035c  main_func_sp                   
20000360  inputFlags                     
ffffffff  __TI_pprof_out_hndl            
ffffffff  __TI_prof_data_size            
ffffffff  __TI_prof_data_start           
ffffffff  __binit__                      
ffffffff  __c_args__                     
ffffffff  binit                          
UNDEFED   SHT$$INIT_ARRAY$$Base          
UNDEFED   SHT$$INIT_ARRAY$$Limit         

[97 symbols]
