******************************************************************************
                  TI ARM Linker Unix v16.9.1                   
******************************************************************************
>> Linked Wed Feb  1 20:16:35 2017

OUTPUT FILE NAME:   <rgb_matrix.out>
ENTRY POINT SYMBOL: "_c_int00"  address: 00001015


MEMORY CONFIGURATION

         name            origin    length      used     unused   attr    fill
----------------------  --------  ---------  --------  --------  ----  --------
  FLASH                 00000000   00040000  000011b0  0003ee50  R  X
  SRAM                  20000000   00008000  00000360  00007ca0  RW X


SEGMENT ALLOCATION MAP

run origin  load origin   length   init length attrs members
----------  ----------- ---------- ----------- ----- -------
00000000    00000000    000011b0   000011b0    r-x
  00000000    00000000    0000026c   0000026c    r-- .intvecs
  0000026c    0000026c    00000ef4   00000ef4    r-x .text
  00001160    00001160    00000010   00000010    r-- .const
  00001170    00001170    00000040   00000040    r-- .cinit
20000000    20000000    00000361   00000000    rw-
  20000000    20000000    00000200   00000000    rw- .stack
  20000200    20000200    00000117   00000000    rw- .bss
  20000318    20000318    00000049   00000000    rw- .data


SECTION ALLOCATION MAP

 output                                  attributes/
section   page    origin      length       input sections
--------  ----  ----------  ----------   ----------------
.intvecs   0    00000000    0000026c     
                  00000000    0000026c     tm4c123gh6pm_startup_ccs.obj (.intvecs)

.text      0    0000026c    00000ef4     
                  0000026c    000003a8     hal.obj (.text)
                  00000614    0000023c     main.obj (.text)
                  00000850    0000020c     display.obj (.text)
                  00000a5c    00000144     control.obj (.text)
                  00000ba0    00000130     highside.obj (.text)
                  00000cd0    000000d4     lowside.obj (.text)
                  00000da4    0000009c     rtsv7M4_T_le_v4SPD16_eabi.lib : memcpy_t2.obj (.text)
                  00000e40    00000080     timer.obj (.text)
                  00000ec0    0000007a     rtsv7M4_T_le_v4SPD16_eabi.lib : memset_t2.obj (.text)
                  00000f3a    00000002                                   : mpu_init.obj (.text)
                  00000f3c    00000070                                   : autoinit.obj (.text)
                  00000fac    00000068                                   : copy_decompress_lzss.obj (.text:decompress:lzss)
                  00001014    00000054                                   : boot.obj (.text)
                  00001068    00000054                                   : exit.obj (.text)
                  000010bc    0000004c                                   : cpy_tbl.obj (.text)
                  00001108    00000018                                   : args_main.obj (.text)
                  00001120    00000014                                   : _lock.obj (.text)
                  00001134    0000000e                                   : copy_decompress_none.obj (.text:decompress:none)
                  00001142    0000000c                                   : copy_zero_init.obj (.text:decompress:ZI)
                  0000114e    0000000c     tm4c123gh6pm_startup_ccs.obj (.text)
                  0000115a    00000004     rtsv7M4_T_le_v4SPD16_eabi.lib : pre_init.obj (.text)
                  0000115e    00000002                                   : startup.obj (.text)

.const     0    00001160    00000010     
                  00001160    00000010     main.obj (.const:timers)

.cinit     0    00001170    00000040     
                  00001170    00000017     (.cinit..data.load) [load image, compression = lzss]
                  00001187    00000001     --HOLE-- [fill = 0]
                  00001188    0000000c     (__TI_handler_table)
                  00001194    00000004     --HOLE-- [fill = 0]
                  00001198    00000008     (.cinit..bss.load) [load image, compression = zero_init]
                  000011a0    00000010     (__TI_cinit_table)

.init_array 
*          0    00000000    00000000     UNINITIALIZED

.bss       0    20000200    00000117     UNINITIALIZED
                  20000200    00000100     (.common:matrixbuffer)
                  20000300    00000008     (.common:hsDriver)
                  20000308    00000004     (.common:ctrlPort)
                  2000030c    00000004     (.common:timer_debounce)
                  20000310    00000004     (.common:timer_display)
                  20000314    00000003     (.common:colBytes)

.data      0    20000318    00000049     UNINITIALIZED
                  20000318    00000020     hal.obj (.data:PORTA_callbacks)
                  20000338    0000000c     rtsv7M4_T_le_v4SPD16_eabi.lib : exit.obj (.data:$O1$$)
                  20000344    00000008                                   : _lock.obj (.data:$O1$$)
                  2000034c    00000008     main.obj (.data)
                  20000354    00000005     display.obj (.data)
                  20000359    00000003     control.obj (.data)
                  2000035c    00000004     rtsv7M4_T_le_v4SPD16_eabi.lib : stkdepth_vars.obj (.data)
                  20000360    00000001     hal.obj (.data)

.stack     0    20000000    00000200     UNINITIALIZED
                  20000000    00000200     --HOLE--

MODULE SUMMARY

       Module                         code   ro data   rw data
       ------                         ----   -------   -------
    ./
       display.obj                    524    0         268    
       tm4c123gh6pm_startup_ccs.obj   12     620       0      
       main.obj                       572    16        8      
       control.obj                    324    0         7      
       highside.obj                   304    0         8      
       lowside.obj                    212    0         4      
       timer.obj                      128    0         0      
    +--+------------------------------+------+---------+---------+
       Total:                         2076   636       295    
                                                              
    ./hal/
       hal.obj                        936    0         33     
    +--+------------------------------+------+---------+---------+
       Total:                         936    0         33     
                                                              
    /home/patrick/ti/ccsv6/tools/compiler/ti-cgt-arm_16.9.1.LTS/lib/rtsv7M4_T_le_v4SPD16_eabi.lib
       memcpy_t2.obj                  156    0         0      
       memset_t2.obj                  122    0         0      
       autoinit.obj                   112    0         0      
       copy_decompress_lzss.obj       104    0         0      
       exit.obj                       84     0         12     
       boot.obj                       84     0         0      
       cpy_tbl.obj                    76     0         0      
       _lock.obj                      20     0         8      
       args_main.obj                  24     0         0      
       copy_decompress_none.obj       14     0         0      
       copy_zero_init.obj             12     0         0      
       pre_init.obj                   4      0         0      
       stkdepth_vars.obj              0      0         4      
       mpu_init.obj                   2      0         0      
       startup.obj                    2      0         0      
    +--+------------------------------+------+---------+---------+
       Total:                         816    0         24     
                                                              
       Stack:                         0      0         512    
       Linker Generated:              0      59        0      
    +--+------------------------------+------+---------+---------+
       Grand Total:                   3828   695       864    


LINKER GENERATED COPY TABLES

__TI_cinit_table @ 000011a0 records: 2, size/record: 8, table size: 16
	.data: load addr=00001170, load size=00000017 bytes, run addr=20000318, run size=00000049 bytes, compression=lzss
	.bss: load addr=00001198, load size=00000008 bytes, run addr=20000200, run size=00000117 bytes, compression=zero_init


LINKER GENERATED HANDLER TABLE

__TI_handler_table @ 00001188 records: 3, size/record: 4, table size: 12
	index: 0, handler: __TI_decompress_lzss
	index: 1, handler: __TI_decompress_none
	index: 2, handler: __TI_zero_init


GLOBAL SYMBOLS: SORTED ALPHABETICALLY BY Name 

address   name                           
-------   ----                           
00001069  C$$EXIT                        
00000291  GPIOA_Handler                  
0000114f  ResetISR                       
UNDEFED   SHT$$INIT_ARRAY$$Base          
UNDEFED   SHT$$INIT_ARRAY$$Limit         
0000054d  TIMER0A_Handler                
20000200  __STACK_END                    
00000200  __STACK_SIZE                   
20000200  __STACK_TOP                    
000011a0  __TI_CINIT_Base                
000011b0  __TI_CINIT_Limit               
00001188  __TI_Handler_Table_Base        
00001194  __TI_Handler_Table_Limit       
00000f3d  __TI_auto_init                 
20000338  __TI_cleanup_ptr               
00000fad  __TI_decompress_lzss           
00001135  __TI_decompress_none           
2000033c  __TI_dtors_ptr                 
20000340  __TI_enable_exit_profile_output
ffffffff  __TI_pprof_out_hndl            
ffffffff  __TI_prof_data_size            
ffffffff  __TI_prof_data_start           
00000000  __TI_static_base__             
00001143  __TI_zero_init                 
00000ec1  __aeabi_memclr                 
00000ec1  __aeabi_memclr4                
00000ec1  __aeabi_memclr8                
00000da5  __aeabi_memcpy                 
00000da5  __aeabi_memcpy4                
00000da5  __aeabi_memcpy8                
00000ec3  __aeabi_memset                 
00000ec3  __aeabi_memset4                
00000ec3  __aeabi_memset8                
ffffffff  __binit__                      
ffffffff  __c_args__                     
00000f3b  __mpu_init                     
20000000  __stack                        
00001109  _args_main                     
00001015  _c_int00                       
00000adf  _callback                      
0000037b  _enableNVIC                    
20000344  _lock                          
0000112f  _nop                           
00001127  _register_lock                 
00001121  _register_unlock               
0000115f  _system_post_cinit             
0000115b  _system_pre_init               
20000348  _unlock                        
0000106d  abort                          
20000354  actRow                         
20000357  backindex                      
ffffffff  binit                          
00000aab  buttonPressed                  
00000ac5  centerPressed                  
20000314  colBytes                       
00000b31  control_init                   
00000b0d  control_process                
000010bd  copy_in                        
20000308  ctrlPort                       
2000035b  debounce                       
2000035a  debounceFlags                  
0000089f  display_clear                  
00000851  display_drawPixel              
000008f1  display_process                
000008e9  display_refresh                
00000a5d  downPressed                    
00001075  exit                           
00000000  g_pfnVectors                   
0000035d  gpio_alternateFunctions        
00000321  gpio_digitalEnable             
00000303  gpio_direction                 
000002df  gpio_enable                    
000003df  gpio_enableInterrupt           
0000033f  gpio_setPullups                
00000561  hal_init                       
0000056d  hal_process                    
00000ca9  highside_clearOutput           
00000ba1  highside_init                  
00000c4d  highside_setOutput             
20000300  hsDriver                       
20000359  inputFlags                     
00000a77  leftPressed                    
00000cd1  lowside_init                   
00000d4f  lowside_writeOutput            
00000615  main                           
2000035c  main_func_sp                   
20000200  matrixbuffer                   
00000da5  memcpy                         
00000ec9  memset                         
00000a91  rightPressed                   
20000356  row                            
0000047d  spi_init                       
20000358  swapBuffer                     
2000034c  timer_data                     
2000030c  timer_debounce                 
20000310  timer_display                  
000004f9  timer_init                     
00000e41  timer_tick                     
00001160  timers                         
000004dd  writeSPI                       
20000350  x                              
20000352  y                              


GLOBAL SYMBOLS: SORTED BY Symbol Address 

address   name                           
-------   ----                           
00000000  __TI_static_base__             
00000000  g_pfnVectors                   
00000200  __STACK_SIZE                   
00000291  GPIOA_Handler                  
000002df  gpio_enable                    
00000303  gpio_direction                 
00000321  gpio_digitalEnable             
0000033f  gpio_setPullups                
0000035d  gpio_alternateFunctions        
0000037b  _enableNVIC                    
000003df  gpio_enableInterrupt           
0000047d  spi_init                       
000004dd  writeSPI                       
000004f9  timer_init                     
0000054d  TIMER0A_Handler                
00000561  hal_init                       
0000056d  hal_process                    
00000615  main                           
00000851  display_drawPixel              
0000089f  display_clear                  
000008e9  display_refresh                
000008f1  display_process                
00000a5d  downPressed                    
00000a77  leftPressed                    
00000a91  rightPressed                   
00000aab  buttonPressed                  
00000ac5  centerPressed                  
00000adf  _callback                      
00000b0d  control_process                
00000b31  control_init                   
00000ba1  highside_init                  
00000c4d  highside_setOutput             
00000ca9  highside_clearOutput           
00000cd1  lowside_init                   
00000d4f  lowside_writeOutput            
00000da5  __aeabi_memcpy                 
00000da5  __aeabi_memcpy4                
00000da5  __aeabi_memcpy8                
00000da5  memcpy                         
00000e41  timer_tick                     
00000ec1  __aeabi_memclr                 
00000ec1  __aeabi_memclr4                
00000ec1  __aeabi_memclr8                
00000ec3  __aeabi_memset                 
00000ec3  __aeabi_memset4                
00000ec3  __aeabi_memset8                
00000ec9  memset                         
00000f3b  __mpu_init                     
00000f3d  __TI_auto_init                 
00000fad  __TI_decompress_lzss           
00001015  _c_int00                       
00001069  C$$EXIT                        
0000106d  abort                          
00001075  exit                           
000010bd  copy_in                        
00001109  _args_main                     
00001121  _register_unlock               
00001127  _register_lock                 
0000112f  _nop                           
00001135  __TI_decompress_none           
00001143  __TI_zero_init                 
0000114f  ResetISR                       
0000115b  _system_pre_init               
0000115f  _system_post_cinit             
00001160  timers                         
00001188  __TI_Handler_Table_Base        
00001194  __TI_Handler_Table_Limit       
000011a0  __TI_CINIT_Base                
000011b0  __TI_CINIT_Limit               
20000000  __stack                        
20000200  __STACK_END                    
20000200  __STACK_TOP                    
20000200  matrixbuffer                   
20000300  hsDriver                       
20000308  ctrlPort                       
2000030c  timer_debounce                 
20000310  timer_display                  
20000314  colBytes                       
20000338  __TI_cleanup_ptr               
2000033c  __TI_dtors_ptr                 
20000340  __TI_enable_exit_profile_output
20000344  _lock                          
20000348  _unlock                        
2000034c  timer_data                     
20000350  x                              
20000352  y                              
20000354  actRow                         
20000356  row                            
20000357  backindex                      
20000358  swapBuffer                     
20000359  inputFlags                     
2000035a  debounceFlags                  
2000035b  debounce                       
2000035c  main_func_sp                   
ffffffff  __TI_pprof_out_hndl            
ffffffff  __TI_prof_data_size            
ffffffff  __TI_prof_data_start           
ffffffff  __binit__                      
ffffffff  __c_args__                     
ffffffff  binit                          
UNDEFED   SHT$$INIT_ARRAY$$Base          
UNDEFED   SHT$$INIT_ARRAY$$Limit         

[102 symbols]
