******************************************************************************
                  TI ARM Linker Unix v16.9.1                   
******************************************************************************
>> Linked Sat Feb  4 02:39:36 2017

OUTPUT FILE NAME:   <rgb_matrix.out>
ENTRY POINT SYMBOL: "_c_int00"  address: 00001665


MEMORY CONFIGURATION

         name            origin    length      used     unused   attr    fill
----------------------  --------  ---------  --------  --------  ----  --------
  FLASH                 00000000   00040000  00001932  0003e6ce  R  X
  SRAM                  20000000   00008000  000006df  00007921  RW X


SEGMENT ALLOCATION MAP

run origin  load origin   length   init length attrs members
----------  ----------- ---------- ----------- ----- -------
00000000    00000000    00001938   00001938    r-x
  00000000    00000000    0000026c   0000026c    r-- .intvecs
  0000026c    0000026c    00001602   00001602    r-x .text
  00001870    00001870    00000014   00000014    r-- .const
  00001888    00001888    000000b0   000000b0    r-- .cinit
20000000    20000000    000006e0   00000000    rw-
  20000000    20000000    000002d3   00000000    rw- .bss
  200002d4    200002d4    0000020c   00000000    rw- .data
  200004e0    200004e0    00000200   00000000    rw- .stack


SECTION ALLOCATION MAP

 output                                  attributes/
section   page    origin      length       input sections
--------  ----  ----------  ----------   ----------------
.intvecs   0    00000000    0000026c     
                  00000000    0000026c     tm4c123gh6pm_startup_ccs.obj (.intvecs)

.text      0    0000026c    00001602     
                  0000026c    0000050c     game.obj (.text)
                  00000778    000003a8     hal.obj (.text)
                  00000b20    00000324     rtsv7M4_T_le_v4SPD16_eabi.lib : trgdrv.obj (.text)
                  00000e44    00000200     display.obj (.text)
                  00001044    00000144     control.obj (.text)
                  00001188    00000130     highside.obj (.text)
                  000012b8    000000d4     lowside.obj (.text)
                  0000138c    0000009c     rtsv7M4_T_le_v4SPD16_eabi.lib : memcpy_t2.obj (.text)
                  00001428    00000080     timer.obj (.text)
                  000014a8    0000007a     rtsv7M4_T_le_v4SPD16_eabi.lib : memset_t2.obj (.text)
                  00001522    00000002                                   : mpu_init.obj (.text)
                  00001524    00000070                                   : autoinit.obj (.text)
                  00001594    00000068                                   : copy_decompress_lzss.obj (.text:decompress:lzss)
                  000015fc    00000068                                   : trgmsg.obj (.text)
                  00001664    00000054                                   : boot.obj (.text)
                  000016b8    00000054                                   : exit.obj (.text)
                  0000170c    0000004c                                   : cpy_tbl.obj (.text)
                  00001758    0000004c                                   : rand.obj (.text)
                  000017a4    0000003c     main.obj (.text)
                  000017e0    00000018     rtsv7M4_T_le_v4SPD16_eabi.lib : args_main.obj (.text)
                  000017f8    00000014                                   : _lock.obj (.text)
                  0000180c    00000014                                   : strcpy.obj (.text)
                  00001820    00000014                                   : strlen.obj (.text)
                  00001834    0000000e                                   : copy_decompress_none.obj (.text:decompress:none)
                  00001842    0000000e                                   : time.obj (.text)
                  00001850    0000000c                                   : copy_zero_init.obj (.text:decompress:ZI)
                  0000185c    0000000c     tm4c123gh6pm_startup_ccs.obj (.text)
                  00001868    00000004     rtsv7M4_T_le_v4SPD16_eabi.lib : pre_init.obj (.text)
                  0000186c    00000002                                   : startup.obj (.text)

.const     0    00001870    00000014     
                  00001870    00000014     main.obj (.const:timers)

.cinit     0    00001888    000000b0     
                  00001888    00000089     (.cinit..data.load) [load image, compression = lzss]
                  00001911    00000003     --HOLE-- [fill = 0]
                  00001914    0000000c     (__TI_handler_table)
                  00001920    00000008     (.cinit..bss.load) [load image, compression = zero_init]
                  00001928    00000010     (__TI_cinit_table)

.init_array 
*          0    00000000    00000000     UNINITIALIZED

.bss       0    20000000    000002d3     UNINITIALIZED
                  20000000    00000120     rtsv7M4_T_le_v4SPD16_eabi.lib : trgmsg.obj (.bss:_CIOBUF_)
                  20000120    00000100     (.common:matrixbuffer)
                  20000220    00000080     (.common:plane)
                  200002a0    00000008                                   : trgdrv.obj (.bss:parmbuf)
                  200002a8    00000008     (.common:fallingPiece)
                  200002b0    00000008     (.common:hsDriver)
                  200002b8    00000004     (.common:ctrlPort)
                  200002bc    00000004     (.common:fallingTime_ms)
                  200002c0    00000004     (.common:timer_debounce)
                  200002c4    00000004     (.common:timer_display)
                  200002c8    00000004     (.common:timer_falling)
                  200002cc    00000004     (.common:timer_fps)
                  200002d0    00000003     (.common:colBytes)

.data      0    200002d4    0000020c     UNINITIALIZED
                  200002d4    000001c0     game.obj (.data:pieces)
                  20000494    00000020     hal.obj (.data:PORTA_callbacks)
                  200004b4    0000000c     rtsv7M4_T_le_v4SPD16_eabi.lib : exit.obj (.data:$O1$$)
                  200004c0    0000000b     display.obj (.data)
                  200004cb    00000001     game.obj (.data)
                  200004cc    00000008     rtsv7M4_T_le_v4SPD16_eabi.lib : _lock.obj (.data:$O1$$)
                  200004d4    00000004                                   : rand.obj (.data)
                  200004d8    00000004                                   : stkdepth_vars.obj (.data)
                  200004dc    00000003     control.obj (.data)
                  200004df    00000001     hal.obj (.data)

.stack     0    200004e0    00000200     UNINITIALIZED
                  200004e0    00000200     --HOLE--

MODULE SUMMARY

       Module                         code   ro data   rw data
       ------                         ----   -------   -------
    ./
       tm4c123gh6pm_startup_ccs.obj   12     620       0      
       main.obj                       60     20        0      
    +--+------------------------------+------+---------+---------+
       Total:                         72     640       0      
                                                              
    ./app/
       game.obj                       1292   0         597    
    +--+------------------------------+------+---------+---------+
       Total:                         1292   0         597    
                                                              
    ./hal/
       hal.obj                        936    0         33     
    +--+------------------------------+------+---------+---------+
       Total:                         936    0         33     
                                                              
    ./modules/
       display.obj                    512    0         274    
       control.obj                    324    0         7      
       highside.obj                   304    0         8      
       lowside.obj                    212    0         4      
       timer.obj                      128    0         0      
    +--+------------------------------+------+---------+---------+
       Total:                         1480   0         293    
                                                              
    /home/patrick/ti/ccsv6/tools/compiler/ti-cgt-arm_16.9.1.LTS/lib/rtsv7M4_T_le_v4SPD16_eabi.lib
       trgdrv.obj                     804    0         8      
       trgmsg.obj                     104    0         288    
       memcpy_t2.obj                  156    0         0      
       memset_t2.obj                  122    0         0      
       autoinit.obj                   112    0         0      
       copy_decompress_lzss.obj       104    0         0      
       exit.obj                       84     0         12     
       boot.obj                       84     0         0      
       rand.obj                       76     0         4      
       cpy_tbl.obj                    76     0         0      
       _lock.obj                      20     0         8      
       args_main.obj                  24     0         0      
       strcpy.obj                     20     0         0      
       strlen.obj                     20     0         0      
       copy_decompress_none.obj       14     0         0      
       time.obj                       14     0         0      
       copy_zero_init.obj             12     0         0      
       pre_init.obj                   4      0         0      
       stkdepth_vars.obj              0      0         4      
       mpu_init.obj                   2      0         0      
       startup.obj                    2      0         0      
    +--+------------------------------+------+---------+---------+
       Total:                         1854   0         324    
                                                              
       Stack:                         0      0         512    
       Linker Generated:              0      173       0      
    +--+------------------------------+------+---------+---------+
       Grand Total:                   5634   813       1759   


LINKER GENERATED COPY TABLES

__TI_cinit_table @ 00001928 records: 2, size/record: 8, table size: 16
	.data: load addr=00001888, load size=00000089 bytes, run addr=200002d4, run size=0000020c bytes, compression=lzss
	.bss: load addr=00001920, load size=00000008 bytes, run addr=20000000, run size=000002d3 bytes, compression=zero_init


LINKER GENERATED HANDLER TABLE

__TI_handler_table @ 00001914 records: 3, size/record: 4, table size: 12
	index: 0, handler: __TI_decompress_lzss
	index: 1, handler: __TI_decompress_none
	index: 2, handler: __TI_zero_init


GLOBAL SYMBOLS: SORTED ALPHABETICALLY BY Name 

address   name                           
-------   ----                           
000016b9  C$$EXIT                        
0000162b  C$$IO$$                        
0000079d  GPIOA_Handler                  
00000dfb  HOSTclock                      
00000dc3  HOSTclose                      
00000d85  HOSTgetenv                     
00000d29  HOSTlseek                      
00000cd7  HOSTopen                       
00000c8b  HOSTread                       
00000c2d  HOSTrename                     
00000bf3  HOSTtime                       
00000ba5  HOSTtime64                     
00000b6d  HOSTunlink                     
00000b21  HOSTwrite                      
0000185d  ResetISR                       
UNDEFED   SHT$$INIT_ARRAY$$Base          
UNDEFED   SHT$$INIT_ARRAY$$Limit         
00000a59  TIMER0A_Handler                
20000000  __CIOBUF_                      
200006e0  __STACK_END                    
00000200  __STACK_SIZE                   
200006e0  __STACK_TOP                    
00001928  __TI_CINIT_Base                
00001938  __TI_CINIT_Limit               
00001914  __TI_Handler_Table_Base        
00001920  __TI_Handler_Table_Limit       
00001525  __TI_auto_init                 
200004b4  __TI_cleanup_ptr               
00001595  __TI_decompress_lzss           
00001835  __TI_decompress_none           
200004b8  __TI_dtors_ptr                 
200004bc  __TI_enable_exit_profile_output
ffffffff  __TI_pprof_out_hndl            
ffffffff  __TI_prof_data_size            
ffffffff  __TI_prof_data_start           
0000162f  __TI_readmsg                   
00000000  __TI_static_base__             
000015fd  __TI_writemsg                  
00001851  __TI_zero_init                 
000014a9  __aeabi_memclr                 
000014a9  __aeabi_memclr4                
000014a9  __aeabi_memclr8                
0000138d  __aeabi_memcpy                 
0000138d  __aeabi_memcpy4                
0000138d  __aeabi_memcpy8                
000014ab  __aeabi_memset                 
000014ab  __aeabi_memset4                
000014ab  __aeabi_memset8                
ffffffff  __binit__                      
ffffffff  __c_args__                     
00001523  __mpu_init                     
200004e0  __stack                        
00001843  __time32                       
000017e1  _args_main                     
00001665  _c_int00                       
000010c7  _callback                      
00000887  _enableNVIC                    
200004cc  _lock                          
00001807  _nop                           
000017ff  _register_lock                 
000017f9  _register_unlock               
0000186d  _system_post_cinit             
00001869  _system_pre_init               
200004d0  _unlock                        
000016bd  abort                          
200004c0  actRow                         
200004c8  backindex                      
ffffffff  binit                          
00001093  buttonPressed                  
000010ad  centerPressed                  
200002d0  colBytes                       
00001119  control_init                   
000010f5  control_process                
200004ca  copy                           
0000170d  copy_in                        
200002b8  ctrlPort                       
200004de  debounce                       
200004dd  debounceFlags                  
00001015  display_backbuffer             
00000eb1  display_clear                  
00000e45  display_drawPixel              
00000e99  display_drawPlane              
00000ee1  display_process                
00000ec7  display_refresh                
00001045  downPressed                    
000016c5  exit                           
200002a8  fallingPiece                   
200002bc  fallingTime_ms                 
00000000  g_pfnVectors                   
000005b5  game_init                      
000005eb  game_process                   
000005d1  game_restart                   
200004cb  game_start                     
00000869  gpio_alternateFunctions        
0000082d  gpio_digitalEnable             
0000080f  gpio_direction                 
000007eb  gpio_enable                    
000008eb  gpio_enableInterrupt           
0000084b  gpio_setPullups                
00000a6d  hal_init                       
00000a79  hal_process                    
00001291  highside_clearOutput           
00001189  highside_init                  
00001235  highside_setOutput             
200002b0  hsDriver                       
200004dc  inputFlags                     
0000105f  leftPressed                    
000012b9  lowside_init                   
00001337  lowside_writeOutput            
000017a5  main                           
200004d8  main_func_sp                   
20000120  matrixbuffer                   
0000138d  memcpy                         
000014b1  memset                         
200004c4  pBuffer                        
200002d4  pieces                         
20000220  plane                          
0000176f  rand                           
00001079  rightPressed                   
200004c2  row                            
00000989  spi_init                       
00001759  srand                          
0000180d  strcpy                         
00001821  strlen                         
200004c9  swapBuffer                     
00001843  time                           
200002c0  timer_debounce                 
200002c4  timer_display                  
200002c8  timer_falling                  
200002cc  timer_fps                      
00000a05  timer_init                     
00001429  timer_tick                     
00001870  timers                         
000009e9  writeSPI                       


GLOBAL SYMBOLS: SORTED BY Symbol Address 

address   name                           
-------   ----                           
00000000  __TI_static_base__             
00000000  g_pfnVectors                   
00000200  __STACK_SIZE                   
000005b5  game_init                      
000005d1  game_restart                   
000005eb  game_process                   
0000079d  GPIOA_Handler                  
000007eb  gpio_enable                    
0000080f  gpio_direction                 
0000082d  gpio_digitalEnable             
0000084b  gpio_setPullups                
00000869  gpio_alternateFunctions        
00000887  _enableNVIC                    
000008eb  gpio_enableInterrupt           
00000989  spi_init                       
000009e9  writeSPI                       
00000a05  timer_init                     
00000a59  TIMER0A_Handler                
00000a6d  hal_init                       
00000a79  hal_process                    
00000b21  HOSTwrite                      
00000b6d  HOSTunlink                     
00000ba5  HOSTtime64                     
00000bf3  HOSTtime                       
00000c2d  HOSTrename                     
00000c8b  HOSTread                       
00000cd7  HOSTopen                       
00000d29  HOSTlseek                      
00000d85  HOSTgetenv                     
00000dc3  HOSTclose                      
00000dfb  HOSTclock                      
00000e45  display_drawPixel              
00000e99  display_drawPlane              
00000eb1  display_clear                  
00000ec7  display_refresh                
00000ee1  display_process                
00001015  display_backbuffer             
00001045  downPressed                    
0000105f  leftPressed                    
00001079  rightPressed                   
00001093  buttonPressed                  
000010ad  centerPressed                  
000010c7  _callback                      
000010f5  control_process                
00001119  control_init                   
00001189  highside_init                  
00001235  highside_setOutput             
00001291  highside_clearOutput           
000012b9  lowside_init                   
00001337  lowside_writeOutput            
0000138d  __aeabi_memcpy                 
0000138d  __aeabi_memcpy4                
0000138d  __aeabi_memcpy8                
0000138d  memcpy                         
00001429  timer_tick                     
000014a9  __aeabi_memclr                 
000014a9  __aeabi_memclr4                
000014a9  __aeabi_memclr8                
000014ab  __aeabi_memset                 
000014ab  __aeabi_memset4                
000014ab  __aeabi_memset8                
000014b1  memset                         
00001523  __mpu_init                     
00001525  __TI_auto_init                 
00001595  __TI_decompress_lzss           
000015fd  __TI_writemsg                  
0000162b  C$$IO$$                        
0000162f  __TI_readmsg                   
00001665  _c_int00                       
000016b9  C$$EXIT                        
000016bd  abort                          
000016c5  exit                           
0000170d  copy_in                        
00001759  srand                          
0000176f  rand                           
000017a5  main                           
000017e1  _args_main                     
000017f9  _register_unlock               
000017ff  _register_lock                 
00001807  _nop                           
0000180d  strcpy                         
00001821  strlen                         
00001835  __TI_decompress_none           
00001843  __time32                       
00001843  time                           
00001851  __TI_zero_init                 
0000185d  ResetISR                       
00001869  _system_pre_init               
0000186d  _system_post_cinit             
00001870  timers                         
00001914  __TI_Handler_Table_Base        
00001920  __TI_Handler_Table_Limit       
00001928  __TI_CINIT_Base                
00001938  __TI_CINIT_Limit               
20000000  __CIOBUF_                      
20000120  matrixbuffer                   
20000220  plane                          
200002a8  fallingPiece                   
200002b0  hsDriver                       
200002b8  ctrlPort                       
200002bc  fallingTime_ms                 
200002c0  timer_debounce                 
200002c4  timer_display                  
200002c8  timer_falling                  
200002cc  timer_fps                      
200002d0  colBytes                       
200002d4  pieces                         
200004b4  __TI_cleanup_ptr               
200004b8  __TI_dtors_ptr                 
200004bc  __TI_enable_exit_profile_output
200004c0  actRow                         
200004c2  row                            
200004c4  pBuffer                        
200004c8  backindex                      
200004c9  swapBuffer                     
200004ca  copy                           
200004cb  game_start                     
200004cc  _lock                          
200004d0  _unlock                        
200004d8  main_func_sp                   
200004dc  inputFlags                     
200004dd  debounceFlags                  
200004de  debounce                       
200004e0  __stack                        
200006e0  __STACK_END                    
200006e0  __STACK_TOP                    
ffffffff  __TI_pprof_out_hndl            
ffffffff  __TI_prof_data_size            
ffffffff  __TI_prof_data_start           
ffffffff  __binit__                      
ffffffff  __c_args__                     
ffffffff  binit                          
UNDEFED   SHT$$INIT_ARRAY$$Base          
UNDEFED   SHT$$INIT_ARRAY$$Limit         

[134 symbols]
