******************************************************************************
                  TI ARM Linker Unix v16.9.1                   
******************************************************************************
>> Linked Tue Jan 31 02:18:43 2017

OUTPUT FILE NAME:   <rgb_matrix.out>
ENTRY POINT SYMBOL: "_c_int00"  address: 00000c49


MEMORY CONFIGURATION

         name            origin    length      used     unused   attr    fill
----------------------  --------  ---------  --------  --------  ----  --------
  FLASH                 00000000   00040000  00000de0  0003f220  R  X
  SRAM                  20000000   00008000  00000247  00007db9  RW X


SEGMENT ALLOCATION MAP

run origin  load origin   length   init length attrs members
----------  ----------- ---------- ----------- ----- -------
00000000    00000000    00000de0   00000de0    r-x
  00000000    00000000    0000026c   0000026c    r-- .intvecs
  0000026c    0000026c    00000b28   00000b28    r-x .text
  00000d94    00000d94    0000000c   0000000c    r-- .const
  00000da0    00000da0    00000040   00000040    r-- .cinit
20000000    20000000    00000247   00000000    rw-
  20000000    20000000    00000200   00000000    rw- .stack
  20000200    20000200    00000046   00000000    rw- .data
  20000246    20000246    00000001   00000000    rw- .bss


SECTION ALLOCATION MAP

 output                                  attributes/
section   page    origin      length       input sections
--------  ----  ----------  ----------   ----------------
.intvecs   0    00000000    0000026c     
                  00000000    0000026c     tm4c123gh6pm_startup_ccs.obj (.intvecs)

.text      0    0000026c    00000b28     
                  0000026c    00000398     hal.obj (.text)
                  00000604    000002d4     main.obj (.text)
                  000008d8    00000100     control.obj (.text)
                  000009d8    0000009c     rtsv7M4_T_le_v4SPD16_eabi.lib : memcpy_t2.obj (.text)
                  00000a74    00000080     timer.obj (.text)
                  00000af4    0000007a     rtsv7M4_T_le_v4SPD16_eabi.lib : memset_t2.obj (.text)
                  00000b6e    00000002                                   : mpu_init.obj (.text)
                  00000b70    00000070                                   : autoinit.obj (.text)
                  00000be0    00000068                                   : copy_decompress_lzss.obj (.text:decompress:lzss)
                  00000c48    00000054                                   : boot.obj (.text)
                  00000c9c    00000054                                   : exit.obj (.text)
                  00000cf0    0000004c                                   : cpy_tbl.obj (.text)
                  00000d3c    00000018                                   : args_main.obj (.text)
                  00000d54    00000014                                   : _lock.obj (.text)
                  00000d68    0000000e                                   : copy_decompress_none.obj (.text:decompress:none)
                  00000d76    0000000c                                   : copy_zero_init.obj (.text:decompress:ZI)
                  00000d82    0000000c     tm4c123gh6pm_startup_ccs.obj (.text)
                  00000d8e    00000004     rtsv7M4_T_le_v4SPD16_eabi.lib : pre_init.obj (.text)
                  00000d92    00000002                                   : startup.obj (.text)

.const     0    00000d94    0000000c     
                  00000d94    0000000c     main.obj (.const:timers)

.cinit     0    00000da0    00000040     
                  00000da0    0000001c     (.cinit..data.load) [load image, compression = lzss]
                  00000dbc    0000000c     (__TI_handler_table)
                  00000dc8    00000008     (.cinit..bss.load) [load image, compression = zero_init]
                  00000dd0    00000010     (__TI_cinit_table)

.init_array 
*          0    00000000    00000000     UNINITIALIZED

.data      0    20000200    00000046     UNINITIALIZED
                  20000200    00000020     hal.obj (.data:PORTA_callbacks)
                  20000220    0000000c     rtsv7M4_T_le_v4SPD16_eabi.lib : exit.obj (.data:$O1$$)
                  2000022c    0000000c     main.obj (.data)
                  20000238    00000008     rtsv7M4_T_le_v4SPD16_eabi.lib : _lock.obj (.data:$O1$$)
                  20000240    00000004                                   : stkdepth_vars.obj (.data)
                  20000244    00000001     control.obj (.data)
                  20000245    00000001     hal.obj (.data)

.bss       0    20000246    00000001     UNINITIALIZED
                  20000246    00000001     (.common:data)

.stack     0    20000000    00000200     UNINITIALIZED
                  20000000    00000200     --HOLE--

MODULE SUMMARY

       Module                         code   ro data   rw data
       ------                         ----   -------   -------
    ./
       main.obj                       724    12        13     
       tm4c123gh6pm_startup_ccs.obj   12     620       0      
       control.obj                    256    0         1      
       timer.obj                      128    0         0      
    +--+------------------------------+------+---------+---------+
       Total:                         1120   632       14     
                                                              
    ./hal/
       hal.obj                        920    0         33     
    +--+------------------------------+------+---------+---------+
       Total:                         920    0         33     
                                                              
    /home/patrick/ti/ccsv6/tools/compiler/ti-cgt-arm_16.9.1.LTS/lib/rtsv7M4_T_le_v4SPD16_eabi.lib
       memcpy_t2.obj                  156    0         0      
       memset_t2.obj                  122    0         0      
       autoinit.obj                   112    0         0      
       copy_decompress_lzss.obj       104    0         0      
       exit.obj                       84     0         12     
       boot.obj                       84     0         0      
       cpy_tbl.obj                    76     0         0      
       _lock.obj                      20     0         8      
       args_main.obj                  24     0         0      
       copy_decompress_none.obj       14     0         0      
       copy_zero_init.obj             12     0         0      
       pre_init.obj                   4      0         0      
       stkdepth_vars.obj              0      0         4      
       mpu_init.obj                   2      0         0      
       startup.obj                    2      0         0      
    +--+------------------------------+------+---------+---------+
       Total:                         816    0         24     
                                                              
       Stack:                         0      0         512    
       Linker Generated:              0      64        0      
    +--+------------------------------+------+---------+---------+
       Grand Total:                   2856   696       583    


LINKER GENERATED COPY TABLES

__TI_cinit_table @ 00000dd0 records: 2, size/record: 8, table size: 16
	.data: load addr=00000da0, load size=0000001c bytes, run addr=20000200, run size=00000046 bytes, compression=lzss
	.bss: load addr=00000dc8, load size=00000008 bytes, run addr=20000246, run size=00000001 bytes, compression=zero_init


LINKER GENERATED HANDLER TABLE

__TI_handler_table @ 00000dbc records: 3, size/record: 4, table size: 12
	index: 0, handler: __TI_decompress_lzss
	index: 1, handler: __TI_decompress_none
	index: 2, handler: __TI_zero_init


GLOBAL SYMBOLS: SORTED ALPHABETICALLY BY Name 

address   name                           
-------   ----                           
00000c9d  C$$EXIT                        
00000291  GPIOA_Handler                  
00000d83  ResetISR                       
UNDEFED   SHT$$INIT_ARRAY$$Base          
UNDEFED   SHT$$INIT_ARRAY$$Limit         
00000539  TIMER0A_Handler                
20000200  __STACK_END                    
00000200  __STACK_SIZE                   
20000200  __STACK_TOP                    
00000dd0  __TI_CINIT_Base                
00000de0  __TI_CINIT_Limit               
00000dbc  __TI_Handler_Table_Base        
00000dc8  __TI_Handler_Table_Limit       
00000b71  __TI_auto_init                 
20000220  __TI_cleanup_ptr               
00000be1  __TI_decompress_lzss           
00000d69  __TI_decompress_none           
20000224  __TI_dtors_ptr                 
20000228  __TI_enable_exit_profile_output
ffffffff  __TI_pprof_out_hndl            
ffffffff  __TI_prof_data_size            
ffffffff  __TI_prof_data_start           
00000000  __TI_static_base__             
00000d77  __TI_zero_init                 
00000af5  __aeabi_memclr                 
00000af5  __aeabi_memclr4                
00000af5  __aeabi_memclr8                
000009d9  __aeabi_memcpy                 
000009d9  __aeabi_memcpy4                
000009d9  __aeabi_memcpy8                
00000af7  __aeabi_memset                 
00000af7  __aeabi_memset4                
00000af7  __aeabi_memset8                
ffffffff  __binit__                      
ffffffff  __c_args__                     
00000b6f  __mpu_init                     
20000000  __stack                        
00000d3d  _args_main                     
00000c49  _c_int00                       
0000095b  _callback                      
0000037b  _enableNVIC                    
20000238  _lock                          
00000d63  _nop                           
00000d5b  _register_lock                 
00000d55  _register_unlock               
00000d93  _system_post_cinit             
00000d8f  _system_pre_init               
2000023c  _unlock                        
00000ca1  abort                          
ffffffff  binit                          
00000927  buttonPressed                  
00000941  centerPressed                  
00000621  clk_1                          
00000637  clk_2                          
0000064d  clr_1                          
00000663  clr_2                          
00000977  control_init                   
00000cf1  copy_in                        
20000246  data                           
000008d9  downPressed                    
00000ca9  exit                           
2000022c  flags                          
00000000  g_pfnVectors                   
0000035d  gpio_alternateFunctions        
00000321  gpio_digitalEnable             
00000303  gpio_direction                 
000002df  gpio_enable                    
000003df  gpio_enableInterrupt           
0000033f  gpio_setPullups                
0000054d  hal_init                       
00000559  hal_process                    
20000244  inputFlags                     
000008f3  leftPressed                    
000006cf  main                           
20000240  main_func_sp                   
000009d9  memcpy                         
00000afd  memset                         
0000090d  rightPressed                   
0000047d  spi_init                       
20000234  timer_data                     
20000230  timer_display                  
000004e5  timer_init                     
00000a75  timer_tick                     
00000d94  timers                         
00000849  wait                           
0000086d  wait2                          
00000679  write                          
00000605  writeSPI                       


GLOBAL SYMBOLS: SORTED BY Symbol Address 

address   name                           
-------   ----                           
00000000  __TI_static_base__             
00000000  g_pfnVectors                   
00000200  __STACK_SIZE                   
00000291  GPIOA_Handler                  
000002df  gpio_enable                    
00000303  gpio_direction                 
00000321  gpio_digitalEnable             
0000033f  gpio_setPullups                
0000035d  gpio_alternateFunctions        
0000037b  _enableNVIC                    
000003df  gpio_enableInterrupt           
0000047d  spi_init                       
000004e5  timer_init                     
00000539  TIMER0A_Handler                
0000054d  hal_init                       
00000559  hal_process                    
00000605  writeSPI                       
00000621  clk_1                          
00000637  clk_2                          
0000064d  clr_1                          
00000663  clr_2                          
00000679  write                          
000006cf  main                           
00000849  wait                           
0000086d  wait2                          
000008d9  downPressed                    
000008f3  leftPressed                    
0000090d  rightPressed                   
00000927  buttonPressed                  
00000941  centerPressed                  
0000095b  _callback                      
00000977  control_init                   
000009d9  __aeabi_memcpy                 
000009d9  __aeabi_memcpy4                
000009d9  __aeabi_memcpy8                
000009d9  memcpy                         
00000a75  timer_tick                     
00000af5  __aeabi_memclr                 
00000af5  __aeabi_memclr4                
00000af5  __aeabi_memclr8                
00000af7  __aeabi_memset                 
00000af7  __aeabi_memset4                
00000af7  __aeabi_memset8                
00000afd  memset                         
00000b6f  __mpu_init                     
00000b71  __TI_auto_init                 
00000be1  __TI_decompress_lzss           
00000c49  _c_int00                       
00000c9d  C$$EXIT                        
00000ca1  abort                          
00000ca9  exit                           
00000cf1  copy_in                        
00000d3d  _args_main                     
00000d55  _register_unlock               
00000d5b  _register_lock                 
00000d63  _nop                           
00000d69  __TI_decompress_none           
00000d77  __TI_zero_init                 
00000d83  ResetISR                       
00000d8f  _system_pre_init               
00000d93  _system_post_cinit             
00000d94  timers                         
00000dbc  __TI_Handler_Table_Base        
00000dc8  __TI_Handler_Table_Limit       
00000dd0  __TI_CINIT_Base                
00000de0  __TI_CINIT_Limit               
20000000  __stack                        
20000200  __STACK_END                    
20000200  __STACK_TOP                    
20000220  __TI_cleanup_ptr               
20000224  __TI_dtors_ptr                 
20000228  __TI_enable_exit_profile_output
2000022c  flags                          
20000230  timer_display                  
20000234  timer_data                     
20000238  _lock                          
2000023c  _unlock                        
20000240  main_func_sp                   
20000244  inputFlags                     
20000246  data                           
ffffffff  __TI_pprof_out_hndl            
ffffffff  __TI_prof_data_size            
ffffffff  __TI_prof_data_start           
ffffffff  __binit__                      
ffffffff  __c_args__                     
ffffffff  binit                          
UNDEFED   SHT$$INIT_ARRAY$$Base          
UNDEFED   SHT$$INIT_ARRAY$$Limit         

[88 symbols]
