******************************************************************************
                  TI ARM Linker Unix v16.9.1                   
******************************************************************************
>> Linked Tue Jan 31 21:39:51 2017

OUTPUT FILE NAME:   <rgb_matrix.out>
ENTRY POINT SYMBOL: "_c_int00"  address: 00000c85


MEMORY CONFIGURATION

         name            origin    length      used     unused   attr    fill
----------------------  --------  ---------  --------  --------  ----  --------
  FLASH                 00000000   00040000  00000e1c  0003f1e4  R  X
  SRAM                  20000000   00008000  0000024f  00007db1  RW X


SEGMENT ALLOCATION MAP

run origin  load origin   length   init length attrs members
----------  ----------- ---------- ----------- ----- -------
00000000    00000000    00000e20   00000e20    r-x
  00000000    00000000    0000026c   0000026c    r-- .intvecs
  0000026c    0000026c    00000b64   00000b64    r-x .text
  00000dd0    00000dd0    0000000c   0000000c    r-- .const
  00000de0    00000de0    00000040   00000040    r-- .cinit
20000000    20000000    00000251   00000000    rw-
  20000000    20000000    00000200   00000000    rw- .stack
  20000200    20000200    00000042   00000000    rw- .data
  20000244    20000244    0000000d   00000000    rw- .bss


SECTION ALLOCATION MAP

 output                                  attributes/
section   page    origin      length       input sections
--------  ----  ----------  ----------   ----------------
.intvecs   0    00000000    0000026c     
                  00000000    0000026c     tm4c123gh6pm_startup_ccs.obj (.intvecs)

.text      0    0000026c    00000b64     
                  0000026c    000003a8     hal.obj (.text)
                  00000614    00000118     highside.obj (.text)
                  0000072c    00000114     main.obj (.text)
                  00000840    00000100     control.obj (.text)
                  00000940    000000d4     lowside.obj (.text)
                  00000a14    0000009c     rtsv7M4_T_le_v4SPD16_eabi.lib : memcpy_t2.obj (.text)
                  00000ab0    00000080     timer.obj (.text)
                  00000b30    0000007a     rtsv7M4_T_le_v4SPD16_eabi.lib : memset_t2.obj (.text)
                  00000baa    00000002                                   : mpu_init.obj (.text)
                  00000bac    00000070                                   : autoinit.obj (.text)
                  00000c1c    00000068                                   : copy_decompress_lzss.obj (.text:decompress:lzss)
                  00000c84    00000054                                   : boot.obj (.text)
                  00000cd8    00000054                                   : exit.obj (.text)
                  00000d2c    0000004c                                   : cpy_tbl.obj (.text)
                  00000d78    00000018                                   : args_main.obj (.text)
                  00000d90    00000014                                   : _lock.obj (.text)
                  00000da4    0000000e                                   : copy_decompress_none.obj (.text:decompress:none)
                  00000db2    0000000c                                   : copy_zero_init.obj (.text:decompress:ZI)
                  00000dbe    0000000c     tm4c123gh6pm_startup_ccs.obj (.text)
                  00000dca    00000004     rtsv7M4_T_le_v4SPD16_eabi.lib : pre_init.obj (.text)
                  00000dce    00000002                                   : startup.obj (.text)

.const     0    00000dd0    0000000c     
                  00000dd0    0000000c     main.obj (.const:timers)

.cinit     0    00000de0    00000040     
                  00000de0    00000019     (.cinit..data.load) [load image, compression = lzss]
                  00000df9    00000003     --HOLE-- [fill = 0]
                  00000dfc    0000000c     (__TI_handler_table)
                  00000e08    00000008     (.cinit..bss.load) [load image, compression = zero_init]
                  00000e10    00000010     (__TI_cinit_table)

.init_array 
*          0    00000000    00000000     UNINITIALIZED

.data      0    20000200    00000042     UNINITIALIZED
                  20000200    00000020     hal.obj (.data:PORTA_callbacks)
                  20000220    0000000c     rtsv7M4_T_le_v4SPD16_eabi.lib : exit.obj (.data:$O1$$)
                  2000022c    00000008                                   : _lock.obj (.data:$O1$$)
                  20000234    00000008     main.obj (.data)
                  2000023c    00000004     rtsv7M4_T_le_v4SPD16_eabi.lib : stkdepth_vars.obj (.data)
                  20000240    00000001     control.obj (.data)
                  20000241    00000001     hal.obj (.data)

.bss       0    20000244    0000000d     UNINITIALIZED
                  20000244    00000008     (.common:hsDriver)
                  2000024c    00000004     (.common:ctrlPort)
                  20000250    00000001     (.common:data)

.stack     0    20000000    00000200     UNINITIALIZED
                  20000000    00000200     --HOLE--

MODULE SUMMARY

       Module                         code   ro data   rw data
       ------                         ----   -------   -------
    ./
       tm4c123gh6pm_startup_ccs.obj   12     620       0      
       main.obj                       276    12        9      
       highside.obj                   280    0         8      
       control.obj                    256    0         1      
       lowside.obj                    212    0         4      
       timer.obj                      128    0         0      
    +--+------------------------------+------+---------+---------+
       Total:                         1164   632       22     
                                                              
    ./hal/
       hal.obj                        936    0         33     
    +--+------------------------------+------+---------+---------+
       Total:                         936    0         33     
                                                              
    /home/patrick/ti/ccsv6/tools/compiler/ti-cgt-arm_16.9.1.LTS/lib/rtsv7M4_T_le_v4SPD16_eabi.lib
       memcpy_t2.obj                  156    0         0      
       memset_t2.obj                  122    0         0      
       autoinit.obj                   112    0         0      
       copy_decompress_lzss.obj       104    0         0      
       exit.obj                       84     0         12     
       boot.obj                       84     0         0      
       cpy_tbl.obj                    76     0         0      
       _lock.obj                      20     0         8      
       args_main.obj                  24     0         0      
       copy_decompress_none.obj       14     0         0      
       copy_zero_init.obj             12     0         0      
       pre_init.obj                   4      0         0      
       stkdepth_vars.obj              0      0         4      
       mpu_init.obj                   2      0         0      
       startup.obj                    2      0         0      
    +--+------------------------------+------+---------+---------+
       Total:                         816    0         24     
                                                              
       Stack:                         0      0         512    
       Linker Generated:              0      61        0      
    +--+------------------------------+------+---------+---------+
       Grand Total:                   2916   693       591    


LINKER GENERATED COPY TABLES

__TI_cinit_table @ 00000e10 records: 2, size/record: 8, table size: 16
	.data: load addr=00000de0, load size=00000019 bytes, run addr=20000200, run size=00000042 bytes, compression=lzss
	.bss: load addr=00000e08, load size=00000008 bytes, run addr=20000244, run size=0000000d bytes, compression=zero_init


LINKER GENERATED HANDLER TABLE

__TI_handler_table @ 00000dfc records: 3, size/record: 4, table size: 12
	index: 0, handler: __TI_decompress_lzss
	index: 1, handler: __TI_decompress_none
	index: 2, handler: __TI_zero_init


GLOBAL SYMBOLS: SORTED ALPHABETICALLY BY Name 

address   name                           
-------   ----                           
00000cd9  C$$EXIT                        
00000291  GPIOA_Handler                  
00000dbf  ResetISR                       
UNDEFED   SHT$$INIT_ARRAY$$Base          
UNDEFED   SHT$$INIT_ARRAY$$Limit         
0000054d  TIMER0A_Handler                
20000200  __STACK_END                    
00000200  __STACK_SIZE                   
20000200  __STACK_TOP                    
00000e10  __TI_CINIT_Base                
00000e20  __TI_CINIT_Limit               
00000dfc  __TI_Handler_Table_Base        
00000e08  __TI_Handler_Table_Limit       
00000bad  __TI_auto_init                 
20000220  __TI_cleanup_ptr               
00000c1d  __TI_decompress_lzss           
00000da5  __TI_decompress_none           
20000224  __TI_dtors_ptr                 
20000228  __TI_enable_exit_profile_output
ffffffff  __TI_pprof_out_hndl            
ffffffff  __TI_prof_data_size            
ffffffff  __TI_prof_data_start           
00000000  __TI_static_base__             
00000db3  __TI_zero_init                 
00000b31  __aeabi_memclr                 
00000b31  __aeabi_memclr4                
00000b31  __aeabi_memclr8                
00000a15  __aeabi_memcpy                 
00000a15  __aeabi_memcpy4                
00000a15  __aeabi_memcpy8                
00000b33  __aeabi_memset                 
00000b33  __aeabi_memset4                
00000b33  __aeabi_memset8                
ffffffff  __binit__                      
ffffffff  __c_args__                     
00000bab  __mpu_init                     
20000000  __stack                        
00000d79  _args_main                     
00000c85  _c_int00                       
000008c3  _callback                      
0000037b  _enableNVIC                    
2000022c  _lock                          
00000d9f  _nop                           
00000d97  _register_lock                 
00000d91  _register_unlock               
00000dcf  _system_post_cinit             
00000dcb  _system_pre_init               
20000230  _unlock                        
00000cdd  abort                          
ffffffff  binit                          
0000088f  buttonPressed                  
000008a9  centerPressed                  
000008df  control_init                   
00000d2d  copy_in                        
2000024c  ctrlPort                       
20000250  data                           
00000841  downPressed                    
00000ce5  exit                           
00000000  g_pfnVectors                   
0000035d  gpio_alternateFunctions        
00000321  gpio_digitalEnable             
00000303  gpio_direction                 
000002df  gpio_enable                    
000003df  gpio_enableInterrupt           
0000033f  gpio_setPullups                
00000561  hal_init                       
0000056d  hal_process                    
00000615  highside_init                  
000006c1  highside_setOutput             
20000244  hsDriver                       
20000240  inputFlags                     
0000085b  leftPressed                    
00000941  lowside_init                   
000009bf  lowside_writeOutput            
0000072d  main                           
2000023c  main_func_sp                   
00000a15  memcpy                         
00000b39  memset                         
00000875  rightPressed                   
0000047d  spi_init                       
20000238  timer_data                     
20000234  timer_display                  
000004f9  timer_init                     
00000ab1  timer_tick                     
00000dd0  timers                         
000004dd  writeSPI                       


GLOBAL SYMBOLS: SORTED BY Symbol Address 

address   name                           
-------   ----                           
00000000  __TI_static_base__             
00000000  g_pfnVectors                   
00000200  __STACK_SIZE                   
00000291  GPIOA_Handler                  
000002df  gpio_enable                    
00000303  gpio_direction                 
00000321  gpio_digitalEnable             
0000033f  gpio_setPullups                
0000035d  gpio_alternateFunctions        
0000037b  _enableNVIC                    
000003df  gpio_enableInterrupt           
0000047d  spi_init                       
000004dd  writeSPI                       
000004f9  timer_init                     
0000054d  TIMER0A_Handler                
00000561  hal_init                       
0000056d  hal_process                    
00000615  highside_init                  
000006c1  highside_setOutput             
0000072d  main                           
00000841  downPressed                    
0000085b  leftPressed                    
00000875  rightPressed                   
0000088f  buttonPressed                  
000008a9  centerPressed                  
000008c3  _callback                      
000008df  control_init                   
00000941  lowside_init                   
000009bf  lowside_writeOutput            
00000a15  __aeabi_memcpy                 
00000a15  __aeabi_memcpy4                
00000a15  __aeabi_memcpy8                
00000a15  memcpy                         
00000ab1  timer_tick                     
00000b31  __aeabi_memclr                 
00000b31  __aeabi_memclr4                
00000b31  __aeabi_memclr8                
00000b33  __aeabi_memset                 
00000b33  __aeabi_memset4                
00000b33  __aeabi_memset8                
00000b39  memset                         
00000bab  __mpu_init                     
00000bad  __TI_auto_init                 
00000c1d  __TI_decompress_lzss           
00000c85  _c_int00                       
00000cd9  C$$EXIT                        
00000cdd  abort                          
00000ce5  exit                           
00000d2d  copy_in                        
00000d79  _args_main                     
00000d91  _register_unlock               
00000d97  _register_lock                 
00000d9f  _nop                           
00000da5  __TI_decompress_none           
00000db3  __TI_zero_init                 
00000dbf  ResetISR                       
00000dcb  _system_pre_init               
00000dcf  _system_post_cinit             
00000dd0  timers                         
00000dfc  __TI_Handler_Table_Base        
00000e08  __TI_Handler_Table_Limit       
00000e10  __TI_CINIT_Base                
00000e20  __TI_CINIT_Limit               
20000000  __stack                        
20000200  __STACK_END                    
20000200  __STACK_TOP                    
20000220  __TI_cleanup_ptr               
20000224  __TI_dtors_ptr                 
20000228  __TI_enable_exit_profile_output
2000022c  _lock                          
20000230  _unlock                        
20000234  timer_display                  
20000238  timer_data                     
2000023c  main_func_sp                   
20000240  inputFlags                     
20000244  hsDriver                       
2000024c  ctrlPort                       
20000250  data                           
ffffffff  __TI_pprof_out_hndl            
ffffffff  __TI_prof_data_size            
ffffffff  __TI_prof_data_start           
ffffffff  __binit__                      
ffffffff  __c_args__                     
ffffffff  binit                          
UNDEFED   SHT$$INIT_ARRAY$$Base          
UNDEFED   SHT$$INIT_ARRAY$$Limit         

[86 symbols]
