<?xml version="1.0"?>
<link_info>
   <banner>TI ARM Linker Unix v16.9.1.LTS</banner>
   <copyright>Copyright (c) 1996-2015 Texas Instruments Incorporated</copyright>
   <link_time>0x588fe5f3</link_time>
   <link_errors>0x0</link_errors>
   <output_file>rgb_matrix.out</output_file>
   <entry_point>
      <name>_c_int00</name>
      <address>0xc49</address>
   </entry_point>
   <input_file_list>
      <input_file id="fl-2">
         <path>./</path>
         <kind>object</kind>
         <file>control.obj</file>
         <name>control.obj</name>
      </input_file>
      <input_file id="fl-3">
         <path>./</path>
         <kind>object</kind>
         <file>main.obj</file>
         <name>main.obj</name>
      </input_file>
      <input_file id="fl-4">
         <path>./</path>
         <kind>object</kind>
         <file>timer.obj</file>
         <name>timer.obj</name>
      </input_file>
      <input_file id="fl-5">
         <path>./</path>
         <kind>object</kind>
         <file>tm4c123gh6pm_startup_ccs.obj</file>
         <name>tm4c123gh6pm_startup_ccs.obj</name>
      </input_file>
      <input_file id="fl-6">
         <path>./hal/</path>
         <kind>object</kind>
         <file>hal.obj</file>
         <name>hal.obj</name>
      </input_file>
      <input_file id="fl-7">
         <path>./hal/hal_tiva/cmsis/Source/</path>
         <kind>object</kind>
         <file>system_FM4F.obj</file>
         <name>system_FM4F.obj</name>
      </input_file>
      <input_file id="fl-c1">
         <path>/home/patrick/ti/ccsv6/tools/compiler/ti-cgt-arm_16.9.1.LTS/lib/</path>
         <kind>archive</kind>
         <file>rtsv7M4_T_le_v4SPD16_eabi.lib</file>
         <name>boot.obj</name>
      </input_file>
      <input_file id="fl-c2">
         <path>/home/patrick/ti/ccsv6/tools/compiler/ti-cgt-arm_16.9.1.LTS/lib/</path>
         <kind>archive</kind>
         <file>rtsv7M4_T_le_v4SPD16_eabi.lib</file>
         <name>copy_decompress_lzss.obj</name>
      </input_file>
      <input_file id="fl-c3">
         <path>/home/patrick/ti/ccsv6/tools/compiler/ti-cgt-arm_16.9.1.LTS/lib/</path>
         <kind>archive</kind>
         <file>rtsv7M4_T_le_v4SPD16_eabi.lib</file>
         <name>copy_decompress_none.obj</name>
      </input_file>
      <input_file id="fl-c4">
         <path>/home/patrick/ti/ccsv6/tools/compiler/ti-cgt-arm_16.9.1.LTS/lib/</path>
         <kind>archive</kind>
         <file>rtsv7M4_T_le_v4SPD16_eabi.lib</file>
         <name>copy_zero_init.obj</name>
      </input_file>
      <input_file id="fl-c5">
         <path>/home/patrick/ti/ccsv6/tools/compiler/ti-cgt-arm_16.9.1.LTS/lib/</path>
         <kind>archive</kind>
         <file>rtsv7M4_T_le_v4SPD16_eabi.lib</file>
         <name>exit.obj</name>
      </input_file>
      <input_file id="fl-c6">
         <path>/home/patrick/ti/ccsv6/tools/compiler/ti-cgt-arm_16.9.1.LTS/lib/</path>
         <kind>archive</kind>
         <file>rtsv7M4_T_le_v4SPD16_eabi.lib</file>
         <name>memcpy_t2.obj</name>
      </input_file>
      <input_file id="fl-c7">
         <path>/home/patrick/ti/ccsv6/tools/compiler/ti-cgt-arm_16.9.1.LTS/lib/</path>
         <kind>archive</kind>
         <file>rtsv7M4_T_le_v4SPD16_eabi.lib</file>
         <name>memset_t2.obj</name>
      </input_file>
      <input_file id="fl-c8">
         <path>/home/patrick/ti/ccsv6/tools/compiler/ti-cgt-arm_16.9.1.LTS/lib/</path>
         <kind>archive</kind>
         <file>rtsv7M4_T_le_v4SPD16_eabi.lib</file>
         <name>mpu_init.obj</name>
      </input_file>
      <input_file id="fl-c9">
         <path>/home/patrick/ti/ccsv6/tools/compiler/ti-cgt-arm_16.9.1.LTS/lib/</path>
         <kind>archive</kind>
         <file>rtsv7M4_T_le_v4SPD16_eabi.lib</file>
         <name>pre_init.obj</name>
      </input_file>
      <input_file id="fl-ca">
         <path>/home/patrick/ti/ccsv6/tools/compiler/ti-cgt-arm_16.9.1.LTS/lib/</path>
         <kind>archive</kind>
         <file>rtsv7M4_T_le_v4SPD16_eabi.lib</file>
         <name>stkdepth_vars.obj</name>
      </input_file>
      <input_file id="fl-cb">
         <path>/home/patrick/ti/ccsv6/tools/compiler/ti-cgt-arm_16.9.1.LTS/lib/</path>
         <kind>archive</kind>
         <file>rtsv7M4_T_le_v4SPD16_eabi.lib</file>
         <name>_lock.obj</name>
      </input_file>
      <input_file id="fl-cc">
         <path>/home/patrick/ti/ccsv6/tools/compiler/ti-cgt-arm_16.9.1.LTS/lib/</path>
         <kind>archive</kind>
         <file>rtsv7M4_T_le_v4SPD16_eabi.lib</file>
         <name>args_main.obj</name>
      </input_file>
      <input_file id="fl-cd">
         <path>/home/patrick/ti/ccsv6/tools/compiler/ti-cgt-arm_16.9.1.LTS/lib/</path>
         <kind>archive</kind>
         <file>rtsv7M4_T_le_v4SPD16_eabi.lib</file>
         <name>autoinit.obj</name>
      </input_file>
      <input_file id="fl-ce">
         <path>/home/patrick/ti/ccsv6/tools/compiler/ti-cgt-arm_16.9.1.LTS/lib/</path>
         <kind>archive</kind>
         <file>rtsv7M4_T_le_v4SPD16_eabi.lib</file>
         <name>cpy_tbl.obj</name>
      </input_file>
      <input_file id="fl-cf">
         <path>/home/patrick/ti/ccsv6/tools/compiler/ti-cgt-arm_16.9.1.LTS/lib/</path>
         <kind>archive</kind>
         <file>rtsv7M4_T_le_v4SPD16_eabi.lib</file>
         <name>startup.obj</name>
      </input_file>
   </input_file_list>
   <object_component_list>
      <object_component id="oc-f">
         <name>.intvecs</name>
         <load_address>0x0</load_address>
         <run_address>0x0</run_address>
         <size>0x26c</size>
         <input_file_ref idref="fl-5"/>
      </object_component>
      <object_component id="oc-31">
         <name>.text</name>
         <load_address>0x26c</load_address>
         <run_address>0x26c</run_address>
         <size>0x398</size>
         <input_file_ref idref="fl-6"/>
      </object_component>
      <object_component id="oc-c8">
         <name>.text</name>
         <load_address>0x604</load_address>
         <run_address>0x604</run_address>
         <size>0x2d4</size>
         <input_file_ref idref="fl-3"/>
      </object_component>
      <object_component id="oc-106">
         <name>.text</name>
         <load_address>0x8d8</load_address>
         <run_address>0x8d8</run_address>
         <size>0x100</size>
         <input_file_ref idref="fl-2"/>
      </object_component>
      <object_component id="oc-45">
         <name>.text</name>
         <load_address>0x9d8</load_address>
         <run_address>0x9d8</run_address>
         <size>0x9c</size>
         <input_file_ref idref="fl-c6"/>
      </object_component>
      <object_component id="oc-80">
         <name>.text</name>
         <load_address>0xa74</load_address>
         <run_address>0xa74</run_address>
         <size>0x80</size>
         <input_file_ref idref="fl-4"/>
      </object_component>
      <object_component id="oc-51">
         <name>.text</name>
         <load_address>0xaf4</load_address>
         <run_address>0xaf4</run_address>
         <size>0x7a</size>
         <input_file_ref idref="fl-c7"/>
      </object_component>
      <object_component id="oc-5d">
         <name>.text</name>
         <load_address>0xb6e</load_address>
         <run_address>0xb6e</run_address>
         <size>0x2</size>
         <input_file_ref idref="fl-c8"/>
      </object_component>
      <object_component id="oc-69">
         <name>.text</name>
         <load_address>0xb70</load_address>
         <run_address>0xb70</run_address>
         <size>0x70</size>
         <input_file_ref idref="fl-cd"/>
      </object_component>
      <object_component id="oc-12">
         <name>.text:decompress:lzss</name>
         <load_address>0xbe0</load_address>
         <run_address>0xbe0</run_address>
         <size>0x68</size>
         <input_file_ref idref="fl-c2"/>
      </object_component>
      <object_component id="oc-24">
         <name>.text</name>
         <load_address>0xc48</load_address>
         <run_address>0xc48</run_address>
         <size>0x54</size>
         <input_file_ref idref="fl-c1"/>
      </object_component>
      <object_component id="oc-75">
         <name>.text</name>
         <load_address>0xc9c</load_address>
         <run_address>0xc9c</run_address>
         <size>0x54</size>
         <input_file_ref idref="fl-c5"/>
      </object_component>
      <object_component id="oc-ba">
         <name>.text</name>
         <load_address>0xcf0</load_address>
         <run_address>0xcf0</run_address>
         <size>0x4c</size>
         <input_file_ref idref="fl-ce"/>
      </object_component>
      <object_component id="oc-6f">
         <name>.text</name>
         <load_address>0xd3c</load_address>
         <run_address>0xd3c</run_address>
         <size>0x18</size>
         <input_file_ref idref="fl-cc"/>
      </object_component>
      <object_component id="oc-117">
         <name>.text</name>
         <load_address>0xd54</load_address>
         <run_address>0xd54</run_address>
         <size>0x14</size>
         <input_file_ref idref="fl-cb"/>
      </object_component>
      <object_component id="oc-18">
         <name>.text:decompress:none</name>
         <load_address>0xd68</load_address>
         <run_address>0xd68</run_address>
         <size>0xe</size>
         <input_file_ref idref="fl-c3"/>
      </object_component>
      <object_component id="oc-1e">
         <name>.text:decompress:ZI</name>
         <load_address>0xd76</load_address>
         <run_address>0xd76</run_address>
         <size>0xc</size>
         <input_file_ref idref="fl-c4"/>
      </object_component>
      <object_component id="oc-2b">
         <name>.text</name>
         <load_address>0xd82</load_address>
         <run_address>0xd82</run_address>
         <size>0xc</size>
         <input_file_ref idref="fl-5"/>
      </object_component>
      <object_component id="oc-63">
         <name>.text</name>
         <load_address>0xd8e</load_address>
         <run_address>0xd8e</run_address>
         <size>0x4</size>
         <input_file_ref idref="fl-c9"/>
      </object_component>
      <object_component id="oc-c0">
         <name>.text</name>
         <load_address>0xd92</load_address>
         <run_address>0xd92</run_address>
         <size>0x2</size>
         <input_file_ref idref="fl-cf"/>
      </object_component>
      <object_component id="oc-8c">
         <name>.const:timers</name>
         <load_address>0xd94</load_address>
         <run_address>0xd94</run_address>
         <size>0xc</size>
         <input_file_ref idref="fl-3"/>
      </object_component>
      <object_component id="oc-161">
         <name>.cinit..data.load</name>
         <load_address>0xda0</load_address>
         <run_address>0xda0</run_address>
         <size>0x1c</size>
      </object_component>
      <object_component id="oc-15f">
         <name>__TI_handler_table</name>
         <load_address>0xdbc</load_address>
         <run_address>0xdbc</run_address>
         <size>0xc</size>
      </object_component>
      <object_component id="oc-162">
         <name>.cinit..bss.load</name>
         <load_address>0xdc8</load_address>
         <run_address>0xdc8</run_address>
         <size>0x8</size>
      </object_component>
      <object_component id="oc-160">
         <name>__TI_cinit_table</name>
         <load_address>0xdd0</load_address>
         <run_address>0xdd0</run_address>
         <size>0x10</size>
      </object_component>
      <object_component id="oc-137">
         <name>.data</name>
         <load_address>0x20000244</load_address>
         <run_address>0x20000244</run_address>
         <size>0x1</size>
         <input_file_ref idref="fl-2"/>
      </object_component>
      <object_component id="oc-e1">
         <name>.data</name>
         <load_address>0x2000022c</load_address>
         <run_address>0x2000022c</run_address>
         <size>0xc</size>
         <input_file_ref idref="fl-3"/>
      </object_component>
      <object_component id="oc-86">
         <name>.data:PORTA_callbacks</name>
         <load_address>0x20000200</load_address>
         <run_address>0x20000200</run_address>
         <size>0x20</size>
         <input_file_ref idref="fl-6"/>
      </object_component>
      <object_component id="oc-89">
         <name>.data</name>
         <load_address>0x20000245</load_address>
         <run_address>0x20000245</run_address>
         <size>0x1</size>
         <input_file_ref idref="fl-6"/>
      </object_component>
      <object_component id="oc-d0">
         <name>.data:$O1$$</name>
         <load_address>0x20000220</load_address>
         <run_address>0x20000220</run_address>
         <size>0xc</size>
         <input_file_ref idref="fl-c5"/>
      </object_component>
      <object_component id="oc-7b">
         <name>.data</name>
         <load_address>0x20000240</load_address>
         <run_address>0x20000240</run_address>
         <size>0x4</size>
         <input_file_ref idref="fl-ca"/>
      </object_component>
      <object_component id="oc-d3">
         <name>.data:$O1$$</name>
         <load_address>0x20000238</load_address>
         <run_address>0x20000238</run_address>
         <size>0x8</size>
         <input_file_ref idref="fl-cb"/>
      </object_component>
      <object_component id="oc-10c">
         <name>.common:data</name>
         <uninitialized>true</uninitialized>
         <run_address>0x20000246</run_address>
         <size>0x1</size>
      </object_component>
      <object_component id="oc-2a">
         <name>.stack</name>
         <uninitialized>true</uninitialized>
         <run_address>0x20000000</run_address>
         <size>0x0</size>
         <input_file_ref idref="fl-c1"/>
      </object_component>
      <object_component id="oc-163">
         <name>.stack</name>
         <uninitialized>true</uninitialized>
         <run_address>0x20000000</run_address>
         <size>0x0</size>
      </object_component>
      <object_component id="oc-f4">
         <name>.debug_info</name>
         <load_address>0x0</load_address>
         <run_address>0x0</run_address>
         <size>0x5b6</size>
         <input_file_ref idref="fl-2"/>
      </object_component>
      <object_component id="oc-138">
         <name>.debug_info</name>
         <load_address>0x5b6</load_address>
         <run_address>0x5b6</run_address>
         <size>0xc9</size>
         <input_file_ref idref="fl-2"/>
      </object_component>
      <object_component id="oc-107">
         <name>.debug_info</name>
         <load_address>0x67f</load_address>
         <run_address>0x67f</run_address>
         <size>0x3ed</size>
         <input_file_ref idref="fl-2"/>
      </object_component>
      <object_component id="oc-9b">
         <name>.debug_info</name>
         <load_address>0xa6c</load_address>
         <run_address>0xa6c</run_address>
         <size>0x6571</size>
         <input_file_ref idref="fl-2"/>
      </object_component>
      <object_component id="oc-ea">
         <name>.debug_info</name>
         <load_address>0x6fdd</load_address>
         <run_address>0x6fdd</run_address>
         <size>0x1031</size>
         <input_file_ref idref="fl-2"/>
      </object_component>
      <object_component id="oc-40">
         <name>.debug_info</name>
         <load_address>0x800e</load_address>
         <run_address>0x800e</run_address>
         <size>0x84</size>
         <input_file_ref idref="fl-2"/>
      </object_component>
      <object_component id="oc-96">
         <name>.debug_info</name>
         <load_address>0x8092</load_address>
         <run_address>0x8092</run_address>
         <size>0x2c</size>
         <input_file_ref idref="fl-2"/>
      </object_component>
      <object_component id="oc-90">
         <name>.debug_info</name>
         <load_address>0x80be</load_address>
         <run_address>0x80be</run_address>
         <size>0x18b</size>
         <input_file_ref idref="fl-2"/>
      </object_component>
      <object_component id="oc-e6">
         <name>.debug_info</name>
         <load_address>0x8249</load_address>
         <run_address>0x8249</run_address>
         <size>0x5e6</size>
         <input_file_ref idref="fl-3"/>
      </object_component>
      <object_component id="oc-e2">
         <name>.debug_info</name>
         <load_address>0x882f</load_address>
         <run_address>0x882f</run_address>
         <size>0x10c</size>
         <input_file_ref idref="fl-3"/>
      </object_component>
      <object_component id="oc-8d">
         <name>.debug_info</name>
         <load_address>0x893b</load_address>
         <run_address>0x893b</run_address>
         <size>0xbe</size>
         <input_file_ref idref="fl-3"/>
      </object_component>
      <object_component id="oc-c9">
         <name>.debug_info</name>
         <load_address>0x89f9</load_address>
         <run_address>0x89f9</run_address>
         <size>0x4a9</size>
         <input_file_ref idref="fl-3"/>
      </object_component>
      <object_component id="oc-ef">
         <name>.debug_info</name>
         <load_address>0x8ea2</load_address>
         <run_address>0x8ea2</run_address>
         <size>0x39</size>
         <input_file_ref idref="fl-3"/>
      </object_component>
      <object_component id="oc-dc">
         <name>.debug_info</name>
         <load_address>0x8edb</load_address>
         <run_address>0x8edb</run_address>
         <size>0xbf</size>
         <input_file_ref idref="fl-4"/>
      </object_component>
      <object_component id="oc-81">
         <name>.debug_info</name>
         <load_address>0x8f9a</load_address>
         <run_address>0x8f9a</run_address>
         <size>0x179</size>
         <input_file_ref idref="fl-4"/>
      </object_component>
      <object_component id="oc-39">
         <name>.debug_info</name>
         <load_address>0x9113</load_address>
         <run_address>0x9113</run_address>
         <size>0x13b</size>
         <input_file_ref idref="fl-5"/>
      </object_component>
      <object_component id="oc-10">
         <name>.debug_info</name>
         <load_address>0x924e</load_address>
         <run_address>0x924e</run_address>
         <size>0xde</size>
         <input_file_ref idref="fl-5"/>
      </object_component>
      <object_component id="oc-2c">
         <name>.debug_info</name>
         <load_address>0x932c</load_address>
         <run_address>0x932c</run_address>
         <size>0x25a</size>
         <input_file_ref idref="fl-5"/>
      </object_component>
      <object_component id="oc-95">
         <name>.debug_info</name>
         <load_address>0x9586</load_address>
         <run_address>0x9586</run_address>
         <size>0x515</size>
         <input_file_ref idref="fl-6"/>
      </object_component>
      <object_component id="oc-87">
         <name>.debug_info</name>
         <load_address>0x9a9b</load_address>
         <run_address>0x9a9b</run_address>
         <size>0xd2</size>
         <input_file_ref idref="fl-6"/>
      </object_component>
      <object_component id="oc-8a">
         <name>.debug_info</name>
         <load_address>0x9b6d</load_address>
         <run_address>0x9b6d</run_address>
         <size>0xca</size>
         <input_file_ref idref="fl-6"/>
      </object_component>
      <object_component id="oc-32">
         <name>.debug_info</name>
         <load_address>0x9c37</load_address>
         <run_address>0x9c37</run_address>
         <size>0x8eb</size>
         <input_file_ref idref="fl-6"/>
      </object_component>
      <object_component id="oc-25">
         <name>.debug_info</name>
         <load_address>0xa522</load_address>
         <run_address>0xa522</run_address>
         <size>0x160</size>
         <input_file_ref idref="fl-c1"/>
      </object_component>
      <object_component id="oc-a7">
         <name>.debug_info</name>
         <load_address>0xa682</load_address>
         <run_address>0xa682</run_address>
         <size>0xf9</size>
         <input_file_ref idref="fl-c2"/>
      </object_component>
      <object_component id="oc-15">
         <name>.debug_info</name>
         <load_address>0xa77b</load_address>
         <run_address>0xa77b</run_address>
         <size>0x245</size>
         <input_file_ref idref="fl-c2"/>
      </object_component>
      <object_component id="oc-3b">
         <name>.debug_info</name>
         <load_address>0xa9c0</load_address>
         <run_address>0xa9c0</run_address>
         <size>0x60</size>
         <input_file_ref idref="fl-c2"/>
      </object_component>
      <object_component id="oc-a2">
         <name>.debug_info</name>
         <load_address>0xaa20</load_address>
         <run_address>0xaa20</run_address>
         <size>0x46</size>
         <input_file_ref idref="fl-c2"/>
      </object_component>
      <object_component id="oc-50">
         <name>.debug_info</name>
         <load_address>0xaa66</load_address>
         <run_address>0xaa66</run_address>
         <size>0x140</size>
         <input_file_ref idref="fl-c3"/>
      </object_component>
      <object_component id="oc-19">
         <name>.debug_info</name>
         <load_address>0xaba6</load_address>
         <run_address>0xaba6</run_address>
         <size>0x1df</size>
         <input_file_ref idref="fl-c3"/>
      </object_component>
      <object_component id="oc-4b">
         <name>.debug_info</name>
         <load_address>0xad85</load_address>
         <run_address>0xad85</run_address>
         <size>0x46</size>
         <input_file_ref idref="fl-c3"/>
      </object_component>
      <object_component id="oc-a9">
         <name>.debug_info</name>
         <load_address>0xadcb</load_address>
         <run_address>0xadcb</run_address>
         <size>0x2c</size>
         <input_file_ref idref="fl-c3"/>
      </object_component>
      <object_component id="oc-5c">
         <name>.debug_info</name>
         <load_address>0xadf7</load_address>
         <run_address>0xadf7</run_address>
         <size>0x12f</size>
         <input_file_ref idref="fl-c4"/>
      </object_component>
      <object_component id="oc-1f">
         <name>.debug_info</name>
         <load_address>0xaf26</load_address>
         <run_address>0xaf26</run_address>
         <size>0x1aa</size>
         <input_file_ref idref="fl-c4"/>
      </object_component>
      <object_component id="oc-57">
         <name>.debug_info</name>
         <load_address>0xb0d0</load_address>
         <run_address>0xb0d0</run_address>
         <size>0x46</size>
         <input_file_ref idref="fl-c4"/>
      </object_component>
      <object_component id="oc-b1">
         <name>.debug_info</name>
         <load_address>0xb116</load_address>
         <run_address>0xb116</run_address>
         <size>0x2c</size>
         <input_file_ref idref="fl-c4"/>
      </object_component>
      <object_component id="oc-d7">
         <name>.debug_info</name>
         <load_address>0xb142</load_address>
         <run_address>0xb142</run_address>
         <size>0x234</size>
         <input_file_ref idref="fl-c5"/>
      </object_component>
      <object_component id="oc-d1">
         <name>.debug_info</name>
         <load_address>0xb376</load_address>
         <run_address>0xb376</run_address>
         <size>0x185</size>
         <input_file_ref idref="fl-c5"/>
      </object_component>
      <object_component id="oc-76">
         <name>.debug_info</name>
         <load_address>0xb4fb</load_address>
         <run_address>0xb4fb</run_address>
         <size>0x214</size>
         <input_file_ref idref="fl-c5"/>
      </object_component>
      <object_component id="oc-46">
         <name>.debug_info</name>
         <load_address>0xb70f</load_address>
         <run_address>0xb70f</run_address>
         <size>0x111</size>
         <input_file_ref idref="fl-c6"/>
      </object_component>
      <object_component id="oc-52">
         <name>.debug_info</name>
         <load_address>0xb820</load_address>
         <run_address>0xb820</run_address>
         <size>0x13f</size>
         <input_file_ref idref="fl-c7"/>
      </object_component>
      <object_component id="oc-5e">
         <name>.debug_info</name>
         <load_address>0xb95f</load_address>
         <run_address>0xb95f</run_address>
         <size>0x138</size>
         <input_file_ref idref="fl-c8"/>
      </object_component>
      <object_component id="oc-64">
         <name>.debug_info</name>
         <load_address>0xba97</load_address>
         <run_address>0xba97</run_address>
         <size>0x148</size>
         <input_file_ref idref="fl-c9"/>
      </object_component>
      <object_component id="oc-7c">
         <name>.debug_info</name>
         <load_address>0xbbdf</load_address>
         <run_address>0xbbdf</run_address>
         <size>0x109</size>
         <input_file_ref idref="fl-ca"/>
      </object_component>
      <object_component id="oc-11f">
         <name>.debug_info</name>
         <load_address>0xbce8</load_address>
         <run_address>0xbce8</run_address>
         <size>0x124</size>
         <input_file_ref idref="fl-cb"/>
      </object_component>
      <object_component id="oc-d4">
         <name>.debug_info</name>
         <load_address>0xbe0c</load_address>
         <run_address>0xbe0c</run_address>
         <size>0x113</size>
         <input_file_ref idref="fl-cb"/>
      </object_component>
      <object_component id="oc-118">
         <name>.debug_info</name>
         <load_address>0xbf1f</load_address>
         <run_address>0xbf1f</run_address>
         <size>0x21f</size>
         <input_file_ref idref="fl-cb"/>
      </object_component>
      <object_component id="oc-cf">
         <name>.debug_info</name>
         <load_address>0xc13e</load_address>
         <run_address>0xc13e</run_address>
         <size>0x166</size>
         <input_file_ref idref="fl-cc"/>
      </object_component>
      <object_component id="oc-70">
         <name>.debug_info</name>
         <load_address>0xc2a4</load_address>
         <run_address>0xc2a4</run_address>
         <size>0x167</size>
         <input_file_ref idref="fl-cc"/>
      </object_component>
      <object_component id="oc-110">
         <name>.debug_info</name>
         <load_address>0xc40b</load_address>
         <run_address>0xc40b</run_address>
         <size>0x5e</size>
         <input_file_ref idref="fl-cc"/>
      </object_component>
      <object_component id="oc-c7">
         <name>.debug_info</name>
         <load_address>0xc469</load_address>
         <run_address>0xc469</run_address>
         <size>0x2e9</size>
         <input_file_ref idref="fl-cd"/>
      </object_component>
      <object_component id="oc-6a">
         <name>.debug_info</name>
         <load_address>0xc752</load_address>
         <run_address>0xc752</run_address>
         <size>0x190</size>
         <input_file_ref idref="fl-cd"/>
      </object_component>
      <object_component id="oc-fc">
         <name>.debug_info</name>
         <load_address>0xc8e2</load_address>
         <run_address>0xc8e2</run_address>
         <size>0x39</size>
         <input_file_ref idref="fl-cd"/>
      </object_component>
      <object_component id="oc-132">
         <name>.debug_info</name>
         <load_address>0xc91b</load_address>
         <run_address>0xc91b</run_address>
         <size>0x39</size>
         <input_file_ref idref="fl-cd"/>
      </object_component>
      <object_component id="oc-101">
         <name>.debug_info</name>
         <load_address>0xc954</load_address>
         <run_address>0xc954</run_address>
         <size>0xcd</size>
         <input_file_ref idref="fl-cd"/>
      </object_component>
      <object_component id="oc-f8">
         <name>.debug_info</name>
         <load_address>0xca21</load_address>
         <run_address>0xca21</run_address>
         <size>0x1e0</size>
         <input_file_ref idref="fl-ce"/>
      </object_component>
      <object_component id="oc-bb">
         <name>.debug_info</name>
         <load_address>0xcc01</load_address>
         <run_address>0xcc01</run_address>
         <size>0x183</size>
         <input_file_ref idref="fl-ce"/>
      </object_component>
      <object_component id="oc-12d">
         <name>.debug_info</name>
         <load_address>0xcd84</load_address>
         <run_address>0xcd84</run_address>
         <size>0x2c</size>
         <input_file_ref idref="fl-ce"/>
      </object_component>
      <object_component id="oc-c3">
         <name>.debug_info</name>
         <load_address>0xcdb0</load_address>
         <run_address>0xcdb0</run_address>
         <size>0x145</size>
         <input_file_ref idref="fl-cf"/>
      </object_component>
      <object_component id="oc-164">
         <name>.debug_info</name>
         <load_address>0xcef5</load_address>
         <run_address>0xcef5</run_address>
         <size>0x94</size>
      </object_component>
      <object_component id="oc-12a">
         <name>.debug_line</name>
         <load_address>0x0</load_address>
         <run_address>0x0</run_address>
         <size>0x4b</size>
         <input_file_ref idref="fl-2"/>
      </object_component>
      <object_component id="oc-13f">
         <name>.debug_line</name>
         <load_address>0x4b</load_address>
         <run_address>0x4b</run_address>
         <size>0x30</size>
         <input_file_ref idref="fl-2"/>
      </object_component>
      <object_component id="oc-10a">
         <name>.debug_line</name>
         <load_address>0x7b</load_address>
         <run_address>0x7b</run_address>
         <size>0x111</size>
         <input_file_ref idref="fl-2"/>
      </object_component>
      <object_component id="oc-9e">
         <name>.debug_line</name>
         <load_address>0x18c</load_address>
         <run_address>0x18c</run_address>
         <size>0x6b</size>
         <input_file_ref idref="fl-2"/>
      </object_component>
      <object_component id="oc-ed">
         <name>.debug_line</name>
         <load_address>0x1f7</load_address>
         <run_address>0x1f7</run_address>
         <size>0x88</size>
         <input_file_ref idref="fl-2"/>
      </object_component>
      <object_component id="oc-43">
         <name>.debug_line</name>
         <load_address>0x27f</load_address>
         <run_address>0x27f</run_address>
         <size>0x20</size>
         <input_file_ref idref="fl-2"/>
      </object_component>
      <object_component id="oc-99">
         <name>.debug_line</name>
         <load_address>0x29f</load_address>
         <run_address>0x29f</run_address>
         <size>0x4b</size>
         <input_file_ref idref="fl-2"/>
      </object_component>
      <object_component id="oc-93">
         <name>.debug_line</name>
         <load_address>0x2ea</load_address>
         <run_address>0x2ea</run_address>
         <size>0x70</size>
         <input_file_ref idref="fl-2"/>
      </object_component>
      <object_component id="oc-128">
         <name>.debug_line</name>
         <load_address>0x35a</load_address>
         <run_address>0x35a</run_address>
         <size>0x68</size>
         <input_file_ref idref="fl-3"/>
      </object_component>
      <object_component id="oc-126">
         <name>.debug_line</name>
         <load_address>0x3c2</load_address>
         <run_address>0x3c2</run_address>
         <size>0x2d</size>
         <input_file_ref idref="fl-3"/>
      </object_component>
      <object_component id="oc-e5">
         <name>.debug_line</name>
         <load_address>0x3ef</load_address>
         <run_address>0x3ef</run_address>
         <size>0x2d</size>
         <input_file_ref idref="fl-3"/>
      </object_component>
      <object_component id="oc-cc">
         <name>.debug_line</name>
         <load_address>0x41c</load_address>
         <run_address>0x41c</run_address>
         <size>0x193</size>
         <input_file_ref idref="fl-3"/>
      </object_component>
      <object_component id="oc-f2">
         <name>.debug_line</name>
         <load_address>0x5af</load_address>
         <run_address>0x5af</run_address>
         <size>0x2e</size>
         <input_file_ref idref="fl-3"/>
      </object_component>
      <object_component id="oc-124">
         <name>.debug_line</name>
         <load_address>0x5dd</load_address>
         <run_address>0x5dd</run_address>
         <size>0x20</size>
         <input_file_ref idref="fl-4"/>
      </object_component>
      <object_component id="oc-84">
         <name>.debug_line</name>
         <load_address>0x5fd</load_address>
         <run_address>0x5fd</run_address>
         <size>0x5f</size>
         <input_file_ref idref="fl-4"/>
      </object_component>
      <object_component id="oc-a1">
         <name>.debug_line</name>
         <load_address>0x65c</load_address>
         <run_address>0x65c</run_address>
         <size>0x41</size>
         <input_file_ref idref="fl-5"/>
      </object_component>
      <object_component id="oc-38">
         <name>.debug_line</name>
         <load_address>0x69d</load_address>
         <run_address>0x69d</run_address>
         <size>0x41</size>
         <input_file_ref idref="fl-5"/>
      </object_component>
      <object_component id="oc-2f">
         <name>.debug_line</name>
         <load_address>0x6de</load_address>
         <run_address>0x6de</run_address>
         <size>0xa1</size>
         <input_file_ref idref="fl-5"/>
      </object_component>
      <object_component id="oc-e9">
         <name>.debug_line</name>
         <load_address>0x77f</load_address>
         <run_address>0x77f</run_address>
         <size>0x71</size>
         <input_file_ref idref="fl-6"/>
      </object_component>
      <object_component id="oc-de">
         <name>.debug_line</name>
         <load_address>0x7f0</load_address>
         <run_address>0x7f0</run_address>
         <size>0x30</size>
         <input_file_ref idref="fl-6"/>
      </object_component>
      <object_component id="oc-e0">
         <name>.debug_line</name>
         <load_address>0x820</load_address>
         <run_address>0x820</run_address>
         <size>0x30</size>
         <input_file_ref idref="fl-6"/>
      </object_component>
      <object_component id="oc-35">
         <name>.debug_line</name>
         <load_address>0x850</load_address>
         <run_address>0x850</run_address>
         <size>0x28d</size>
         <input_file_ref idref="fl-6"/>
      </object_component>
      <object_component id="oc-28">
         <name>.debug_line</name>
         <load_address>0xadd</load_address>
         <run_address>0xadd</run_address>
         <size>0x53</size>
         <input_file_ref idref="fl-c1"/>
      </object_component>
      <object_component id="oc-f6">
         <name>.debug_line</name>
         <load_address>0xb30</load_address>
         <run_address>0xb30</run_address>
         <size>0x20</size>
         <input_file_ref idref="fl-c2"/>
      </object_component>
      <object_component id="oc-14">
         <name>.debug_line</name>
         <load_address>0xb50</load_address>
         <run_address>0xb50</run_address>
         <size>0xa9</size>
         <input_file_ref idref="fl-c2"/>
      </object_component>
      <object_component id="oc-3e">
         <name>.debug_line</name>
         <load_address>0xbf9</load_address>
         <run_address>0xbf9</run_address>
         <size>0x3a</size>
         <input_file_ref idref="fl-c2"/>
      </object_component>
      <object_component id="oc-a5">
         <name>.debug_line</name>
         <load_address>0xc33</load_address>
         <run_address>0xc33</run_address>
         <size>0x8a</size>
         <input_file_ref idref="fl-c2"/>
      </object_component>
      <object_component id="oc-af">
         <name>.debug_line</name>
         <load_address>0xcbd</load_address>
         <run_address>0xcbd</run_address>
         <size>0x8a</size>
         <input_file_ref idref="fl-c3"/>
      </object_component>
      <object_component id="oc-1c">
         <name>.debug_line</name>
         <load_address>0xd47</load_address>
         <run_address>0xd47</run_address>
         <size>0x55</size>
         <input_file_ref idref="fl-c3"/>
      </object_component>
      <object_component id="oc-4e">
         <name>.debug_line</name>
         <load_address>0xd9c</load_address>
         <run_address>0xd9c</run_address>
         <size>0x3a</size>
         <input_file_ref idref="fl-c3"/>
      </object_component>
      <object_component id="oc-ac">
         <name>.debug_line</name>
         <load_address>0xdd6</load_address>
         <run_address>0xdd6</run_address>
         <size>0x8a</size>
         <input_file_ref idref="fl-c3"/>
      </object_component>
      <object_component id="oc-b7">
         <name>.debug_line</name>
         <load_address>0xe60</load_address>
         <run_address>0xe60</run_address>
         <size>0x8a</size>
         <input_file_ref idref="fl-c4"/>
      </object_component>
      <object_component id="oc-22">
         <name>.debug_line</name>
         <load_address>0xeea</load_address>
         <run_address>0xeea</run_address>
         <size>0x4f</size>
         <input_file_ref idref="fl-c4"/>
      </object_component>
      <object_component id="oc-5a">
         <name>.debug_line</name>
         <load_address>0xf39</load_address>
         <run_address>0xf39</run_address>
         <size>0x34</size>
         <input_file_ref idref="fl-c4"/>
      </object_component>
      <object_component id="oc-b4">
         <name>.debug_line</name>
         <load_address>0xf6d</load_address>
         <run_address>0xf6d</run_address>
         <size>0x8a</size>
         <input_file_ref idref="fl-c4"/>
      </object_component>
      <object_component id="oc-122">
         <name>.debug_line</name>
         <load_address>0xff7</load_address>
         <run_address>0xff7</run_address>
         <size>0xf2</size>
         <input_file_ref idref="fl-c5"/>
      </object_component>
      <object_component id="oc-116">
         <name>.debug_line</name>
         <load_address>0x10e9</load_address>
         <run_address>0x10e9</run_address>
         <size>0x2a</size>
         <input_file_ref idref="fl-c5"/>
      </object_component>
      <object_component id="oc-79">
         <name>.debug_line</name>
         <load_address>0x1113</load_address>
         <run_address>0x1113</run_address>
         <size>0x86</size>
         <input_file_ref idref="fl-c5"/>
      </object_component>
      <object_component id="oc-49">
         <name>.debug_line</name>
         <load_address>0x1199</load_address>
         <run_address>0x1199</run_address>
         <size>0x88</size>
         <input_file_ref idref="fl-c6"/>
      </object_component>
      <object_component id="oc-55">
         <name>.debug_line</name>
         <load_address>0x1221</load_address>
         <run_address>0x1221</run_address>
         <size>0x79</size>
         <input_file_ref idref="fl-c7"/>
      </object_component>
      <object_component id="oc-61">
         <name>.debug_line</name>
         <load_address>0x129a</load_address>
         <run_address>0x129a</run_address>
         <size>0x3d</size>
         <input_file_ref idref="fl-c8"/>
      </object_component>
      <object_component id="oc-67">
         <name>.debug_line</name>
         <load_address>0x12d7</load_address>
         <run_address>0x12d7</run_address>
         <size>0x40</size>
         <input_file_ref idref="fl-c9"/>
      </object_component>
      <object_component id="oc-da">
         <name>.debug_line</name>
         <load_address>0x1317</load_address>
         <run_address>0x1317</run_address>
         <size>0x33</size>
         <input_file_ref idref="fl-ca"/>
      </object_component>
      <object_component id="oc-13d">
         <name>.debug_line</name>
         <load_address>0x134a</load_address>
         <run_address>0x134a</run_address>
         <size>0x20</size>
         <input_file_ref idref="fl-cb"/>
      </object_component>
      <object_component id="oc-11e">
         <name>.debug_line</name>
         <load_address>0x136a</load_address>
         <run_address>0x136a</run_address>
         <size>0x2b</size>
         <input_file_ref idref="fl-cb"/>
      </object_component>
      <object_component id="oc-11b">
         <name>.debug_line</name>
         <load_address>0x1395</load_address>
         <run_address>0x1395</run_address>
         <size>0x68</size>
         <input_file_ref idref="fl-cb"/>
      </object_component>
      <object_component id="oc-10f">
         <name>.debug_line</name>
         <load_address>0x13fd</load_address>
         <run_address>0x13fd</run_address>
         <size>0x2b</size>
         <input_file_ref idref="fl-cc"/>
      </object_component>
      <object_component id="oc-73">
         <name>.debug_line</name>
         <load_address>0x1428</load_address>
         <run_address>0x1428</run_address>
         <size>0x4a</size>
         <input_file_ref idref="fl-cc"/>
      </object_component>
      <object_component id="oc-113">
         <name>.debug_line</name>
         <load_address>0x1472</load_address>
         <run_address>0x1472</run_address>
         <size>0x2b</size>
         <input_file_ref idref="fl-cc"/>
      </object_component>
      <object_component id="oc-fb">
         <name>.debug_line</name>
         <load_address>0x149d</load_address>
         <run_address>0x149d</run_address>
         <size>0xa9</size>
         <input_file_ref idref="fl-cd"/>
      </object_component>
      <object_component id="oc-6d">
         <name>.debug_line</name>
         <load_address>0x1546</load_address>
         <run_address>0x1546</run_address>
         <size>0x8b</size>
         <input_file_ref idref="fl-cd"/>
      </object_component>
      <object_component id="oc-ff">
         <name>.debug_line</name>
         <load_address>0x15d1</load_address>
         <run_address>0x15d1</run_address>
         <size>0x2e</size>
         <input_file_ref idref="fl-cd"/>
      </object_component>
      <object_component id="oc-135">
         <name>.debug_line</name>
         <load_address>0x15ff</load_address>
         <run_address>0x15ff</run_address>
         <size>0x8a</size>
         <input_file_ref idref="fl-cd"/>
      </object_component>
      <object_component id="oc-104">
         <name>.debug_line</name>
         <load_address>0x1689</load_address>
         <run_address>0x1689</run_address>
         <size>0x8b</size>
         <input_file_ref idref="fl-cd"/>
      </object_component>
      <object_component id="oc-12c">
         <name>.debug_line</name>
         <load_address>0x1714</load_address>
         <run_address>0x1714</run_address>
         <size>0x98</size>
         <input_file_ref idref="fl-ce"/>
      </object_component>
      <object_component id="oc-be">
         <name>.debug_line</name>
         <load_address>0x17ac</load_address>
         <run_address>0x17ac</run_address>
         <size>0x68</size>
         <input_file_ref idref="fl-ce"/>
      </object_component>
      <object_component id="oc-130">
         <name>.debug_line</name>
         <load_address>0x1814</load_address>
         <run_address>0x1814</run_address>
         <size>0x2e</size>
         <input_file_ref idref="fl-ce"/>
      </object_component>
      <object_component id="oc-c1">
         <name>.debug_line</name>
         <load_address>0x1842</load_address>
         <run_address>0x1842</run_address>
         <size>0x3c</size>
         <input_file_ref idref="fl-cf"/>
      </object_component>
      <object_component id="oc-10b">
         <name>.debug_frame</name>
         <load_address>0x0</load_address>
         <run_address>0x0</run_address>
         <size>0xc4</size>
         <input_file_ref idref="fl-2"/>
      </object_component>
      <object_component id="oc-cd">
         <name>.debug_frame</name>
         <load_address>0xc4</load_address>
         <run_address>0xc4</run_address>
         <size>0xfa</size>
         <input_file_ref idref="fl-3"/>
      </object_component>
      <object_component id="oc-85">
         <name>.debug_frame</name>
         <load_address>0x1be</load_address>
         <run_address>0x1be</run_address>
         <size>0x57</size>
         <input_file_ref idref="fl-4"/>
      </object_component>
      <object_component id="oc-30">
         <name>.debug_frame</name>
         <load_address>0x215</load_address>
         <run_address>0x215</run_address>
         <size>0x84</size>
         <input_file_ref idref="fl-5"/>
      </object_component>
      <object_component id="oc-36">
         <name>.debug_frame</name>
         <load_address>0x299</load_address>
         <run_address>0x299</run_address>
         <size>0x181</size>
         <input_file_ref idref="fl-6"/>
      </object_component>
      <object_component id="oc-17">
         <name>.debug_frame</name>
         <load_address>0x41a</load_address>
         <run_address>0x41a</run_address>
         <size>0x60</size>
         <input_file_ref idref="fl-c2"/>
      </object_component>
      <object_component id="oc-1d">
         <name>.debug_frame</name>
         <load_address>0x47a</load_address>
         <run_address>0x47a</run_address>
         <size>0x51</size>
         <input_file_ref idref="fl-c3"/>
      </object_component>
      <object_component id="oc-23">
         <name>.debug_frame</name>
         <load_address>0x4cb</load_address>
         <run_address>0x4cb</run_address>
         <size>0x51</size>
         <input_file_ref idref="fl-c4"/>
      </object_component>
      <object_component id="oc-7a">
         <name>.debug_frame</name>
         <load_address>0x51c</load_address>
         <run_address>0x51c</run_address>
         <size>0x85</size>
         <input_file_ref idref="fl-c5"/>
      </object_component>
      <object_component id="oc-62">
         <name>.debug_frame</name>
         <load_address>0x5a1</load_address>
         <run_address>0x5a1</run_address>
         <size>0x51</size>
         <input_file_ref idref="fl-c8"/>
      </object_component>
      <object_component id="oc-68">
         <name>.debug_frame</name>
         <load_address>0x5f2</load_address>
         <run_address>0x5f2</run_address>
         <size>0x51</size>
         <input_file_ref idref="fl-c9"/>
      </object_component>
      <object_component id="oc-11c">
         <name>.debug_frame</name>
         <load_address>0x643</load_address>
         <run_address>0x643</run_address>
         <size>0x73</size>
         <input_file_ref idref="fl-cb"/>
      </object_component>
      <object_component id="oc-74">
         <name>.debug_frame</name>
         <load_address>0x6b6</load_address>
         <run_address>0x6b6</run_address>
         <size>0x51</size>
         <input_file_ref idref="fl-cc"/>
      </object_component>
      <object_component id="oc-6e">
         <name>.debug_frame</name>
         <load_address>0x707</load_address>
         <run_address>0x707</run_address>
         <size>0x5c</size>
         <input_file_ref idref="fl-cd"/>
      </object_component>
      <object_component id="oc-bf">
         <name>.debug_frame</name>
         <load_address>0x763</load_address>
         <run_address>0x763</run_address>
         <size>0x60</size>
         <input_file_ref idref="fl-ce"/>
      </object_component>
      <object_component id="oc-c2">
         <name>.debug_frame</name>
         <load_address>0x7c3</load_address>
         <run_address>0x7c3</run_address>
         <size>0x51</size>
         <input_file_ref idref="fl-cf"/>
      </object_component>
      <object_component id="oc-129">
         <name>.debug_abbrev</name>
         <load_address>0x0</load_address>
         <run_address>0x0</run_address>
         <size>0xa9</size>
         <input_file_ref idref="fl-2"/>
      </object_component>
      <object_component id="oc-13e">
         <name>.debug_abbrev</name>
         <load_address>0xa9</load_address>
         <run_address>0xa9</run_address>
         <size>0x29</size>
         <input_file_ref idref="fl-2"/>
      </object_component>
      <object_component id="oc-13a">
         <name>.debug_abbrev</name>
         <load_address>0xd2</load_address>
         <run_address>0xd2</run_address>
         <size>0xa9</size>
         <input_file_ref idref="fl-2"/>
      </object_component>
      <object_component id="oc-9d">
         <name>.debug_abbrev</name>
         <load_address>0x17b</load_address>
         <run_address>0x17b</run_address>
         <size>0xfe</size>
         <input_file_ref idref="fl-2"/>
      </object_component>
      <object_component id="oc-ec">
         <name>.debug_abbrev</name>
         <load_address>0x279</load_address>
         <run_address>0x279</run_address>
         <size>0x10c</size>
         <input_file_ref idref="fl-2"/>
      </object_component>
      <object_component id="oc-42">
         <name>.debug_abbrev</name>
         <load_address>0x385</load_address>
         <run_address>0x385</run_address>
         <size>0x1f</size>
         <input_file_ref idref="fl-2"/>
      </object_component>
      <object_component id="oc-98">
         <name>.debug_abbrev</name>
         <load_address>0x3a4</load_address>
         <run_address>0x3a4</run_address>
         <size>0x24</size>
         <input_file_ref idref="fl-2"/>
      </object_component>
      <object_component id="oc-92">
         <name>.debug_abbrev</name>
         <load_address>0x3c8</load_address>
         <run_address>0x3c8</run_address>
         <size>0x35</size>
         <input_file_ref idref="fl-2"/>
      </object_component>
      <object_component id="oc-127">
         <name>.debug_abbrev</name>
         <load_address>0x3fd</load_address>
         <run_address>0x3fd</run_address>
         <size>0xe3</size>
         <input_file_ref idref="fl-3"/>
      </object_component>
      <object_component id="oc-125">
         <name>.debug_abbrev</name>
         <load_address>0x4e0</load_address>
         <run_address>0x4e0</run_address>
         <size>0x29</size>
         <input_file_ref idref="fl-3"/>
      </object_component>
      <object_component id="oc-e4">
         <name>.debug_abbrev</name>
         <load_address>0x509</load_address>
         <run_address>0x509</run_address>
         <size>0x29</size>
         <input_file_ref idref="fl-3"/>
      </object_component>
      <object_component id="oc-10d">
         <name>.debug_abbrev</name>
         <load_address>0x532</load_address>
         <run_address>0x532</run_address>
         <size>0xa9</size>
         <input_file_ref idref="fl-3"/>
      </object_component>
      <object_component id="oc-f1">
         <name>.debug_abbrev</name>
         <load_address>0x5db</load_address>
         <run_address>0x5db</run_address>
         <size>0x24</size>
         <input_file_ref idref="fl-3"/>
      </object_component>
      <object_component id="oc-123">
         <name>.debug_abbrev</name>
         <load_address>0x5ff</load_address>
         <run_address>0x5ff</run_address>
         <size>0x3c</size>
         <input_file_ref idref="fl-4"/>
      </object_component>
      <object_component id="oc-db">
         <name>.debug_abbrev</name>
         <load_address>0x63b</load_address>
         <run_address>0x63b</run_address>
         <size>0x6c</size>
         <input_file_ref idref="fl-4"/>
      </object_component>
      <object_component id="oc-a0">
         <name>.debug_abbrev</name>
         <load_address>0x6a7</load_address>
         <run_address>0x6a7</run_address>
         <size>0x68</size>
         <input_file_ref idref="fl-5"/>
      </object_component>
      <object_component id="oc-37">
         <name>.debug_abbrev</name>
         <load_address>0x70f</load_address>
         <run_address>0x70f</run_address>
         <size>0x29</size>
         <input_file_ref idref="fl-5"/>
      </object_component>
      <object_component id="oc-7f">
         <name>.debug_abbrev</name>
         <load_address>0x738</load_address>
         <run_address>0x738</run_address>
         <size>0x79</size>
         <input_file_ref idref="fl-5"/>
      </object_component>
      <object_component id="oc-e8">
         <name>.debug_abbrev</name>
         <load_address>0x7b1</load_address>
         <run_address>0x7b1</run_address>
         <size>0xd6</size>
         <input_file_ref idref="fl-6"/>
      </object_component>
      <object_component id="oc-dd">
         <name>.debug_abbrev</name>
         <load_address>0x887</load_address>
         <run_address>0x887</run_address>
         <size>0x27</size>
         <input_file_ref idref="fl-6"/>
      </object_component>
      <object_component id="oc-df">
         <name>.debug_abbrev</name>
         <load_address>0x8ae</load_address>
         <run_address>0x8ae</run_address>
         <size>0x27</size>
         <input_file_ref idref="fl-6"/>
      </object_component>
      <object_component id="oc-8f">
         <name>.debug_abbrev</name>
         <load_address>0x8d5</load_address>
         <run_address>0x8d5</run_address>
         <size>0xbf</size>
         <input_file_ref idref="fl-6"/>
      </object_component>
      <object_component id="oc-7e">
         <name>.debug_abbrev</name>
         <load_address>0x994</load_address>
         <run_address>0x994</run_address>
         <size>0x3e</size>
         <input_file_ref idref="fl-c1"/>
      </object_component>
      <object_component id="oc-f5">
         <name>.debug_abbrev</name>
         <load_address>0x9d2</load_address>
         <run_address>0x9d2</run_address>
         <size>0x2c</size>
         <input_file_ref idref="fl-c2"/>
      </object_component>
      <object_component id="oc-3a">
         <name>.debug_abbrev</name>
         <load_address>0x9fe</load_address>
         <run_address>0x9fe</run_address>
         <size>0x6f</size>
         <input_file_ref idref="fl-c2"/>
      </object_component>
      <object_component id="oc-3d">
         <name>.debug_abbrev</name>
         <load_address>0xa6d</load_address>
         <run_address>0xa6d</run_address>
         <size>0x24</size>
         <input_file_ref idref="fl-c2"/>
      </object_component>
      <object_component id="oc-a4">
         <name>.debug_abbrev</name>
         <load_address>0xa91</load_address>
         <run_address>0xa91</run_address>
         <size>0x35</size>
         <input_file_ref idref="fl-c2"/>
      </object_component>
      <object_component id="oc-ae">
         <name>.debug_abbrev</name>
         <load_address>0xac6</load_address>
         <run_address>0xac6</run_address>
         <size>0x52</size>
         <input_file_ref idref="fl-c3"/>
      </object_component>
      <object_component id="oc-4a">
         <name>.debug_abbrev</name>
         <load_address>0xb18</load_address>
         <run_address>0xb18</run_address>
         <size>0x74</size>
         <input_file_ref idref="fl-c3"/>
      </object_component>
      <object_component id="oc-4d">
         <name>.debug_abbrev</name>
         <load_address>0xb8c</load_address>
         <run_address>0xb8c</run_address>
         <size>0x24</size>
         <input_file_ref idref="fl-c3"/>
      </object_component>
      <object_component id="oc-ab">
         <name>.debug_abbrev</name>
         <load_address>0xbb0</load_address>
         <run_address>0xbb0</run_address>
         <size>0x24</size>
         <input_file_ref idref="fl-c3"/>
      </object_component>
      <object_component id="oc-b6">
         <name>.debug_abbrev</name>
         <load_address>0xbd4</load_address>
         <run_address>0xbd4</run_address>
         <size>0x52</size>
         <input_file_ref idref="fl-c4"/>
      </object_component>
      <object_component id="oc-56">
         <name>.debug_abbrev</name>
         <load_address>0xc26</load_address>
         <run_address>0xc26</run_address>
         <size>0x74</size>
         <input_file_ref idref="fl-c4"/>
      </object_component>
      <object_component id="oc-59">
         <name>.debug_abbrev</name>
         <load_address>0xc9a</load_address>
         <run_address>0xc9a</run_address>
         <size>0x24</size>
         <input_file_ref idref="fl-c4"/>
      </object_component>
      <object_component id="oc-b3">
         <name>.debug_abbrev</name>
         <load_address>0xcbe</load_address>
         <run_address>0xcbe</run_address>
         <size>0x24</size>
         <input_file_ref idref="fl-c4"/>
      </object_component>
      <object_component id="oc-121">
         <name>.debug_abbrev</name>
         <load_address>0xce2</load_address>
         <run_address>0xce2</run_address>
         <size>0xa8</size>
         <input_file_ref idref="fl-c5"/>
      </object_component>
      <object_component id="oc-115">
         <name>.debug_abbrev</name>
         <load_address>0xd8a</load_address>
         <run_address>0xd8a</run_address>
         <size>0x29</size>
         <input_file_ref idref="fl-c5"/>
      </object_component>
      <object_component id="oc-d6">
         <name>.debug_abbrev</name>
         <load_address>0xdb3</load_address>
         <run_address>0xdb3</run_address>
         <size>0xba</size>
         <input_file_ref idref="fl-c5"/>
      </object_component>
      <object_component id="oc-a8">
         <name>.debug_abbrev</name>
         <load_address>0xe6d</load_address>
         <run_address>0xe6d</run_address>
         <size>0x3e</size>
         <input_file_ref idref="fl-c6"/>
      </object_component>
      <object_component id="oc-b0">
         <name>.debug_abbrev</name>
         <load_address>0xeab</load_address>
         <run_address>0xeab</run_address>
         <size>0x4f</size>
         <input_file_ref idref="fl-c7"/>
      </object_component>
      <object_component id="oc-b8">
         <name>.debug_abbrev</name>
         <load_address>0xefa</load_address>
         <run_address>0xefa</run_address>
         <size>0x53</size>
         <input_file_ref idref="fl-c8"/>
      </object_component>
      <object_component id="oc-b9">
         <name>.debug_abbrev</name>
         <load_address>0xf4d</load_address>
         <run_address>0xf4d</run_address>
         <size>0x55</size>
         <input_file_ref idref="fl-c9"/>
      </object_component>
      <object_component id="oc-d9">
         <name>.debug_abbrev</name>
         <load_address>0xfa2</load_address>
         <run_address>0xfa2</run_address>
         <size>0x27</size>
         <input_file_ref idref="fl-ca"/>
      </object_component>
      <object_component id="oc-13c">
         <name>.debug_abbrev</name>
         <load_address>0xfc9</load_address>
         <run_address>0xfc9</run_address>
         <size>0x45</size>
         <input_file_ref idref="fl-cb"/>
      </object_component>
      <object_component id="oc-11d">
         <name>.debug_abbrev</name>
         <load_address>0x100e</load_address>
         <run_address>0x100e</run_address>
         <size>0x29</size>
         <input_file_ref idref="fl-cb"/>
      </object_component>
      <object_component id="oc-13b">
         <name>.debug_abbrev</name>
         <load_address>0x1037</load_address>
         <run_address>0x1037</run_address>
         <size>0x6f</size>
         <input_file_ref idref="fl-cb"/>
      </object_component>
      <object_component id="oc-10e">
         <name>.debug_abbrev</name>
         <load_address>0x10a6</load_address>
         <run_address>0x10a6</run_address>
         <size>0x8e</size>
         <input_file_ref idref="fl-cc"/>
      </object_component>
      <object_component id="oc-ce">
         <name>.debug_abbrev</name>
         <load_address>0x1134</load_address>
         <run_address>0x1134</run_address>
         <size>0x68</size>
         <input_file_ref idref="fl-cc"/>
      </object_component>
      <object_component id="oc-112">
         <name>.debug_abbrev</name>
         <load_address>0x119c</load_address>
         <run_address>0x119c</run_address>
         <size>0x49</size>
         <input_file_ref idref="fl-cc"/>
      </object_component>
      <object_component id="oc-fa">
         <name>.debug_abbrev</name>
         <load_address>0x11e5</load_address>
         <run_address>0x11e5</run_address>
         <size>0xae</size>
         <input_file_ref idref="fl-cd"/>
      </object_component>
      <object_component id="oc-c6">
         <name>.debug_abbrev</name>
         <load_address>0x1293</load_address>
         <run_address>0x1293</run_address>
         <size>0x7e</size>
         <input_file_ref idref="fl-cd"/>
      </object_component>
      <object_component id="oc-fe">
         <name>.debug_abbrev</name>
         <load_address>0x1311</load_address>
         <run_address>0x1311</run_address>
         <size>0x24</size>
         <input_file_ref idref="fl-cd"/>
      </object_component>
      <object_component id="oc-134">
         <name>.debug_abbrev</name>
         <load_address>0x1335</load_address>
         <run_address>0x1335</run_address>
         <size>0x24</size>
         <input_file_ref idref="fl-cd"/>
      </object_component>
      <object_component id="oc-103">
         <name>.debug_abbrev</name>
         <load_address>0x1359</load_address>
         <run_address>0x1359</run_address>
         <size>0x4b</size>
         <input_file_ref idref="fl-cd"/>
      </object_component>
      <object_component id="oc-12b">
         <name>.debug_abbrev</name>
         <load_address>0x13a4</load_address>
         <run_address>0x13a4</run_address>
         <size>0x9c</size>
         <input_file_ref idref="fl-ce"/>
      </object_component>
      <object_component id="oc-f7">
         <name>.debug_abbrev</name>
         <load_address>0x1440</load_address>
         <run_address>0x1440</run_address>
         <size>0x8c</size>
         <input_file_ref idref="fl-ce"/>
      </object_component>
      <object_component id="oc-12f">
         <name>.debug_abbrev</name>
         <load_address>0x14cc</load_address>
         <run_address>0x14cc</run_address>
         <size>0x24</size>
         <input_file_ref idref="fl-ce"/>
      </object_component>
      <object_component id="oc-f9">
         <name>.debug_abbrev</name>
         <load_address>0x14f0</load_address>
         <run_address>0x14f0</run_address>
         <size>0x53</size>
         <input_file_ref idref="fl-cf"/>
      </object_component>
      <object_component id="oc-165">
         <name>.debug_abbrev</name>
         <load_address>0x1543</load_address>
         <run_address>0x1543</run_address>
         <size>0xf</size>
      </object_component>
      <object_component id="oc-9f">
         <name>.debug_str</name>
         <load_address>0x0</load_address>
         <run_address>0x0</run_address>
         <size>0x239d</size>
         <input_file_ref idref="fl-2"/>
      </object_component>
      <object_component id="oc-ee">
         <name>.debug_str</name>
         <load_address>0x239d</load_address>
         <run_address>0x239d</run_address>
         <size>0x495</size>
         <input_file_ref idref="fl-2"/>
      </object_component>
      <object_component id="oc-44">
         <name>.debug_str</name>
         <load_address>0x2832</load_address>
         <run_address>0x2832</run_address>
         <size>0xfc</size>
         <input_file_ref idref="fl-2"/>
      </object_component>
      <object_component id="oc-9a">
         <name>.debug_str</name>
         <load_address>0x292e</load_address>
         <run_address>0x292e</run_address>
         <size>0xb8</size>
         <input_file_ref idref="fl-2"/>
      </object_component>
      <object_component id="oc-94">
         <name>.debug_str</name>
         <load_address>0x29e6</load_address>
         <run_address>0x29e6</run_address>
         <size>0x216</size>
         <input_file_ref idref="fl-2"/>
      </object_component>
      <object_component id="oc-f3">
         <name>.debug_str</name>
         <load_address>0x2bfc</load_address>
         <run_address>0x2bfc</run_address>
         <size>0xaa</size>
         <input_file_ref idref="fl-3"/>
      </object_component>
      <object_component id="oc-3f">
         <name>.debug_str</name>
         <load_address>0x2ca6</load_address>
         <run_address>0x2ca6</run_address>
         <size>0x10d</size>
         <input_file_ref idref="fl-c2"/>
      </object_component>
      <object_component id="oc-a6">
         <name>.debug_str</name>
         <load_address>0x2db3</load_address>
         <run_address>0x2db3</run_address>
         <size>0x14a</size>
         <input_file_ref idref="fl-c2"/>
      </object_component>
      <object_component id="oc-4f">
         <name>.debug_str</name>
         <load_address>0x2efd</load_address>
         <run_address>0x2efd</run_address>
         <size>0x100</size>
         <input_file_ref idref="fl-c3"/>
      </object_component>
      <object_component id="oc-ad">
         <name>.debug_str</name>
         <load_address>0x2ffd</load_address>
         <run_address>0x2ffd</run_address>
         <size>0x12d</size>
         <input_file_ref idref="fl-c3"/>
      </object_component>
      <object_component id="oc-5b">
         <name>.debug_str</name>
         <load_address>0x312a</load_address>
         <run_address>0x312a</run_address>
         <size>0xfa</size>
         <input_file_ref idref="fl-c4"/>
      </object_component>
      <object_component id="oc-b5">
         <name>.debug_str</name>
         <load_address>0x3224</load_address>
         <run_address>0x3224</run_address>
         <size>0x12d</size>
         <input_file_ref idref="fl-c4"/>
      </object_component>
      <object_component id="oc-114">
         <name>.debug_str</name>
         <load_address>0x3351</load_address>
         <run_address>0x3351</run_address>
         <size>0xd6</size>
         <input_file_ref idref="fl-cc"/>
      </object_component>
      <object_component id="oc-100">
         <name>.debug_str</name>
         <load_address>0x3427</load_address>
         <run_address>0x3427</run_address>
         <size>0xe2</size>
         <input_file_ref idref="fl-cd"/>
      </object_component>
      <object_component id="oc-136">
         <name>.debug_str</name>
         <load_address>0x3509</load_address>
         <run_address>0x3509</run_address>
         <size>0x138</size>
         <input_file_ref idref="fl-cd"/>
      </object_component>
      <object_component id="oc-105">
         <name>.debug_str</name>
         <load_address>0x3641</load_address>
         <run_address>0x3641</run_address>
         <size>0x184</size>
         <input_file_ref idref="fl-cd"/>
      </object_component>
      <object_component id="oc-131">
         <name>.debug_str</name>
         <load_address>0x37c5</load_address>
         <run_address>0x37c5</run_address>
         <size>0xd7</size>
         <input_file_ref idref="fl-ce"/>
      </object_component>
      <object_component id="oc-108">
         <name>.debug_aranges</name>
         <load_address>0x0</load_address>
         <run_address>0x0</run_address>
         <size>0x50</size>
         <input_file_ref idref="fl-2"/>
      </object_component>
      <object_component id="oc-ca">
         <name>.debug_aranges</name>
         <load_address>0x50</load_address>
         <run_address>0x50</run_address>
         <size>0x60</size>
         <input_file_ref idref="fl-3"/>
      </object_component>
      <object_component id="oc-82">
         <name>.debug_aranges</name>
         <load_address>0xb0</load_address>
         <run_address>0xb0</run_address>
         <size>0x20</size>
         <input_file_ref idref="fl-4"/>
      </object_component>
      <object_component id="oc-2d">
         <name>.debug_aranges</name>
         <load_address>0xd0</load_address>
         <run_address>0xd0</run_address>
         <size>0x38</size>
         <input_file_ref idref="fl-5"/>
      </object_component>
      <object_component id="oc-33">
         <name>.debug_aranges</name>
         <load_address>0x108</load_address>
         <run_address>0x108</run_address>
         <size>0x88</size>
         <input_file_ref idref="fl-6"/>
      </object_component>
      <object_component id="oc-27">
         <name>.debug_aranges</name>
         <load_address>0x190</load_address>
         <run_address>0x190</run_address>
         <size>0x20</size>
         <input_file_ref idref="fl-c1"/>
      </object_component>
      <object_component id="oc-13">
         <name>.debug_aranges</name>
         <load_address>0x1b0</load_address>
         <run_address>0x1b0</run_address>
         <size>0x20</size>
         <input_file_ref idref="fl-c2"/>
      </object_component>
      <object_component id="oc-1a">
         <name>.debug_aranges</name>
         <load_address>0x1d0</load_address>
         <run_address>0x1d0</run_address>
         <size>0x20</size>
         <input_file_ref idref="fl-c3"/>
      </object_component>
      <object_component id="oc-20">
         <name>.debug_aranges</name>
         <load_address>0x1f0</load_address>
         <run_address>0x1f0</run_address>
         <size>0x20</size>
         <input_file_ref idref="fl-c4"/>
      </object_component>
      <object_component id="oc-77">
         <name>.debug_aranges</name>
         <load_address>0x210</load_address>
         <run_address>0x210</run_address>
         <size>0x30</size>
         <input_file_ref idref="fl-c5"/>
      </object_component>
      <object_component id="oc-47">
         <name>.debug_aranges</name>
         <load_address>0x240</load_address>
         <run_address>0x240</run_address>
         <size>0x20</size>
         <input_file_ref idref="fl-c6"/>
      </object_component>
      <object_component id="oc-53">
         <name>.debug_aranges</name>
         <load_address>0x260</load_address>
         <run_address>0x260</run_address>
         <size>0x28</size>
         <input_file_ref idref="fl-c7"/>
      </object_component>
      <object_component id="oc-5f">
         <name>.debug_aranges</name>
         <load_address>0x288</load_address>
         <run_address>0x288</run_address>
         <size>0x20</size>
         <input_file_ref idref="fl-c8"/>
      </object_component>
      <object_component id="oc-65">
         <name>.debug_aranges</name>
         <load_address>0x2a8</load_address>
         <run_address>0x2a8</run_address>
         <size>0x20</size>
         <input_file_ref idref="fl-c9"/>
      </object_component>
      <object_component id="oc-119">
         <name>.debug_aranges</name>
         <load_address>0x2c8</load_address>
         <run_address>0x2c8</run_address>
         <size>0x30</size>
         <input_file_ref idref="fl-cb"/>
      </object_component>
      <object_component id="oc-71">
         <name>.debug_aranges</name>
         <load_address>0x2f8</load_address>
         <run_address>0x2f8</run_address>
         <size>0x20</size>
         <input_file_ref idref="fl-cc"/>
      </object_component>
      <object_component id="oc-6b">
         <name>.debug_aranges</name>
         <load_address>0x318</load_address>
         <run_address>0x318</run_address>
         <size>0x20</size>
         <input_file_ref idref="fl-cd"/>
      </object_component>
      <object_component id="oc-bc">
         <name>.debug_aranges</name>
         <load_address>0x338</load_address>
         <run_address>0x338</run_address>
         <size>0x20</size>
         <input_file_ref idref="fl-ce"/>
      </object_component>
      <object_component id="oc-c4">
         <name>.debug_aranges</name>
         <load_address>0x358</load_address>
         <run_address>0x358</run_address>
         <size>0x20</size>
         <input_file_ref idref="fl-cf"/>
      </object_component>
      <object_component id="oc-139">
         <name>.debug_pubnames</name>
         <load_address>0x0</load_address>
         <run_address>0x0</run_address>
         <size>0x21</size>
         <input_file_ref idref="fl-2"/>
      </object_component>
      <object_component id="oc-109">
         <name>.debug_pubnames</name>
         <load_address>0x21</load_address>
         <run_address>0x21</run_address>
         <size>0x86</size>
         <input_file_ref idref="fl-2"/>
      </object_component>
      <object_component id="oc-e7">
         <name>.debug_pubnames</name>
         <load_address>0xa7</load_address>
         <run_address>0xa7</run_address>
         <size>0x1b</size>
         <input_file_ref idref="fl-3"/>
      </object_component>
      <object_component id="oc-e3">
         <name>.debug_pubnames</name>
         <load_address>0xc2</load_address>
         <run_address>0xc2</run_address>
         <size>0x3d</size>
         <input_file_ref idref="fl-3"/>
      </object_component>
      <object_component id="oc-8e">
         <name>.debug_pubnames</name>
         <load_address>0xff</load_address>
         <run_address>0xff</run_address>
         <size>0x1d</size>
         <input_file_ref idref="fl-3"/>
      </object_component>
      <object_component id="oc-cb">
         <name>.debug_pubnames</name>
         <load_address>0x11c</load_address>
         <run_address>0x11c</run_address>
         <size>0x6d</size>
         <input_file_ref idref="fl-3"/>
      </object_component>
      <object_component id="oc-83">
         <name>.debug_pubnames</name>
         <load_address>0x189</load_address>
         <run_address>0x189</run_address>
         <size>0x21</size>
         <input_file_ref idref="fl-4"/>
      </object_component>
      <object_component id="oc-11">
         <name>.debug_pubnames</name>
         <load_address>0x1aa</load_address>
         <run_address>0x1aa</run_address>
         <size>0x23</size>
         <input_file_ref idref="fl-5"/>
      </object_component>
      <object_component id="oc-2e">
         <name>.debug_pubnames</name>
         <load_address>0x1cd</load_address>
         <run_address>0x1cd</run_address>
         <size>0x4c</size>
         <input_file_ref idref="fl-5"/>
      </object_component>
      <object_component id="oc-88">
         <name>.debug_pubnames</name>
         <load_address>0x219</load_address>
         <run_address>0x219</run_address>
         <size>0x26</size>
         <input_file_ref idref="fl-6"/>
      </object_component>
      <object_component id="oc-8b">
         <name>.debug_pubnames</name>
         <load_address>0x23f</load_address>
         <run_address>0x23f</run_address>
         <size>0x22</size>
         <input_file_ref idref="fl-6"/>
      </object_component>
      <object_component id="oc-34">
         <name>.debug_pubnames</name>
         <load_address>0x261</load_address>
         <run_address>0x261</run_address>
         <size>0x117</size>
         <input_file_ref idref="fl-6"/>
      </object_component>
      <object_component id="oc-26">
         <name>.debug_pubnames</name>
         <load_address>0x378</load_address>
         <run_address>0x378</run_address>
         <size>0x1f</size>
         <input_file_ref idref="fl-c1"/>
      </object_component>
      <object_component id="oc-16">
         <name>.debug_pubnames</name>
         <load_address>0x397</load_address>
         <run_address>0x397</run_address>
         <size>0x2b</size>
         <input_file_ref idref="fl-c2"/>
      </object_component>
      <object_component id="oc-1b">
         <name>.debug_pubnames</name>
         <load_address>0x3c2</load_address>
         <run_address>0x3c2</run_address>
         <size>0x2b</size>
         <input_file_ref idref="fl-c3"/>
      </object_component>
      <object_component id="oc-21">
         <name>.debug_pubnames</name>
         <load_address>0x3ed</load_address>
         <run_address>0x3ed</run_address>
         <size>0x25</size>
         <input_file_ref idref="fl-c4"/>
      </object_component>
      <object_component id="oc-d2">
         <name>.debug_pubnames</name>
         <load_address>0x412</load_address>
         <run_address>0x412</run_address>
         <size>0x5e</size>
         <input_file_ref idref="fl-c5"/>
      </object_component>
      <object_component id="oc-78">
         <name>.debug_pubnames</name>
         <load_address>0x470</load_address>
         <run_address>0x470</run_address>
         <size>0x35</size>
         <input_file_ref idref="fl-c5"/>
      </object_component>
      <object_component id="oc-48">
         <name>.debug_pubnames</name>
         <load_address>0x4a5</load_address>
         <run_address>0x4a5</run_address>
         <size>0x1d</size>
         <input_file_ref idref="fl-c6"/>
      </object_component>
      <object_component id="oc-54">
         <name>.debug_pubnames</name>
         <load_address>0x4c2</load_address>
         <run_address>0x4c2</run_address>
         <size>0x37</size>
         <input_file_ref idref="fl-c7"/>
      </object_component>
      <object_component id="oc-60">
         <name>.debug_pubnames</name>
         <load_address>0x4f9</load_address>
         <run_address>0x4f9</run_address>
         <size>0x21</size>
         <input_file_ref idref="fl-c8"/>
      </object_component>
      <object_component id="oc-66">
         <name>.debug_pubnames</name>
         <load_address>0x51a</load_address>
         <run_address>0x51a</run_address>
         <size>0x27</size>
         <input_file_ref idref="fl-c9"/>
      </object_component>
      <object_component id="oc-7d">
         <name>.debug_pubnames</name>
         <load_address>0x541</load_address>
         <run_address>0x541</run_address>
         <size>0x23</size>
         <input_file_ref idref="fl-ca"/>
      </object_component>
      <object_component id="oc-d5">
         <name>.debug_pubnames</name>
         <load_address>0x564</load_address>
         <run_address>0x564</run_address>
         <size>0x28</size>
         <input_file_ref idref="fl-cb"/>
      </object_component>
      <object_component id="oc-11a">
         <name>.debug_pubnames</name>
         <load_address>0x58c</load_address>
         <run_address>0x58c</run_address>
         <size>0x43</size>
         <input_file_ref idref="fl-cb"/>
      </object_component>
      <object_component id="oc-72">
         <name>.debug_pubnames</name>
         <load_address>0x5cf</load_address>
         <run_address>0x5cf</run_address>
         <size>0x21</size>
         <input_file_ref idref="fl-cc"/>
      </object_component>
      <object_component id="oc-6c">
         <name>.debug_pubnames</name>
         <load_address>0x5f0</load_address>
         <run_address>0x5f0</run_address>
         <size>0x25</size>
         <input_file_ref idref="fl-cd"/>
      </object_component>
      <object_component id="oc-bd">
         <name>.debug_pubnames</name>
         <load_address>0x615</load_address>
         <run_address>0x615</run_address>
         <size>0x1e</size>
         <input_file_ref idref="fl-ce"/>
      </object_component>
      <object_component id="oc-c5">
         <name>.debug_pubnames</name>
         <load_address>0x633</load_address>
         <run_address>0x633</run_address>
         <size>0x29</size>
         <input_file_ref idref="fl-cf"/>
      </object_component>
      <object_component id="oc-9c">
         <name>.debug_pubtypes</name>
         <load_address>0x0</load_address>
         <run_address>0x0</run_address>
         <size>0x160</size>
         <input_file_ref idref="fl-2"/>
      </object_component>
      <object_component id="oc-eb">
         <name>.debug_pubtypes</name>
         <load_address>0x160</load_address>
         <run_address>0x160</run_address>
         <size>0xdd</size>
         <input_file_ref idref="fl-2"/>
      </object_component>
      <object_component id="oc-41">
         <name>.debug_pubtypes</name>
         <load_address>0x23d</load_address>
         <run_address>0x23d</run_address>
         <size>0xed</size>
         <input_file_ref idref="fl-2"/>
      </object_component>
      <object_component id="oc-97">
         <name>.debug_pubtypes</name>
         <load_address>0x32a</load_address>
         <run_address>0x32a</run_address>
         <size>0x21</size>
         <input_file_ref idref="fl-2"/>
      </object_component>
      <object_component id="oc-91">
         <name>.debug_pubtypes</name>
         <load_address>0x34b</load_address>
         <run_address>0x34b</run_address>
         <size>0x1c6</size>
         <input_file_ref idref="fl-2"/>
      </object_component>
      <object_component id="oc-f0">
         <name>.debug_pubtypes</name>
         <load_address>0x511</load_address>
         <run_address>0x511</run_address>
         <size>0x34</size>
         <input_file_ref idref="fl-3"/>
[...]
            <object_component_ref idref="oc-e3"/>
            <object_component_ref idref="oc-8e"/>
            <object_component_ref idref="oc-cb"/>
            <object_component_ref idref="oc-83"/>
            <object_component_ref idref="oc-11"/>
            <object_component_ref idref="oc-2e"/>
            <object_component_ref idref="oc-88"/>
            <object_component_ref idref="oc-8b"/>
            <object_component_ref idref="oc-34"/>
            <object_component_ref idref="oc-26"/>
            <object_component_ref idref="oc-16"/>
            <object_component_ref idref="oc-1b"/>
            <object_component_ref idref="oc-21"/>
            <object_component_ref idref="oc-d2"/>
            <object_component_ref idref="oc-78"/>
            <object_component_ref idref="oc-48"/>
            <object_component_ref idref="oc-54"/>
            <object_component_ref idref="oc-60"/>
            <object_component_ref idref="oc-66"/>
            <object_component_ref idref="oc-7d"/>
            <object_component_ref idref="oc-d5"/>
            <object_component_ref idref="oc-11a"/>
            <object_component_ref idref="oc-72"/>
            <object_component_ref idref="oc-6c"/>
            <object_component_ref idref="oc-bd"/>
            <object_component_ref idref="oc-c5"/>
         </contents>
      </logical_group>
      <logical_group id="lg-15d" display="never" color="cyan">
         <name>.debug_pubtypes</name>
         <load_address>0x0</load_address>
         <run_address>0x0</run_address>
         <size>0x7d8</size>
         <contents>
            <object_component_ref idref="oc-9c"/>
            <object_component_ref idref="oc-eb"/>
            <object_component_ref idref="oc-41"/>
            <object_component_ref idref="oc-97"/>
            <object_component_ref idref="oc-91"/>
            <object_component_ref idref="oc-f0"/>
            <object_component_ref idref="oc-3c"/>
            <object_component_ref idref="oc-a3"/>
            <object_component_ref idref="oc-4c"/>
            <object_component_ref idref="oc-aa"/>
            <object_component_ref idref="oc-58"/>
            <object_component_ref idref="oc-b2"/>
            <object_component_ref idref="oc-d8"/>
            <object_component_ref idref="oc-120"/>
            <object_component_ref idref="oc-111"/>
            <object_component_ref idref="oc-fd"/>
            <object_component_ref idref="oc-133"/>
            <object_component_ref idref="oc-102"/>
            <object_component_ref idref="oc-12e"/>
         </contents>
      </logical_group>
      <load_segment id="lg-166" display="no" color="cyan">
         <name>SEGMENT_0</name>
         <load_address>0x0</load_address>
         <run_address>0x0</run_address>
         <size>0xde0</size>
         <flags>0x5</flags>
         <contents>
            <logical_group_ref idref="lg-3"/>
            <logical_group_ref idref="lg-4"/>
            <logical_group_ref idref="lg-5"/>
            <logical_group_ref idref="lg-6"/>
         </contents>
      </load_segment>
      <load_segment id="lg-167" display="no" color="cyan">
         <name>SEGMENT_1</name>
         <run_address>0x20000000</run_address>
         <size>0x247</size>
         <flags>0x6</flags>
         <contents>
            <logical_group_ref idref="lg-d"/>
            <logical_group_ref idref="lg-a"/>
            <logical_group_ref idref="lg-b"/>
         </contents>
      </load_segment>
   </logical_group_list>
   <placement_map>
      <memory_area display="yes" color="green">
         <name>FLASH</name>
         <page_id>0x0</page_id>
         <origin>0x0</origin>
         <length>0x40000</length>
         <used_space>0xde0</used_space>
         <unused_space>0x3f220</unused_space>
         <attributes>RX</attributes>
         <usage_details>
            <allocated_space>
               <start_address>0x0</start_address>
               <size>0x26c</size>
               <logical_group_ref idref="lg-3"/>
            </allocated_space>
            <allocated_space>
               <start_address>0x26c</start_address>
               <size>0xb28</size>
               <logical_group_ref idref="lg-4"/>
            </allocated_space>
            <allocated_space>
               <start_address>0xd94</start_address>
               <size>0xc</size>
               <logical_group_ref idref="lg-5"/>
            </allocated_space>
            <allocated_space>
               <start_address>0xda0</start_address>
               <size>0x40</size>
               <logical_group_ref idref="lg-6"/>
            </allocated_space>
            <available_space>
               <start_address>0xde0</start_address>
               <size>0x3f220</size>
            </available_space>
         </usage_details>
      </memory_area>
      <memory_area display="yes" color="green">
         <name>SRAM</name>
         <page_id>0x0</page_id>
         <origin>0x20000000</origin>
         <length>0x8000</length>
         <used_space>0x247</used_space>
         <unused_space>0x7db9</unused_space>
         <attributes>RWX</attributes>
         <usage_details>
            <allocated_space>
               <start_address>0x20000000</start_address>
               <size>0x200</size>
               <logical_group_ref idref="lg-d"/>
            </allocated_space>
            <allocated_space>
               <start_address>0x20000200</start_address>
               <size>0x46</size>
               <logical_group_ref idref="lg-a"/>
            </allocated_space>
            <allocated_space>
               <start_address>0x20000246</start_address>
               <size>0x1</size>
               <logical_group_ref idref="lg-b"/>
            </allocated_space>
            <available_space>
               <start_address>0x20000247</start_address>
               <size>0x7db9</size>
            </available_space>
         </usage_details>
      </memory_area>
   </placement_map>
   <cptbl_list>
      <cptbl>
         <name>__TI_cinit_table</name>
         <cprec>
            <name>.data</name>
            <load_address>0xda0</load_address>
            <load_size>0x1c</load_size>
            <run_address>0x20000200</run_address>
            <run_size>0x46</run_size>
            <compression>lzss</compression>
         </cprec>
         <cprec>
            <name>.bss</name>
            <load_address>0xdc8</load_address>
            <load_size>0x8</load_size>
            <run_address>0x20000246</run_address>
            <run_size>0x1</run_size>
            <compression>zero_init</compression>
         </cprec>
      </cptbl>
   </cptbl_list>
   <handler_table>
      <handler_table_name>__TI_handler_table</handler_table_name>
      <handler>
         <index>0x0</index>
         <name>__TI_decompress_lzss</name>
      </handler>
      <handler>
         <index>0x1</index>
         <name>__TI_decompress_none</name>
      </handler>
      <handler>
         <index>0x2</index>
         <name>__TI_zero_init</name>
      </handler>
   </handler_table>
   <symbol_table>
      <symbol id="sm-1">
         <name>__STACK_TOP</name>
         <value>0x20000200</value>
      </symbol>
      <symbol id="sm-2">
         <name>__TI_CINIT_Base</name>
         <value>0xdd0</value>
      </symbol>
      <symbol id="sm-3">
         <name>__TI_CINIT_Limit</name>
         <value>0xde0</value>
      </symbol>
      <symbol id="sm-4">
         <name>__TI_Handler_Table_Base</name>
         <value>0xdbc</value>
      </symbol>
      <symbol id="sm-5">
         <name>__TI_Handler_Table_Limit</name>
         <value>0xdc8</value>
      </symbol>
      <symbol id="sm-6">
         <name>binit</name>
         <value>0xffffffff</value>
      </symbol>
      <symbol id="sm-7">
         <name>__binit__</name>
         <value>0xffffffff</value>
      </symbol>
      <symbol id="sm-8">
         <name>__STACK_SIZE</name>
         <value>0x200</value>
      </symbol>
      <symbol id="sm-9">
         <name>__STACK_END</name>
         <value>0x20000200</value>
      </symbol>
      <symbol id="sm-a">
         <name>__c_args__</name>
         <value>0xffffffff</value>
      </symbol>
      <symbol id="sm-b">
         <name>__TI_pprof_out_hndl</name>
         <value>0xffffffff</value>
      </symbol>
      <symbol id="sm-c">
         <name>__TI_prof_data_start</name>
         <value>0xffffffff</value>
      </symbol>
      <symbol id="sm-d">
         <name>__TI_prof_data_size</name>
         <value>0xffffffff</value>
      </symbol>
      <symbol id="sm-62">
         <name>centerPressed</name>
         <value>0x941</value>
         <object_component_ref idref="oc-106"/>
      </symbol>
      <symbol id="sm-63">
         <name>inputFlags</name>
         <value>0x20000244</value>
         <object_component_ref idref="oc-137"/>
      </symbol>
      <symbol id="sm-64">
         <name>rightPressed</name>
         <value>0x90d</value>
         <object_component_ref idref="oc-106"/>
      </symbol>
      <symbol id="sm-65">
         <name>leftPressed</name>
         <value>0x8f3</value>
         <object_component_ref idref="oc-106"/>
      </symbol>
      <symbol id="sm-66">
         <name>_callback</name>
         <value>0x95b</value>
         <object_component_ref idref="oc-106"/>
      </symbol>
      <symbol id="sm-67">
         <name>control_init</name>
         <value>0x977</value>
         <object_component_ref idref="oc-106"/>
      </symbol>
      <symbol id="sm-68">
         <name>buttonPressed</name>
         <value>0x927</value>
         <object_component_ref idref="oc-106"/>
      </symbol>
      <symbol id="sm-69">
         <name>downPressed</name>
         <value>0x8d9</value>
         <object_component_ref idref="oc-106"/>
      </symbol>
      <symbol id="sm-b4">
         <name>data</name>
         <value>0x20000246</value>
      </symbol>
      <symbol id="sm-b5">
         <name>timers</name>
         <value>0xd94</value>
         <object_component_ref idref="oc-8c"/>
      </symbol>
      <symbol id="sm-b6">
         <name>timer_data</name>
         <value>0x20000234</value>
         <object_component_ref idref="oc-e1"/>
      </symbol>
      <symbol id="sm-b7">
         <name>flags</name>
         <value>0x2000022c</value>
         <object_component_ref idref="oc-e1"/>
      </symbol>
      <symbol id="sm-b8">
         <name>main</name>
         <value>0x6cf</value>
         <object_component_ref idref="oc-c8"/>
      </symbol>
      <symbol id="sm-b9">
         <name>clk_1</name>
         <value>0x621</value>
         <object_component_ref idref="oc-c8"/>
      </symbol>
      <symbol id="sm-ba">
         <name>clk_2</name>
         <value>0x637</value>
         <object_component_ref idref="oc-c8"/>
      </symbol>
      <symbol id="sm-bb">
         <name>clr_1</name>
         <value>0x64d</value>
         <object_component_ref idref="oc-c8"/>
      </symbol>
      <symbol id="sm-bc">
         <name>clr_2</name>
         <value>0x663</value>
         <object_component_ref idref="oc-c8"/>
      </symbol>
      <symbol id="sm-bd">
         <name>wait</name>
         <value>0x849</value>
         <object_component_ref idref="oc-c8"/>
      </symbol>
      <symbol id="sm-be">
         <name>writeSPI</name>
         <value>0x605</value>
         <object_component_ref idref="oc-c8"/>
      </symbol>
      <symbol id="sm-bf">
         <name>write</name>
         <value>0x679</value>
         <object_component_ref idref="oc-c8"/>
      </symbol>
      <symbol id="sm-c0">
         <name>timer_display</name>
         <value>0x20000230</value>
         <object_component_ref idref="oc-e1"/>
      </symbol>
      <symbol id="sm-c1">
         <name>wait2</name>
         <value>0x86d</value>
         <object_component_ref idref="oc-c8"/>
      </symbol>
      <symbol id="sm-d2">
         <name>timer_tick</name>
         <value>0xa75</value>
         <object_component_ref idref="oc-80"/>
      </symbol>
      <symbol id="sm-ee">
         <name>ResetISR</name>
         <value>0xd83</value>
         <object_component_ref idref="oc-2b"/>
      </symbol>
      <symbol id="sm-ef">
         <name>g_pfnVectors</name>
         <value>0x0</value>
         <object_component_ref idref="oc-f"/>
      </symbol>
      <symbol id="sm-143">
         <name>GPIOA_Handler</name>
         <value>0x291</value>
         <object_component_ref idref="oc-31"/>
      </symbol>
      <symbol id="sm-144">
         <name>spi_init</name>
         <value>0x47d</value>
         <object_component_ref idref="oc-31"/>
      </symbol>
      <symbol id="sm-145">
         <name>gpio_enableInterrupt</name>
         <value>0x3df</value>
         <object_component_ref idref="oc-31"/>
      </symbol>
      <symbol id="sm-146">
         <name>gpio_enable</name>
         <value>0x2df</value>
         <object_component_ref idref="oc-31"/>
      </symbol>
      <symbol id="sm-147">
         <name>_enableNVIC</name>
         <value>0x37b</value>
         <object_component_ref idref="oc-31"/>
      </symbol>
      <symbol id="sm-148">
         <name>gpio_digitalEnable</name>
         <value>0x321</value>
         <object_component_ref idref="oc-31"/>
      </symbol>
      <symbol id="sm-149">
         <name>hal_init</name>
         <value>0x54d</value>
         <object_component_ref idref="oc-31"/>
      </symbol>
      <symbol id="sm-14a">
         <name>gpio_alternateFunctions</name>
         <value>0x35d</value>
         <object_component_ref idref="oc-31"/>
      </symbol>
      <symbol id="sm-14b">
         <name>timer_init</name>
         <value>0x4e5</value>
         <object_component_ref idref="oc-31"/>
      </symbol>
      <symbol id="sm-14c">
         <name>hal_process</name>
         <value>0x559</value>
         <object_component_ref idref="oc-31"/>
      </symbol>
      <symbol id="sm-14d">
         <name>gpio_setPullups</name>
         <value>0x33f</value>
         <object_component_ref idref="oc-31"/>
      </symbol>
      <symbol id="sm-14e">
         <name>TIMER0A_Handler</name>
         <value>0x539</value>
         <object_component_ref idref="oc-31"/>
      </symbol>
      <symbol id="sm-14f">
         <name>gpio_direction</name>
         <value>0x303</value>
         <object_component_ref idref="oc-31"/>
      </symbol>
      <symbol id="sm-161">
         <name>_c_int00</name>
         <value>0xc49</value>
         <object_component_ref idref="oc-24"/>
      </symbol>
      <symbol id="sm-162">
         <name>__stack</name>
         <value>0x20000000</value>
         <object_component_ref idref="oc-2a"/>
      </symbol>
      <symbol id="sm-180">
         <name>__TI_decompress_lzss</name>
         <value>0xbe1</value>
         <object_component_ref idref="oc-12"/>
      </symbol>
      <symbol id="sm-197">
         <name>__TI_decompress_none</name>
         <value>0xd69</value>
         <object_component_ref idref="oc-18"/>
      </symbol>
      <symbol id="sm-1ae">
         <name>__TI_zero_init</name>
         <value>0xd77</value>
         <object_component_ref idref="oc-1e"/>
      </symbol>
      <symbol id="sm-1cf">
         <name>C$$EXIT</name>
         <value>0xc9d</value>
         <object_component_ref idref="oc-75"/>
      </symbol>
      <symbol id="sm-1d0">
         <name>abort</name>
         <value>0xca1</value>
         <object_component_ref idref="oc-75"/>
      </symbol>
      <symbol id="sm-1d1">
         <name>exit</name>
         <value>0xca9</value>
         <object_component_ref idref="oc-75"/>
      </symbol>
      <symbol id="sm-1d2">
         <name>__TI_dtors_ptr</name>
         <value>0x20000224</value>
         <object_component_ref idref="oc-d0"/>
      </symbol>
      <symbol id="sm-1d3">
         <name>__TI_cleanup_ptr</name>
         <value>0x20000220</value>
         <object_component_ref idref="oc-d0"/>
      </symbol>
      <symbol id="sm-1d4">
         <name>__TI_enable_exit_profile_output</name>
         <value>0x20000228</value>
         <object_component_ref idref="oc-d0"/>
      </symbol>
      <symbol id="sm-1ef">
         <name>memcpy</name>
         <value>0x9d9</value>
         <object_component_ref idref="oc-45"/>
      </symbol>
      <symbol id="sm-1f0">
         <name>__aeabi_memcpy</name>
         <value>0x9d9</value>
         <object_component_ref idref="oc-45"/>
      </symbol>
      <symbol id="sm-1f1">
         <name>__aeabi_memcpy8</name>
         <value>0x9d9</value>
         <object_component_ref idref="oc-45"/>
      </symbol>
      <symbol id="sm-1f2">
         <name>__aeabi_memcpy4</name>
         <value>0x9d9</value>
         <object_component_ref idref="oc-45"/>
      </symbol>
      <symbol id="sm-201">
         <name>__aeabi_memset</name>
         <value>0xaf7</value>
         <object_component_ref idref="oc-51"/>
      </symbol>
      <symbol id="sm-202">
         <name>memset</name>
         <value>0xafd</value>
         <object_component_ref idref="oc-51"/>
      </symbol>
      <symbol id="sm-203">
         <name>__aeabi_memset8</name>
         <value>0xaf7</value>
         <object_component_ref idref="oc-51"/>
      </symbol>
      <symbol id="sm-204">
         <name>__aeabi_memset4</name>
         <value>0xaf7</value>
         <object_component_ref idref="oc-51"/>
      </symbol>
      <symbol id="sm-205">
         <name>__aeabi_memclr8</name>
         <value>0xaf5</value>
         <object_component_ref idref="oc-51"/>
      </symbol>
      <symbol id="sm-206">
         <name>__aeabi_memclr4</name>
         <value>0xaf5</value>
         <object_component_ref idref="oc-51"/>
      </symbol>
      <symbol id="sm-207">
         <name>__aeabi_memclr</name>
         <value>0xaf5</value>
         <object_component_ref idref="oc-51"/>
      </symbol>
      <symbol id="sm-211">
         <name>__mpu_init</name>
         <value>0xb6f</value>
         <object_component_ref idref="oc-5d"/>
      </symbol>
      <symbol id="sm-21b">
         <name>_system_pre_init</name>
         <value>0xd8f</value>
         <object_component_ref idref="oc-63"/>
      </symbol>
      <symbol id="sm-223">
         <name>main_func_sp</name>
         <value>0x20000240</value>
         <object_component_ref idref="oc-7b"/>
      </symbol>
      <symbol id="sm-23c">
         <name>_nop</name>
         <value>0xd63</value>
         <object_component_ref idref="oc-117"/>
      </symbol>
      <symbol id="sm-23d">
         <name>_lock</name>
         <value>0x20000238</value>
         <object_component_ref idref="oc-d3"/>
      </symbol>
      <symbol id="sm-23e">
         <name>_unlock</name>
         <value>0x2000023c</value>
         <object_component_ref idref="oc-d3"/>
      </symbol>
      <symbol id="sm-23f">
         <name>_register_lock</name>
         <value>0xd5b</value>
         <object_component_ref idref="oc-117"/>
      </symbol>
      <symbol id="sm-240">
         <name>_register_unlock</name>
         <value>0xd55</value>
         <object_component_ref idref="oc-117"/>
      </symbol>
      <symbol id="sm-254">
         <name>_args_main</name>
         <value>0xd3d</value>
         <object_component_ref idref="oc-6f"/>
      </symbol>
      <symbol id="sm-27e">
         <name>__TI_auto_init</name>
         <value>0xb71</value>
         <object_component_ref idref="oc-69"/>
      </symbol>
      <symbol id="sm-298">
         <name>copy_in</name>
         <value>0xcf1</value>
         <object_component_ref idref="oc-ba"/>
      </symbol>
      <symbol id="sm-2a2">
         <name>_system_post_cinit</name>
         <value>0xd93</value>
         <object_component_ref idref="oc-c0"/>
      </symbol>
      <symbol id="sm-2a3">
         <name>__TI_static_base__</name>
         <value>0x0</value>
      </symbol>
      <symbol id="sm-2a6">
         <name>SHT$$INIT_ARRAY$$Limit</name>
         <value>0x0</value>
      </symbol>
      <symbol id="sm-2a7">
         <name>SHT$$INIT_ARRAY$$Base</name>
         <value>0x0</value>
      </symbol>
   </symbol_table>
   <title>Link successful</title>
</link_info>
