<?xml version="1.0"?>
<link_info>
   <banner>TI ARM Linker Unix v16.9.1.LTS</banner>
   <copyright>Copyright (c) 1996-2015 Texas Instruments Incorporated</copyright>
   <link_time>0x58929c4b</link_time>
   <link_errors>0x0</link_errors>
   <output_file>rgb_matrix.out</output_file>
   <entry_point>
      <name>_c_int00</name>
      <address>0x1605</address>
   </entry_point>
   <input_file_list>
      <input_file id="fl-2">
         <path>./</path>
         <kind>object</kind>
         <file>control.obj</file>
         <name>control.obj</name>
      </input_file>
      <input_file id="fl-3">
         <path>./</path>
         <kind>object</kind>
         <file>display.obj</file>
         <name>display.obj</name>
      </input_file>
      <input_file id="fl-4">
         <path>./</path>
         <kind>object</kind>
         <file>highside.obj</file>
         <name>highside.obj</name>
      </input_file>
      <input_file id="fl-5">
         <path>./</path>
         <kind>object</kind>
         <file>lowside.obj</file>
         <name>lowside.obj</name>
      </input_file>
      <input_file id="fl-6">
         <path>./</path>
         <kind>object</kind>
         <file>main.obj</file>
         <name>main.obj</name>
      </input_file>
      <input_file id="fl-7">
         <path>./</path>
         <kind>object</kind>
         <file>timer.obj</file>
         <name>timer.obj</name>
      </input_file>
      <input_file id="fl-8">
         <path>./</path>
         <kind>object</kind>
         <file>tm4c123gh6pm_startup_ccs.obj</file>
         <name>tm4c123gh6pm_startup_ccs.obj</name>
      </input_file>
      <input_file id="fl-9">
         <path>./app/</path>
         <kind>object</kind>
         <file>game.obj</file>
         <name>game.obj</name>
      </input_file>
      <input_file id="fl-a">
         <path>./hal/</path>
         <kind>object</kind>
         <file>hal.obj</file>
         <name>hal.obj</name>
      </input_file>
      <input_file id="fl-b">
         <path>./hal/hal_tiva/cmsis/Source/</path>
         <kind>object</kind>
         <file>system_FM4F.obj</file>
         <name>system_FM4F.obj</name>
      </input_file>
      <input_file id="fl-c5">
         <path>/home/patrick/ti/ccsv6/tools/compiler/ti-cgt-arm_16.9.1.LTS/lib/</path>
         <kind>archive</kind>
         <file>rtsv7M4_T_le_v4SPD16_eabi.lib</file>
         <name>boot.obj</name>
      </input_file>
      <input_file id="fl-c6">
         <path>/home/patrick/ti/ccsv6/tools/compiler/ti-cgt-arm_16.9.1.LTS/lib/</path>
         <kind>archive</kind>
         <file>rtsv7M4_T_le_v4SPD16_eabi.lib</file>
         <name>copy_decompress_lzss.obj</name>
      </input_file>
      <input_file id="fl-c7">
         <path>/home/patrick/ti/ccsv6/tools/compiler/ti-cgt-arm_16.9.1.LTS/lib/</path>
         <kind>archive</kind>
         <file>rtsv7M4_T_le_v4SPD16_eabi.lib</file>
         <name>copy_decompress_none.obj</name>
      </input_file>
      <input_file id="fl-c8">
         <path>/home/patrick/ti/ccsv6/tools/compiler/ti-cgt-arm_16.9.1.LTS/lib/</path>
         <kind>archive</kind>
         <file>rtsv7M4_T_le_v4SPD16_eabi.lib</file>
         <name>copy_zero_init.obj</name>
      </input_file>
      <input_file id="fl-c9">
         <path>/home/patrick/ti/ccsv6/tools/compiler/ti-cgt-arm_16.9.1.LTS/lib/</path>
         <kind>archive</kind>
         <file>rtsv7M4_T_le_v4SPD16_eabi.lib</file>
         <name>exit.obj</name>
      </input_file>
      <input_file id="fl-ca">
         <path>/home/patrick/ti/ccsv6/tools/compiler/ti-cgt-arm_16.9.1.LTS/lib/</path>
         <kind>archive</kind>
         <file>rtsv7M4_T_le_v4SPD16_eabi.lib</file>
         <name>memcpy_t2.obj</name>
      </input_file>
      <input_file id="fl-cb">
         <path>/home/patrick/ti/ccsv6/tools/compiler/ti-cgt-arm_16.9.1.LTS/lib/</path>
         <kind>archive</kind>
         <file>rtsv7M4_T_le_v4SPD16_eabi.lib</file>
         <name>memset_t2.obj</name>
      </input_file>
      <input_file id="fl-cc">
         <path>/home/patrick/ti/ccsv6/tools/compiler/ti-cgt-arm_16.9.1.LTS/lib/</path>
         <kind>archive</kind>
         <file>rtsv7M4_T_le_v4SPD16_eabi.lib</file>
         <name>mpu_init.obj</name>
      </input_file>
      <input_file id="fl-cd">
         <path>/home/patrick/ti/ccsv6/tools/compiler/ti-cgt-arm_16.9.1.LTS/lib/</path>
         <kind>archive</kind>
         <file>rtsv7M4_T_le_v4SPD16_eabi.lib</file>
         <name>pre_init.obj</name>
      </input_file>
      <input_file id="fl-ce">
         <path>/home/patrick/ti/ccsv6/tools/compiler/ti-cgt-arm_16.9.1.LTS/lib/</path>
         <kind>archive</kind>
         <file>rtsv7M4_T_le_v4SPD16_eabi.lib</file>
         <name>rand.obj</name>
      </input_file>
      <input_file id="fl-cf">
         <path>/home/patrick/ti/ccsv6/tools/compiler/ti-cgt-arm_16.9.1.LTS/lib/</path>
         <kind>archive</kind>
         <file>rtsv7M4_T_le_v4SPD16_eabi.lib</file>
         <name>stkdepth_vars.obj</name>
      </input_file>
      <input_file id="fl-d0">
         <path>/home/patrick/ti/ccsv6/tools/compiler/ti-cgt-arm_16.9.1.LTS/lib/</path>
         <kind>archive</kind>
         <file>rtsv7M4_T_le_v4SPD16_eabi.lib</file>
         <name>time.obj</name>
      </input_file>
      <input_file id="fl-d1">
         <path>/home/patrick/ti/ccsv6/tools/compiler/ti-cgt-arm_16.9.1.LTS/lib/</path>
         <kind>archive</kind>
         <file>rtsv7M4_T_le_v4SPD16_eabi.lib</file>
         <name>trgdrv.obj</name>
      </input_file>
      <input_file id="fl-d2">
         <path>/home/patrick/ti/ccsv6/tools/compiler/ti-cgt-arm_16.9.1.LTS/lib/</path>
         <kind>archive</kind>
         <file>rtsv7M4_T_le_v4SPD16_eabi.lib</file>
         <name>trgmsg.obj</name>
      </input_file>
      <input_file id="fl-d3">
         <path>/home/patrick/ti/ccsv6/tools/compiler/ti-cgt-arm_16.9.1.LTS/lib/</path>
         <kind>archive</kind>
         <file>rtsv7M4_T_le_v4SPD16_eabi.lib</file>
         <name>_lock.obj</name>
      </input_file>
      <input_file id="fl-d4">
         <path>/home/patrick/ti/ccsv6/tools/compiler/ti-cgt-arm_16.9.1.LTS/lib/</path>
         <kind>archive</kind>
         <file>rtsv7M4_T_le_v4SPD16_eabi.lib</file>
         <name>args_main.obj</name>
      </input_file>
      <input_file id="fl-d5">
         <path>/home/patrick/ti/ccsv6/tools/compiler/ti-cgt-arm_16.9.1.LTS/lib/</path>
         <kind>archive</kind>
         <file>rtsv7M4_T_le_v4SPD16_eabi.lib</file>
         <name>autoinit.obj</name>
      </input_file>
      <input_file id="fl-d6">
         <path>/home/patrick/ti/ccsv6/tools/compiler/ti-cgt-arm_16.9.1.LTS/lib/</path>
         <kind>archive</kind>
         <file>rtsv7M4_T_le_v4SPD16_eabi.lib</file>
         <name>cpy_tbl.obj</name>
      </input_file>
      <input_file id="fl-d7">
         <path>/home/patrick/ti/ccsv6/tools/compiler/ti-cgt-arm_16.9.1.LTS/lib/</path>
         <kind>archive</kind>
         <file>rtsv7M4_T_le_v4SPD16_eabi.lib</file>
         <name>startup.obj</name>
      </input_file>
      <input_file id="fl-d8">
         <path>/home/patrick/ti/ccsv6/tools/compiler/ti-cgt-arm_16.9.1.LTS/lib/</path>
         <kind>archive</kind>
         <file>rtsv7M4_T_le_v4SPD16_eabi.lib</file>
         <name>strcpy.obj</name>
      </input_file>
      <input_file id="fl-d9">
         <path>/home/patrick/ti/ccsv6/tools/compiler/ti-cgt-arm_16.9.1.LTS/lib/</path>
         <kind>archive</kind>
         <file>rtsv7M4_T_le_v4SPD16_eabi.lib</file>
         <name>strlen.obj</name>
      </input_file>
   </input_file_list>
   <object_component_list>
      <object_component id="oc-f">
         <name>.intvecs</name>
         <load_address>0x0</load_address>
         <run_address>0x0</run_address>
         <size>0x26c</size>
         <input_file_ref idref="fl-8"/>
      </object_component>
      <object_component id="oc-122">
         <name>.text</name>
         <load_address>0x26c</load_address>
         <run_address>0x26c</run_address>
         <size>0x418</size>
         <input_file_ref idref="fl-9"/>
      </object_component>
      <object_component id="oc-31">
         <name>.text</name>
         <load_address>0x684</load_address>
         <run_address>0x684</run_address>
         <size>0x3a8</size>
         <input_file_ref idref="fl-a"/>
      </object_component>
      <object_component id="oc-19f">
         <name>.text</name>
         <load_address>0xa2c</load_address>
         <run_address>0xa2c</run_address>
         <size>0x324</size>
         <input_file_ref idref="fl-d1"/>
      </object_component>
      <object_component id="oc-128">
         <name>.text</name>
         <load_address>0xd50</load_address>
         <run_address>0xd50</run_address>
         <size>0x20c</size>
         <input_file_ref idref="fl-3"/>
      </object_component>
      <object_component id="oc-110">
         <name>.text</name>
         <load_address>0xf5c</load_address>
         <run_address>0xf5c</run_address>
         <size>0x144</size>
         <input_file_ref idref="fl-2"/>
      </object_component>
      <object_component id="oc-116">
         <name>.text</name>
         <load_address>0x10a0</load_address>
         <run_address>0x10a0</run_address>
         <size>0x130</size>
         <input_file_ref idref="fl-4"/>
      </object_component>
      <object_component id="oc-11c">
         <name>.text</name>
         <load_address>0x11d0</load_address>
         <run_address>0x11d0</run_address>
         <size>0xd4</size>
         <input_file_ref idref="fl-5"/>
      </object_component>
      <object_component id="oc-45">
         <name>.text</name>
         <load_address>0x12a4</load_address>
         <run_address>0x12a4</run_address>
         <size>0x9c</size>
         <input_file_ref idref="fl-ca"/>
      </object_component>
      <object_component id="oc-c8">
         <name>.text</name>
         <load_address>0x1340</load_address>
         <run_address>0x1340</run_address>
         <size>0x88</size>
         <input_file_ref idref="fl-6"/>
      </object_component>
      <object_component id="oc-80">
         <name>.text</name>
         <load_address>0x13c8</load_address>
         <run_address>0x13c8</run_address>
         <size>0x80</size>
         <input_file_ref idref="fl-7"/>
      </object_component>
      <object_component id="oc-51">
         <name>.text</name>
         <load_address>0x1448</load_address>
         <run_address>0x1448</run_address>
         <size>0x7a</size>
         <input_file_ref idref="fl-cb"/>
      </object_component>
      <object_component id="oc-5d">
         <name>.text</name>
         <load_address>0x14c2</load_address>
         <run_address>0x14c2</run_address>
         <size>0x2</size>
         <input_file_ref idref="fl-cc"/>
      </object_component>
      <object_component id="oc-69">
         <name>.text</name>
         <load_address>0x14c4</load_address>
         <run_address>0x14c4</run_address>
         <size>0x70</size>
         <input_file_ref idref="fl-d5"/>
      </object_component>
      <object_component id="oc-12">
         <name>.text:decompress:lzss</name>
         <load_address>0x1534</load_address>
         <run_address>0x1534</run_address>
         <size>0x68</size>
         <input_file_ref idref="fl-c6"/>
      </object_component>
      <object_component id="oc-1b7">
         <name>.text</name>
         <load_address>0x159c</load_address>
         <run_address>0x159c</run_address>
         <size>0x68</size>
         <input_file_ref idref="fl-d2"/>
      </object_component>
      <object_component id="oc-24">
         <name>.text</name>
         <load_address>0x1604</load_address>
         <run_address>0x1604</run_address>
         <size>0x54</size>
         <input_file_ref idref="fl-c5"/>
      </object_component>
      <object_component id="oc-75">
         <name>.text</name>
         <load_address>0x1658</load_address>
         <run_address>0x1658</run_address>
         <size>0x54</size>
         <input_file_ref idref="fl-c9"/>
      </object_component>
      <object_component id="oc-ba">
         <name>.text</name>
         <load_address>0x16ac</load_address>
         <run_address>0x16ac</run_address>
         <size>0x4c</size>
         <input_file_ref idref="fl-d6"/>
      </object_component>
      <object_component id="oc-17d">
         <name>.text</name>
         <load_address>0x16f8</load_address>
         <run_address>0x16f8</run_address>
         <size>0x4c</size>
         <input_file_ref idref="fl-ce"/>
      </object_component>
      <object_component id="oc-6f">
         <name>.text</name>
         <load_address>0x1744</load_address>
         <run_address>0x1744</run_address>
         <size>0x18</size>
         <input_file_ref idref="fl-d4"/>
      </object_component>
      <object_component id="oc-138">
         <name>.text</name>
         <load_address>0x175c</load_address>
         <run_address>0x175c</run_address>
         <size>0x14</size>
         <input_file_ref idref="fl-d3"/>
      </object_component>
      <object_component id="oc-1c3">
         <name>.text</name>
         <load_address>0x1770</load_address>
         <run_address>0x1770</run_address>
         <size>0x14</size>
         <input_file_ref idref="fl-d8"/>
      </object_component>
      <object_component id="oc-1bd">
         <name>.text</name>
         <load_address>0x1784</load_address>
         <run_address>0x1784</run_address>
         <size>0x14</size>
         <input_file_ref idref="fl-d9"/>
      </object_component>
      <object_component id="oc-18">
         <name>.text:decompress:none</name>
         <load_address>0x1798</load_address>
         <run_address>0x1798</run_address>
         <size>0xe</size>
         <input_file_ref idref="fl-c7"/>
      </object_component>
      <object_component id="oc-177">
         <name>.text</name>
         <load_address>0x17a6</load_address>
         <run_address>0x17a6</run_address>
         <size>0xe</size>
         <input_file_ref idref="fl-d0"/>
      </object_component>
      <object_component id="oc-1e">
         <name>.text:decompress:ZI</name>
         <load_address>0x17b4</load_address>
         <run_address>0x17b4</run_address>
         <size>0xc</size>
         <input_file_ref idref="fl-c8"/>
      </object_component>
      <object_component id="oc-2b">
         <name>.text</name>
         <load_address>0x17c0</load_address>
         <run_address>0x17c0</run_address>
         <size>0xc</size>
         <input_file_ref idref="fl-8"/>
      </object_component>
      <object_component id="oc-63">
         <name>.text</name>
         <load_address>0x17cc</load_address>
         <run_address>0x17cc</run_address>
         <size>0x4</size>
         <input_file_ref idref="fl-cd"/>
      </object_component>
      <object_component id="oc-c0">
         <name>.text</name>
         <load_address>0x17d0</load_address>
         <run_address>0x17d0</run_address>
         <size>0x2</size>
         <input_file_ref idref="fl-d7"/>
      </object_component>
      <object_component id="oc-8c">
         <name>.const:timers</name>
         <load_address>0x17d4</load_address>
         <run_address>0x17d4</run_address>
         <size>0x20</size>
         <input_file_ref idref="fl-6"/>
      </object_component>
      <object_component id="oc-219">
         <name>.cinit..data.load</name>
         <load_address>0x17f8</load_address>
         <run_address>0x17f8</run_address>
         <size>0x8e</size>
      </object_component>
      <object_component id="oc-217">
         <name>__TI_handler_table</name>
         <load_address>0x1888</load_address>
         <run_address>0x1888</run_address>
         <size>0xc</size>
      </object_component>
      <object_component id="oc-21a">
         <name>.cinit..bss.load</name>
         <load_address>0x1898</load_address>
         <run_address>0x1898</run_address>
         <size>0x8</size>
      </object_component>
      <object_component id="oc-218">
         <name>__TI_cinit_table</name>
         <load_address>0x18a0</load_address>
         <run_address>0x18a0</run_address>
         <size>0x10</size>
      </object_component>
      <object_component id="oc-16b">
         <name>.data</name>
         <load_address>0x2000046c</load_address>
         <run_address>0x2000046c</run_address>
         <size>0x3</size>
         <input_file_ref idref="fl-2"/>
      </object_component>
      <object_component id="oc-187">
         <name>.data</name>
         <load_address>0x20000444</load_address>
         <run_address>0x20000444</run_address>
         <size>0xa</size>
         <input_file_ref idref="fl-3"/>
      </object_component>
      <object_component id="oc-e4">
         <name>.data</name>
         <load_address>0x20000458</load_address>
         <run_address>0x20000458</run_address>
         <size>0x8</size>
         <input_file_ref idref="fl-6"/>
      </object_component>
      <object_component id="oc-183">
         <name>.data:pieces</name>
         <load_address>0x20000258</load_address>
         <run_address>0x20000258</run_address>
         <size>0x1c0</size>
         <input_file_ref idref="fl-9"/>
      </object_component>
      <object_component id="oc-18a">
         <name>.data</name>
         <load_address>0x20000460</load_address>
         <run_address>0x20000460</run_address>
         <size>0x4</size>
         <input_file_ref idref="fl-9"/>
      </object_component>
      <object_component id="oc-86">
         <name>.data:PORTA_callbacks</name>
         <load_address>0x20000418</load_address>
         <run_address>0x20000418</run_address>
         <size>0x20</size>
         <input_file_ref idref="fl-a"/>
      </object_component>
      <object_component id="oc-89">
         <name>.data</name>
         <load_address>0x2000044e</load_address>
         <run_address>0x2000044e</run_address>
         <size>0x1</size>
         <input_file_ref idref="fl-a"/>
      </object_component>
      <object_component id="oc-d0">
         <name>.data:$O1$$</name>
         <load_address>0x20000438</load_address>
         <run_address>0x20000438</run_address>
         <size>0xc</size>
         <input_file_ref idref="fl-c9"/>
      </object_component>
      <object_component id="oc-1ac">
         <name>.data</name>
         <load_address>0x20000464</load_address>
         <run_address>0x20000464</run_address>
         <size>0x4</size>
         <input_file_ref idref="fl-ce"/>
      </object_component>
      <object_component id="oc-7b">
         <name>.data</name>
         <load_address>0x20000468</load_address>
         <run_address>0x20000468</run_address>
         <size>0x4</size>
         <input_file_ref idref="fl-cf"/>
      </object_component>
      <object_component id="oc-d3">
         <name>.data:$O1$$</name>
         <load_address>0x20000450</load_address>
         <run_address>0x20000450</run_address>
         <size>0x8</size>
         <input_file_ref idref="fl-d3"/>
      </object_component>
      <object_component id="oc-1c9">
         <name>.bss:parmbuf</name>
         <uninitialized>true</uninitialized>
         <run_address>0x20000220</run_address>
         <size>0x8</size>
         <input_file_ref idref="fl-d1"/>
      </object_component>
      <object_component id="oc-1de">
         <name>.bss:_CIOBUF_</name>
         <uninitialized>true</uninitialized>
         <run_address>0x20000000</run_address>
         <size>0x120</size>
         <input_file_ref idref="fl-d2"/>
      </object_component>
      <object_component id="oc-e7">
         <name>.common:timer_debounce</name>
         <uninitialized>true</uninitialized>
         <run_address>0x2000023c</run_address>
         <size>0x4</size>
      </object_component>
      <object_component id="oc-e1">
         <name>.common:timer_display</name>
         <uninitialized>true</uninitialized>
         <run_address>0x20000240</run_address>
         <size>0x4</size>
      </object_component>
      <object_component id="oc-18f">
         <name>.common:colBytes</name>
         <uninitialized>true</uninitialized>
         <run_address>0x20000254</run_address>
         <size>0x3</size>
      </object_component>
      <object_component id="oc-186">
         <name>.common:matrixbuffer</name>
         <uninitialized>true</uninitialized>
         <run_address>0x20000120</run_address>
         <size>0x100</size>
      </object_component>
      <object_component id="oc-16f">
         <name>.common:hsDriver</name>
         <uninitialized>true</uninitialized>
         <run_address>0x20000230</run_address>
         <size>0x8</size>
      </object_component>
      <object_component id="oc-173">
         <name>.common:ctrlPort</name>
         <uninitialized>true</uninitialized>
         <run_address>0x20000238</run_address>
         <size>0x4</size>
      </object_component>
      <object_component id="oc-18d">
         <name>.common:fallingPiece</name>
         <uninitialized>true</uninitialized>
         <run_address>0x20000228</run_address>
         <size>0x8</size>
      </object_component>
      <object_component id="oc-ea">
         <name>.common:timer_fps</name>
         <uninitialized>true</uninitialized>
         <run_address>0x20000248</run_address>
         <size>0x4</size>
      </object_component>
      <object_component id="oc-ed">
         <name>.common:timer_falling</name>
         <uninitialized>true</uninitialized>
         <run_address>0x20000244</run_address>
         <size>0x4</size>
      </object_component>
      <object_component id="oc-ee">
         <name>.common:timer_moveSideways</name>
         <uninitialized>true</uninitialized>
         <run_address>0x20000250</run_address>
         <size>0x4</size>
      </object_component>
      <object_component id="oc-ef">
         <name>.common:timer_moveDown</name>
         <uninitialized>true</uninitialized>
         <run_address>0x2000024c</run_address>
         <size>0x4</size>
      </object_component>
      <object_component id="oc-2a">
         <name>.stack</name>
         <uninitialized>true</uninitialized>
         <run_address>0x20000470</run_address>
         <size>0x0</size>
         <input_file_ref idref="fl-c5"/>
      </object_component>
      <object_component id="oc-21b">
         <name>.stack</name>
         <uninitialized>true</uninitialized>
         <run_address>0x20000470</run_address>
         <size>0x0</size>
      </object_component>
      <object_component id="oc-e8">
         <name>.debug_info</name>
         <load_address>0x0</load_address>
         <run_address>0x0</run_address>
         <size>0x5fa</size>
         <input_file_ref idref="fl-2"/>
      </object_component>
      <object_component id="oc-16c">
         <name>.debug_info</name>
         <load_address>0x5fa</load_address>
         <run_address>0x5fa</run_address>
         <size>0x115</size>
         <input_file_ref idref="fl-2"/>
      </object_component>
      <object_component id="oc-111">
         <name>.debug_info</name>
         <load_address>0x70f</load_address>
         <run_address>0x70f</run_address>
         <size>0x444</size>
         <input_file_ref idref="fl-2"/>
      </object_component>
      <object_component id="oc-9b">
         <name>.debug_info</name>
         <load_address>0xb53</load_address>
         <run_address>0xb53</run_address>
         <size>0x6571</size>
         <input_file_ref idref="fl-2"/>
      </object_component>
      <object_component id="oc-96">
         <name>.debug_info</name>
         <load_address>0x70c4</load_address>
         <run_address>0x70c4</run_address>
         <size>0x39</size>
         <input_file_ref idref="fl-2"/>
      </object_component>
      <object_component id="oc-f5">
         <name>.debug_info</name>
         <load_address>0x70fd</load_address>
         <run_address>0x70fd</run_address>
         <size>0x1031</size>
         <input_file_ref idref="fl-2"/>
      </object_component>
      <object_component id="oc-40">
         <name>.debug_info</name>
         <load_address>0x812e</load_address>
         <run_address>0x812e</run_address>
         <size>0x84</size>
         <input_file_ref idref="fl-2"/>
      </object_component>
      <object_component id="oc-90">
         <name>.debug_info</name>
         <load_address>0x81b2</load_address>
         <run_address>0x81b2</run_address>
         <size>0x18b</size>
         <input_file_ref idref="fl-2"/>
      </object_component>
      <object_component id="oc-fa">
         <name>.debug_info</name>
         <load_address>0x833d</load_address>
         <run_address>0x833d</run_address>
         <size>0x39</size>
         <input_file_ref idref="fl-2"/>
      </object_component>
      <object_component id="oc-e2">
         <name>.debug_info</name>
         <load_address>0x8376</load_address>
         <run_address>0x8376</run_address>
         <size>0x64c</size>
         <input_file_ref idref="fl-3"/>
      </object_component>
      <object_component id="oc-188">
         <name>.debug_info</name>
         <load_address>0x89c2</load_address>
         <run_address>0x89c2</run_address>
         <size>0x13f</size>
         <input_file_ref idref="fl-3"/>
      </object_component>
      <object_component id="oc-129">
         <name>.debug_info</name>
         <load_address>0x8b01</load_address>
         <run_address>0x8b01</run_address>
         <size>0x381</size>
         <input_file_ref idref="fl-3"/>
      </object_component>
      <object_component id="oc-148">
         <name>.debug_info</name>
         <load_address>0x8e82</load_address>
         <run_address>0x8e82</run_address>
         <size>0x72</size>
         <input_file_ref idref="fl-3"/>
      </object_component>
      <object_component id="oc-170">
         <name>.debug_info</name>
         <load_address>0x8ef4</load_address>
         <run_address>0x8ef4</run_address>
         <size>0x565</size>
         <input_file_ref idref="fl-4"/>
      </object_component>
      <object_component id="oc-117">
         <name>.debug_info</name>
         <load_address>0x9459</load_address>
         <run_address>0x9459</run_address>
         <size>0x3cd</size>
         <input_file_ref idref="fl-4"/>
      </object_component>
      <object_component id="oc-198">
         <name>.debug_info</name>
         <load_address>0x9826</load_address>
         <run_address>0x9826</run_address>
         <size>0x5e</size>
         <input_file_ref idref="fl-4"/>
      </object_component>
      <object_component id="oc-174">
         <name>.debug_info</name>
         <load_address>0x9884</load_address>
         <run_address>0x9884</run_address>
         <size>0x586</size>
         <input_file_ref idref="fl-5"/>
      </object_component>
      <object_component id="oc-11d">
         <name>.debug_info</name>
         <load_address>0x9e0a</load_address>
         <run_address>0x9e0a</run_address>
         <size>0x384</size>
         <input_file_ref idref="fl-5"/>
      </object_component>
      <object_component id="oc-f2">
         <name>.debug_info</name>
         <load_address>0xa18e</load_address>
         <run_address>0xa18e</run_address>
         <size>0x6ed</size>
         <input_file_ref idref="fl-6"/>
      </object_component>
      <object_component id="oc-e5">
         <name>.debug_info</name>
         <load_address>0xa87b</load_address>
         <run_address>0xa87b</run_address>
         <size>0xec</size>
         <input_file_ref idref="fl-6"/>
      </object_component>
      <object_component id="oc-8d">
         <name>.debug_info</name>
         <load_address>0xa967</load_address>
         <run_address>0xa967</run_address>
         <size>0xbe</size>
         <input_file_ref idref="fl-6"/>
      </object_component>
      <object_component id="oc-c9">
         <name>.debug_info</name>
         <load_address>0xaa25</load_address>
         <run_address>0xaa25</run_address>
         <size>0x1a0</size>
         <input_file_ref idref="fl-6"/>
      </object_component>
      <object_component id="oc-dc">
         <name>.debug_info</name>
         <load_address>0xabc5</load_address>
         <run_address>0xabc5</run_address>
         <size>0xbf</size>
         <input_file_ref idref="fl-7"/>
      </object_component>
      <object_component id="oc-81">
         <name>.debug_info</name>
         <load_address>0xac84</load_address>
         <run_address>0xac84</run_address>
         <size>0x179</size>
         <input_file_ref idref="fl-7"/>
      </object_component>
      <object_component id="oc-39">
         <name>.debug_info</name>
         <load_address>0xadfd</load_address>
         <run_address>0xadfd</run_address>
         <size>0x13b</size>
         <input_file_ref idref="fl-8"/>
      </object_component>
      <object_component id="oc-10">
         <name>.debug_info</name>
         <load_address>0xaf38</load_address>
         <run_address>0xaf38</run_address>
         <size>0xde</size>
         <input_file_ref idref="fl-8"/>
      </object_component>
      <object_component id="oc-2c">
         <name>.debug_info</name>
         <load_address>0xb016</load_address>
         <run_address>0xb016</run_address>
         <size>0x25a</size>
         <input_file_ref idref="fl-8"/>
      </object_component>
      <object_component id="oc-eb">
         <name>.debug_info</name>
         <load_address>0xb270</load_address>
         <run_address>0xb270</run_address>
         <size>0x3f8</size>
         <input_file_ref idref="fl-9"/>
      </object_component>
      <object_component id="oc-184">
         <name>.debug_info</name>
         <load_address>0xb668</load_address>
         <run_address>0xb668</run_address>
         <size>0xc2</size>
         <input_file_ref idref="fl-9"/>
      </object_component>
      <object_component id="oc-18b">
         <name>.debug_info</name>
         <load_address>0xb72a</load_address>
         <run_address>0xb72a</run_address>
         <size>0x131</size>
         <input_file_ref idref="fl-9"/>
      </object_component>
      <object_component id="oc-123">
         <name>.debug_info</name>
         <load_address>0xb85b</load_address>
         <run_address>0xb85b</run_address>
         <size>0x6bd</size>
         <input_file_ref idref="fl-9"/>
      </object_component>
      <object_component id="oc-153">
         <name>.debug_info</name>
         <load_address>0xbf18</load_address>
         <run_address>0xbf18</run_address>
         <size>0x122</size>
         <input_file_ref idref="fl-9"/>
      </object_component>
      <object_component id="oc-158">
         <name>.debug_info</name>
         <load_address>0xc03a</load_address>
         <run_address>0xc03a</run_address>
         <size>0x189</size>
         <input_file_ref idref="fl-9"/>
      </object_component>
      <object_component id="oc-95">
         <name>.debug_info</name>
         <load_address>0xc1c3</load_address>
         <run_address>0xc1c3</run_address>
         <size>0x515</size>
         <input_file_ref idref="fl-a"/>
      </object_component>
      <object_component id="oc-87">
         <name>.debug_info</name>
         <load_address>0xc6d8</load_address>
         <run_address>0xc6d8</run_address>
         <size>0xd2</size>
         <input_file_ref idref="fl-a"/>
      </object_component>
      <object_component id="oc-8a">
         <name>.debug_info</name>
         <load_address>0xc7aa</load_address>
         <run_address>0xc7aa</run_address>
         <size>0xca</size>
         <input_file_ref idref="fl-a"/>
      </object_component>
      <object_component id="oc-32">
         <name>.debug_info</name>
         <load_address>0xc874</load_address>
         <run_address>0xc874</run_address>
         <size>0x9b5</size>
         <input_file_ref idref="fl-a"/>
      </object_component>
      <object_component id="oc-26">
         <name>.debug_info</name>
         <load_address>0xd229</load_address>
         <run_address>0xd229</run_address>
         <size>0x160</size>
         <input_file_ref idref="fl-c5"/>
      </object_component>
      <object_component id="oc-a7">
         <name>.debug_info</name>
         <load_address>0xd389</load_address>
         <run_address>0xd389</run_address>
         <size>0xf9</size>
         <input_file_ref idref="fl-c6"/>
      </object_component>
      <object_component id="oc-15">
         <name>.debug_info</name>
         <load_address>0xd482</load_address>
         <run_address>0xd482</run_address>
         <size>0x245</size>
         <input_file_ref idref="fl-c6"/>
      </object_component>
      <object_component id="oc-3b">
         <name>.debug_info</name>
         <load_address>0xd6c7</load_address>
         <run_address>0xd6c7</run_address>
         <size>0x60</size>
         <input_file_ref idref="fl-c6"/>
      </object_component>
      <object_component id="oc-a2">
         <name>.debug_info</name>
         <load_address>0xd727</load_address>
         <run_address>0xd727</run_address>
         <size>0x46</size>
         <input_file_ref idref="fl-c6"/>
      </object_component>
      <object_component id="oc-50">
         <name>.debug_info</name>
         <load_address>0xd76d</load_address>
         <run_address>0xd76d</run_address>
         <size>0x140</size>
         <input_file_ref idref="fl-c7"/>
      </object_component>
      <object_component id="oc-19">
         <name>.debug_info</name>
         <load_address>0xd8ad</load_address>
         <run_address>0xd8ad</run_address>
         <size>0x1df</size>
         <input_file_ref idref="fl-c7"/>
      </object_component>
      <object_component id="oc-4b">
         <name>.debug_info</name>
         <load_address>0xda8c</load_address>
         <run_address>0xda8c</run_address>
         <size>0x46</size>
         <input_file_ref idref="fl-c7"/>
      </object_component>
      <object_component id="oc-a9">
         <name>.debug_info</name>
         <load_address>0xdad2</load_address>
         <run_address>0xdad2</run_address>
         <size>0x2c</size>
         <input_file_ref idref="fl-c7"/>
      </object_component>
      <object_component id="oc-5c">
         <name>.debug_info</name>
         <load_address>0xdafe</load_address>
         <run_address>0xdafe</run_address>
         <size>0x12f</size>
         <input_file_ref idref="fl-c8"/>
      </object_component>
      <object_component id="oc-1f">
         <name>.debug_info</name>
         <load_address>0xdc2d</load_address>
         <run_address>0xdc2d</run_address>
         <size>0x1aa</size>
         <input_file_ref idref="fl-c8"/>
      </object_component>
      <object_component id="oc-57">
         <name>.debug_info</name>
         <load_address>0xddd7</load_address>
         <run_address>0xddd7</run_address>
         <size>0x46</size>
         <input_file_ref idref="fl-c8"/>
      </object_component>
      <object_component id="oc-b1">
         <name>.debug_info</name>
         <load_address>0xde1d</load_address>
         <run_address>0xde1d</run_address>
         <size>0x2c</size>
         <input_file_ref idref="fl-c8"/>
      </object_component>
      <object_component id="oc-d7">
         <name>.debug_info</name>
         <load_address>0xde49</load_address>
         <run_address>0xde49</run_address>
         <size>0x234</size>
         <input_file_ref idref="fl-c9"/>
      </object_component>
      <object_component id="oc-d1">
         <name>.debug_info</name>
         <load_address>0xe07d</load_address>
         <run_address>0xe07d</run_address>
         <size>0x185</size>
         <input_file_ref idref="fl-c9"/>
      </object_component>
      <object_component id="oc-76">
         <name>.debug_info</name>
         <load_address>0xe202</load_address>
         <run_address>0xe202</run_address>
         <size>0x214</size>
         <input_file_ref idref="fl-c9"/>
      </object_component>
      <object_component id="oc-46">
         <name>.debug_info</name>
         <load_address>0xe416</load_address>
         <run_address>0xe416</run_address>
         <size>0x111</size>
         <input_file_ref idref="fl-ca"/>
      </object_component>
      <object_component id="oc-52">
         <name>.debug_info</name>
         <load_address>0xe527</load_address>
         <run_address>0xe527</run_address>
         <size>0x13f</size>
         <input_file_ref idref="fl-cb"/>
      </object_component>
      <object_component id="oc-5e">
         <name>.debug_info</name>
         <load_address>0xe666</load_address>
         <run_address>0xe666</run_address>
         <size>0x138</size>
         <input_file_ref idref="fl-cc"/>
      </object_component>
      <object_component id="oc-64">
         <name>.debug_info</name>
         <load_address>0xe79e</load_address>
         <run_address>0xe79e</run_address>
         <size>0x148</size>
         <input_file_ref idref="fl-cd"/>
      </object_component>
      <object_component id="oc-1b0">
         <name>.debug_info</name>
         <load_address>0xe8e6</load_address>
         <run_address>0xe8e6</run_address>
         <size>0x115</size>
         <input_file_ref idref="fl-ce"/>
      </object_component>
      <object_component id="oc-1ad">
         <name>.debug_info</name>
         <load_address>0xe9fb</load_address>
         <run_address>0xe9fb</run_address>
         <size>0xf0</size>
         <input_file_ref idref="fl-ce"/>
      </object_component>
      <object_component id="oc-17e">
         <name>.debug_info</name>
         <load_address>0xeaeb</load_address>
         <run_address>0xeaeb</run_address>
         <size>0x1a4</size>
         <input_file_ref idref="fl-ce"/>
      </object_component>
      <object_component id="oc-7c">
         <name>.debug_info</name>
         <load_address>0xec8f</load_address>
         <run_address>0xec8f</run_address>
         <size>0x109</size>
         <input_file_ref idref="fl-cf"/>
      </object_component>
      <object_component id="oc-1ab">
         <name>.debug_info</name>
         <load_address>0xed98</load_address>
         <run_address>0xed98</run_address>
         <size>0xff</size>
         <input_file_ref idref="fl-d0"/>
      </object_component>
      <object_component id="oc-178">
         <name>.debug_info</name>
         <load_address>0xee97</load_address>
         <run_address>0xee97</run_address>
         <size>0x176</size>
         <input_file_ref idref="fl-d0"/>
      </object_component>
      <object_component id="oc-1a6">
         <name>.debug_info</name>
         <load_address>0xf00d</load_address>
         <run_address>0xf00d</run_address>
         <size>0x39</size>
         <input_file_ref idref="fl-d0"/>
      </object_component>
      <object_component id="oc-1cd">
         <name>.debug_info</name>
         <load_address>0xf046</load_address>
         <run_address>0xf046</run_address>
         <size>0x24f</size>
         <input_file_ref idref="fl-d1"/>
      </object_component>
      <object_component id="oc-1ca">
         <name>.debug_info</name>
         <load_address>0xf295</load_address>
         <run_address>0xf295</run_address>
         <size>0xf8</size>
         <input_file_ref idref="fl-d1"/>
      </object_component>
      <object_component id="oc-1a0">
         <name>.debug_info</name>
         <load_address>0xf38d</load_address>
         <run_address>0xf38d</run_address>
         <size>0xab9</size>
         <input_file_ref idref="fl-d1"/>
      </object_component>
      <object_component id="oc-1d3">
         <name>.debug_info</name>
         <load_address>0xfe46</load_address>
         <run_address>0xfe46</run_address>
         <size>0x53</size>
         <input_file_ref idref="fl-d1"/>
      </object_component>
      <object_component id="oc-1eb">
         <name>.debug_info</name>
         <load_address>0xfe99</load_address>
         <run_address>0xfe99</run_address>
         <size>0x2c</size>
         <input_file_ref idref="fl-d1"/>
      </object_component>
      <object_component id="oc-1ce">
         <name>.debug_info</name>
         <load_address>0xfec5</load_address>
         <run_address>0xfec5</run_address>
         <size>0x2c</size>
         <input_file_ref idref="fl-d1"/>
      </object_component>
      <object_component id="oc-1e2">
         <name>.debug_info</name>
         <load_address>0xfef1</load_address>
         <run_address>0xfef1</run_address>
         <size>0x116</size>
         <input_file_ref idref="fl-d2"/>
      </object_component>
      <object_component id="oc-1df">
         <name>.debug_info</name>
         <load_address>0x10007</load_address>
         <run_address>0x10007</run_address>
         <size>0xfd</size>
         <input_file_ref idref="fl-d2"/>
      </object_component>
      <object_component id="oc-1b8">
         <name>.debug_info</name>
         <load_address>0x10104</load_address>
         <run_address>0x10104</run_address>
         <size>0x281</size>
         <input_file_ref idref="fl-d2"/>
      </object_component>
      <object_component id="oc-140">
         <name>.debug_info</name>
         <load_address>0x10385</load_address>
         <run_address>0x10385</run_address>
         <size>0x124</size>
         <input_file_ref idref="fl-d3"/>
      </object_component>
      <object_component id="oc-d4">
         <name>.debug_info</name>
         <load_address>0x104a9</load_address>
         <run_address>0x104a9</run_address>
         <size>0x113</size>
         <input_file_ref idref="fl-d3"/>
      </object_component>
      <object_component id="oc-139">
         <name>.debug_info</name>
         <load_address>0x105bc</load_address>
         <run_address>0x105bc</run_address>
         <size>0x21f</size>
         <input_file_ref idref="fl-d3"/>
      </object_component>
      <object_component id="oc-cf">
         <name>.debug_info</name>
         <load_address>0x107db</load_address>
         <run_address>0x107db</run_address>
         <size>0x166</size>
         <input_file_ref idref="fl-d4"/>
      </object_component>
      <object_component id="oc-70">
         <name>.debug_info</name>
         <load_address>0x10941</load_address>
         <run_address>0x10941</run_address>
         <size>0x167</size>
         <input_file_ref idref="fl-d4"/>
      </object_component>
      <object_component id="oc-131">
         <name>.debug_info</name>
         <load_address>0x10aa8</load_address>
         <run_address>0x10aa8</run_address>
         <size>0x5e</size>
         <input_file_ref idref="fl-d4"/>
      </object_component>
      <object_component id="oc-c7">
         <name>.debug_info</name>
         <load_address>0x10b06</load_address>
         <run_address>0x10b06</run_address>
         <size>0x2e9</size>
         <input_file_ref idref="fl-d5"/>
      </object_component>
      <object_component id="oc-6a">
         <name>.debug_info</name>
         <load_address>0x10def</load_address>
         <run_address>0x10def</run_address>
         <size>0x190</size>
         <input_file_ref idref="fl-d5"/>
      </object_component>
      <object_component id="oc-106">
         <name>.debug_info</name>
         <load_address>0x10f7f</load_address>
         <run_address>0x10f7f</run_address>
         <size>0x39</size>
         <input_file_ref idref="fl-d5"/>
      </object_component>
      <object_component id="oc-166">
         <name>.debug_info</name>
         <load_address>0x10fb8</load_address>
         <run_address>0x10fb8</run_address>
         <size>0x39</size>
         <input_file_ref idref="fl-d5"/>
      </object_component>
      <object_component id="oc-10b">
         <name>.debug_info</name>
         <load_address>0x10ff1</load_address>
         <run_address>0x10ff1</run_address>
         <size>0xcd</size>
         <input_file_ref idref="fl-d5"/>
      </object_component>
      <object_component id="oc-102">
         <name>.debug_info</name>
         <load_address>0x110be</load_address>
         <run_address>0x110be</run_address>
         <size>0x1e0</size>
         <input_file_ref idref="fl-d6"/>
      </object_component>
      <object_component id="oc-bb">
         <name>.debug_info</name>
         <load_address>0x1129e</load_address>
         <run_address>0x1129e</run_address>
         <size>0x183</size>
         <input_file_ref idref="fl-d6"/>
      </object_component>
      <object_component id="oc-161">
         <name>.debug_info</name>
         <load_address>0x11421</load_address>
         <run_address>0x11421</run_address>
         <size>0x2c</size>
         <input_file_ref idref="fl-d6"/>
      </object_component>
      <object_component id="oc-c2">
         <name>.debug_info</name>
         <load_address>0x1144d</load_address>
         <run_address>0x1144d</run_address>
         <size>0x145</size>
         <input_file_ref idref="fl-d7"/>
      </object_component>
      <object_component id="oc-1e6">
         <name>.debug_info</name>
         <load_address>0x11592</load_address>
         <run_address>0x11592</run_address>
         <size>0xf0</size>
         <input_file_ref idref="fl-d8"/>
      </object_component>
      <object_component id="oc-1c4">
         <name>.debug_info</name>
         <load_address>0x11682</load_address>
         <run_address>0x11682</run_address>
         <size>0x231</size>
         <input_file_ref idref="fl-d8"/>
      </object_component>
      <object_component id="oc-1e4">
         <name>.debug_info</name>
         <load_address>0x118b3</load_address>
         <run_address>0x118b3</run_address>
         <size>0xea</size>
         <input_file_ref idref="fl-d9"/>
      </object_component>
      <object_component id="oc-1be">
         <name>.debug_info</name>
         <load_address>0x1199d</load_address>
         <run_address>0x1199d</run_address>
         <size>0x22a</size>
         <input_file_ref idref="fl-d9"/>
      </object_component>
      <object_component id="oc-21c">
         <name>.debug_info</name>
         <load_address>0x11bc7</load_address>
         <run_address>0x11bc7</run_address>
         <size>0x94</size>
      </object_component>
      <object_component id="oc-150">
         <name>.debug_line</name>
         <load_address>0x0</load_address>
         <run_address>0x0</run_address>
         <size>0x5b</size>
         <input_file_ref idref="fl-2"/>
      </object_component>
      <object_component id="oc-195">
         <name>.debug_line</name>
         <load_address>0x5b</load_address>
         <run_address>0x5b</run_address>
         <size>0x30</size>
         <input_file_ref idref="fl-2"/>
      </object_component>
      <object_component id="oc-114">
         <name>.debug_line</name>
         <load_address>0x8b</load_address>
         <run_address>0x8b</run_address>
         <size>0x13a</size>
         <input_file_ref idref="fl-2"/>
      </object_component>
      <object_component id="oc-9e">
         <name>.debug_line</name>
         <load_address>0x1c5</load_address>
         <run_address>0x1c5</run_address>
         <size>0x6b</size>
         <input_file_ref idref="fl-2"/>
      </object_component>
      <object_component id="oc-99">
         <name>.debug_line</name>
         <load_address>0x230</load_address>
         <run_address>0x230</run_address>
         <size>0x4b</size>
         <input_file_ref idref="fl-2"/>
      </object_component>
      <object_component id="oc-f8">
         <name>.debug_line</name>
         <load_address>0x27b</load_address>
         <run_address>0x27b</run_address>
         <size>0x88</size>
         <input_file_ref idref="fl-2"/>
      </object_component>
      <object_component id="oc-43">
         <name>.debug_line</name>
         <load_address>0x303</load_address>
         <run_address>0x303</run_address>
         <size>0x20</size>
         <input_file_ref idref="fl-2"/>
      </object_component>
      <object_component id="oc-93">
         <name>.debug_line</name>
         <load_address>0x323</load_address>
         <run_address>0x323</run_address>
         <size>0x70</size>
         <input_file_ref idref="fl-2"/>
      </object_component>
      <object_component id="oc-fd">
         <name>.debug_line</name>
         <load_address>0x393</load_address>
         <run_address>0x393</run_address>
         <size>0x2e</size>
         <input_file_ref idref="fl-2"/>
      </object_component>
      <object_component id="oc-147">
         <name>.debug_line</name>
         <load_address>0x3c1</load_address>
         <run_address>0x3c1</run_address>
         <size>0x51</size>
         <input_file_ref idref="fl-3"/>
      </object_component>
      <object_component id="oc-1b4">
         <name>.debug_line</name>
         <load_address>0x412</load_address>
         <run_address>0x412</run_address>
         <size>0x30</size>
         <input_file_ref idref="fl-3"/>
      </object_component>
      <object_component id="oc-12c">
         <name>.debug_line</name>
         <load_address>0x442</load_address>
         <run_address>0x442</run_address>
         <size>0xfb</size>
         <input_file_ref idref="fl-3"/>
      </object_component>
      <object_component id="oc-14b">
         <name>.debug_line</name>
         <load_address>0x53d</load_address>
         <run_address>0x53d</run_address>
         <size>0x30</size>
         <input_file_ref idref="fl-3"/>
      </object_component>
      <object_component id="oc-197">
         <name>.debug_line</name>
         <load_address>0x56d</load_address>
         <run_address>0x56d</run_address>
         <size>0x5c</size>
         <input_file_ref idref="fl-4"/>
      </object_component>
      <object_component id="oc-11a">
         <name>.debug_line</name>
         <load_address>0x5c9</load_address>
         <run_address>0x5c9</run_address>
         <size>0xcb</size>
         <input_file_ref idref="fl-4"/>
      </object_component>
      <object_component id="oc-19b">
         <name>.debug_line</name>
         <load_address>0x694</load_address>
         <run_address>0x694</run_address>
         <size>0x31</size>
         <input_file_ref idref="fl-4"/>
      </object_component>
      <object_component id="oc-19e">
         <name>.debug_line</name>
         <load_address>0x6c5</load_address>
         <run_address>0x6c5</run_address>
         <size>0x5b</size>
         <input_file_ref idref="fl-5"/>
      </object_component>
      <object_component id="oc-120">
         <name>.debug_line</name>
         <load_address>0x720</load_address>
         <run_address>0x720</run_address>
         <size>0xa2</size>
         <input_file_ref idref="fl-5"/>
      </object_component>
      <object_component id="oc-15e">
         <name>.debug_line</name>
         <load_address>0x7c2</load_address>
         <run_address>0x7c2</run_address>
         <size>0xb8</size>
         <input_file_ref idref="fl-6"/>
      </object_component>
      <object_component id="oc-14e">
         <name>.debug_line</name>
         <load_address>0x87a</load_address>
         <run_address>0x87a</run_address>
         <size>0x2d</size>
         <input_file_ref idref="fl-6"/>
      </object_component>
      <object_component id="oc-f1">
         <name>.debug_line</name>
         <load_address>0x8a7</load_address>
         <run_address>0x8a7</run_address>
         <size>0x2d</size>
         <input_file_ref idref="fl-6"/>
      </object_component>
      <object_component id="oc-cc">
         <name>.debug_line</name>
         <load_address>0x8d4</load_address>
         <run_address>0x8d4</run_address>
         <size>0x62</size>
         <input_file_ref idref="fl-6"/>
      </object_component>
      <object_component id="oc-145">
         <name>.debug_line</name>
         <load_address>0x936</load_address>
         <run_address>0x936</run_address>
         <size>0x20</size>
         <input_file_ref idref="fl-7"/>
      </object_component>
      <object_component id="oc-84">
         <name>.debug_line</name>
         <load_address>0x956</load_address>
         <run_address>0x956</run_address>
         <size>0x5f</size>
         <input_file_ref idref="fl-7"/>
      </object_component>
      <object_component id="oc-a1">
         <name>.debug_line</name>
         <load_address>0x9b5</load_address>
         <run_address>0x9b5</run_address>
         <size>0x41</size>
         <input_file_ref idref="fl-8"/>
      </object_component>
      <object_component id="oc-38">
         <name>.debug_line</name>
         <load_address>0x9f6</load_address>
         <run_address>0x9f6</run_address>
         <size>0x41</size>
         <input_file_ref idref="fl-8"/>
      </object_component>
      <object_component id="oc-2f">
         <name>.debug_line</name>
         <load_address>0xa37</load_address>
         <run_address>0xa37</run_address>
         <size>0xa1</size>
         <input_file_ref idref="fl-8"/>
      </object_component>
      <object_component id="oc-152">
         <name>.debug_line</name>
         <load_address>0xad8</load_address>
         <run_address>0xad8</run_address>
         <size>0x125</size>
         <input_file_ref idref="fl-9"/>
      </object_component>
      <object_component id="oc-1b2">
         <name>.debug_line</name>
         <load_address>0xbfd</load_address>
         <run_address>0xbfd</run_address>
         <size>0x31</size>
         <input_file_ref idref="fl-9"/>
      </object_component>
      <object_component id="oc-1b6">
         <name>.debug_line</name>
         <load_address>0xc2e</load_address>
         <run_address>0xc2e</run_address>
         <size>0x31</size>
         <input_file_ref idref="fl-9"/>
      </object_component>
      <object_component id="oc-126">
         <name>.debug_line</name>
         <load_address>0xc5f</load_address>
         <run_address>0xc5f</run_address>
         <size>0x206</size>
         <input_file_ref idref="fl-9"/>
      </object_component>
      <object_component id="oc-156">
         <name>.debug_line</name>
         <load_address>0xe65</load_address>
         <run_address>0xe65</run_address>
         <size>0x31</size>
         <input_file_ref idref="fl-9"/>
      </object_component>
      <object_component id="oc-15b">
         <name>.debug_line</name>
         <load_address>0xe96</load_address>
         <run_address>0xe96</run_address>
         <size>0x6e</size>
         <input_file_ref idref="fl-9"/>
      </object_component>
      <object_component id="oc-f4">
         <name>.debug_line</name>
         <load_address>0xf04</load_address>
         <run_address>0xf04</run_address>
         <size>0x71</size>
         <input_file_ref idref="fl-a"/>
      </object_component>
      <object_component id="oc-de">
         <name>.debug_line</name>
         <load_address>0xf75</load_address>
         <run_address>0xf75</run_address>
         <size>0x30</size>
         <input_file_ref idref="fl-a"/>
      </object_component>
      <object_component id="oc-e0">
         <name>.debug_line</name>
         <load_address>0xfa5</load_address>
         <run_address>0xfa5</run_address>
         <size>0x30</size>
         <input_file_ref idref="fl-a"/>
      </object_component>
      <object_component id="oc-35">
         <name>.debug_line</name>
         <load_address>0xfd5</load_address>
         <run_address>0xfd5</run_address>
         <size>0x2af</size>
         <input_file_ref idref="fl-a"/>
      </object_component>
      <object_component id="oc-28">
         <name>.debug_line</name>
         <load_address>0x1284</load_address>
         <run_address>0x1284</run_address>
         <size>0x53</size>
         <input_file_ref idref="fl-c5"/>
      </object_component>
      <object_component id="oc-100">
         <name>.debug_line</name>
         <load_address>0x12d7</load_address>
         <run_address>0x12d7</run_address>
         <size>0x20</size>
         <input_file_ref idref="fl-c6"/>
      </object_component>
      <object_component id="oc-17">
         <name>.debug_line</name>
         <load_address>0x12f7</load_address>
         <run_address>0x12f7</run_address>
         <size>0xa9</size>
         <input_file_ref idref="fl-c6"/>
      </object_component>
      <object_component id="oc-3e">
         <name>.debug_line</name>
         <load_address>0x13a0</load_address>
         <run_address>0x13a0</run_address>
         <size>0x3a</size>
         <input_file_ref idref="fl-c6"/>
      </object_component>
      <object_component id="oc-a5">
         <name>.debug_line</name>
         <load_address>0x13da</load_address>
         <run_address>0x13da</run_address>
         <size>0x8a</size>
         <input_file_ref idref="fl-c6"/>
      </object_component>
      <object_component id="oc-af">
         <name>.debug_line</name>
         <load_address>0x1464</load_address>
         <run_address>0x1464</run_address>
         <size>0x8a</size>
         <input_file_ref idref="fl-c7"/>
      </object_component>
      <object_component id="oc-1c">
         <name>.debug_line</name>
         <load_address>0x14ee</load_address>
         <run_address>0x14ee</run_address>
         <size>0x55</size>
         <input_file_ref idref="fl-c7"/>
      </object_component>
      <object_component id="oc-4e">
         <name>.debug_line</name>
         <load_address>0x1543</load_address>
         <run_address>0x1543</run_address>
         <size>0x3a</size>
         <input_file_ref idref="fl-c7"/>
      </object_component>
      <object_component id="oc-ac">
         <name>.debug_line</name>
         <load_address>0x157d</load_address>
         <run_address>0x157d</run_address>
         <size>0x8a</size>
         <input_file_ref idref="fl-c7"/>
      </object_component>
      <object_component id="oc-b7">
         <name>.debug_line</name>
         <load_address>0x1607</load_address>
         <run_address>0x1607</run_address>
         <size>0x8a</size>
         <input_file_ref idref="fl-c8"/>
      </object_component>
      <object_component id="oc-22">
         <name>.debug_line</name>
         <load_address>0x1691</load_address>
         <run_address>0x1691</run_address>
         <size>0x4f</size>
         <input_file_ref idref="fl-c8"/>
      </object_component>
      <object_component id="oc-5a">
         <name>.debug_line</name>
         <load_address>0x16e0</load_address>
         <run_address>0x16e0</run_address>
         <size>0x34</size>
         <input_file_ref idref="fl-c8"/>
      </object_component>
      <object_component id="oc-b4">
         <name>.debug_line</name>
         <load_address>0x1714</load_address>
         <run_address>0x1714</run_address>
         <size>0x8a</size>
         <input_file_ref idref="fl-c8"/>
      </object_component>
      <object_component id="oc-143">
         <name>.debug_line</name>
         <load_address>0x179e</load_address>
         <run_address>0x179e</run_address>
         <size>0xf2</size>
         <input_file_ref idref="fl-c9"/>
      </object_component>
      <object_component id="oc-137">
         <name>.debug_line</name>
         <load_address>0x1890</load_address>
         <run_address>0x1890</run_address>
         <size>0x2a</size>
         <input_file_ref idref="fl-c9"/>
      </object_component>
      <object_component id="oc-79">
         <name>.debug_line</name>
         <load_address>0x18ba</load_address>
         <run_address>0x18ba</run_address>
         <size>0x86</size>
         <input_file_ref idref="fl-c9"/>
      </object_component>
      <object_component id="oc-49">
         <name>.debug_line</name>
         <load_address>0x1940</load_address>
         <run_address>0x1940</run_address>
         <size>0x88</size>
         <input_file_ref idref="fl-ca"/>
      </object_component>
      <object_component id="oc-55">
         <name>.debug_line</name>
         <load_address>0x19c8</load_address>
         <run_address>0x19c8</run_address>
         <size>0x79</size>
         <input_file_ref idref="fl-cb"/>
      </object_component>
      <object_component id="oc-61">
         <name>.debug_line</name>
         <load_address>0x1a41</load_address>
         <run_address>0x1a41</run_address>
         <size>0x3d</size>
         <input_file_ref idref="fl-cc"/>
      </object_component>
      <object_component id="oc-67">
         <name>.debug_line</name>
         <load_address>0x1a7e</load_address>
         <run_address>0x1a7e</run_address>
         <size>0x40</size>
         <input_file_ref idref="fl-cd"/>
      </object_component>
      <object_component id="oc-1dd">
         <name>.debug_line</name>
         <load_address>0x1abe</load_address>
         <run_address>0x1abe</run_address>
         <size>0x89</size>
         <input_file_ref idref="fl-ce"/>
      </object_component>
      <object_component id="oc-1db">
         <name>.debug_line</name>
         <load_address>0x1b47</load_address>
         <run_address>0x1b47</run_address>
         <size>0x2a</size>
         <input_file_ref idref="fl-ce"/>
      </object_component>
      <object_component id="oc-181">
         <name>.debug_line</name>
         <load_address>0x1b71</load_address>
         <run_address>0x1b71</run_address>
         <size>0x62</size>
         <input_file_ref idref="fl-ce"/>
      </object_component>
      <object_component id="oc-da">
         <name>.debug_line</name>
         <load_address>0x1bd3</load_address>
         <run_address>0x1bd3</run_address>
         <size>0x33</size>
         <input_file_ref idref="fl-cf"/>
      </object_component>
      <object_component id="oc-1d9">
         <name>.debug_line</name>
         <load_address>0x1c06</load_address>
         <run_address>0x1c06</run_address>
         <size>0x2a</size>
         <input_file_ref idref="fl-d0"/>
      </object_component>
      <object_component id="oc-17b">
         <name>.debug_line</name>
         <load_address>0x1c30</load_address>
         <run_address>0x1c30</run_address>
         <size>0x3f</size>
         <input_file_ref idref="fl-d0"/>
      </object_component>
      <object_component id="oc-1a9">
         <name>.debug_line</name>
         <load_address>0x1c6f</load_address>
         <run_address>0x1c6f</run_address>
         <size>0x88</size>
         <input_file_ref idref="fl-d0"/>
      </object_component>
      <object_component id="oc-1ea">
         <name>.debug_line</name>
         <load_address>0x1cf7</load_address>
         <run_address>0x1cf7</run_address>
         <size>0xff</size>
         <input_file_ref idref="fl-d1"/>
      </object_component>
      <object_component id="oc-1e8">
         <name>.debug_line</name>
         <load_address>0x1df6</load_address>
         <run_address>0x1df6</run_address>
         <size>0x2c</size>
         <input_file_ref idref="fl-d1"/>
      </object_component>
      <object_component id="oc-1a3">
         <name>.debug_line</name>
         <load_address>0x1e22</load_address>
         <run_address>0x1e22</run_address>
         <size>0x255</size>
         <input_file_ref idref="fl-d1"/>
      </object_component>
      <object_component id="oc-1d6">
         <name>.debug_line</name>
         <load_address>0x2077</load_address>
         <run_address>0x2077</run_address>
         <size>0x88</size>
         <input_file_ref idref="fl-d1"/>
      </object_component>
      <object_component id="oc-1ee">
         <name>.debug_line</name>
         <load_address>0x20ff</load_address>
         <run_address>0x20ff</run_address>
         <size>0x89</size>
         <input_file_ref idref="fl-d1"/>
      </object_component>
      <object_component id="oc-1d1">
         <name>.debug_line</name>
         <load_address>0x2188</load_address>
         <run_address>0x2188</run_address>
         <size>0x2a</size>
         <input_file_ref idref="fl-d1"/>
      </object_component>
      <object_component id="oc-1f3">
         <name>.debug_line</name>
         <load_address>0x21b2</load_address>
         <run_address>0x21b2</run_address>
         <size>0x20</size>
         <input_file_ref idref="fl-d2"/>
      </object_component>
      <object_component id="oc-1f1">
         <name>.debug_line</name>
         <load_address>0x21d2</load_address>
         <run_address>0x21d2</run_address>
         <size>0x2c</size>
         <input_file_ref idref="fl-d2"/>
      </object_component>
      <object_component id="oc-1bb">
         <name>.debug_line</name>
         <load_address>0x21fe</load_address>
         <run_address>0x21fe</run_address>
         <size>0x9d</size>
         <input_file_ref idref="fl-d2"/>
      </object_component>
      <object_component id="oc-193">
         <name>.debug_line</name>
         <load_address>0x229b</load_address>
         <run_address>0x229b</run_address>
         <size>0x20</size>
         <input_file_ref idref="fl-d3"/>
      </object_component>
      <object_component id="oc-13f">
         <name>.debug_line</name>
         <load_address>0x22bb</load_address>
         <run_address>0x22bb</run_address>
         <size>0x2b</size>
         <input_file_ref idref="fl-d3"/>
      </object_component>
      <object_component id="oc-13c">
         <name>.debug_line</name>
         <load_address>0x22e6</load_address>
         <run_address>0x22e6</run_address>
         <size>0x68</size>
         <input_file_ref idref="fl-d3"/>
      </object_component>
      <object_component id="oc-130">
         <name>.debug_line</name>
         <load_address>0x234e</load_address>
         <run_address>0x234e</run_address>
         <size>0x2b</size>
         <input_file_ref idref="fl-d4"/>
      </object_component>
      <object_component id="oc-73">
         <name>.debug_line</name>
         <load_address>0x2379</load_address>
         <run_address>0x2379</run_address>
         <size>0x4a</size>
         <input_file_ref idref="fl-d4"/>
      </object_component>
      <object_component id="oc-134">
         <name>.debug_line</name>
         <load_address>0x23c3</load_address>
         <run_address>0x23c3</run_address>
         <size>0x2b</size>
         <input_file_ref idref="fl-d4"/>
      </object_component>
      <object_component id="oc-105">
         <name>.debug_line</name>
         <load_address>0x23ee</load_address>
         <run_address>0x23ee</run_address>
         <size>0xa9</size>
         <input_file_ref idref="fl-d5"/>
      </object_component>
      <object_component id="oc-6d">
         <name>.debug_line</name>
         <load_address>0x2497</load_address>
         <run_address>0x2497</run_address>
         <size>0x8b</size>
         <input_file_ref idref="fl-d5"/>
      </object_component>
      <object_component id="oc-109">
         <name>.debug_line</name>
         <load_address>0x2522</load_address>
         <run_address>0x2522</run_address>
         <size>0x2e</size>
         <input_file_ref idref="fl-d5"/>
      </object_component>
      <object_component id="oc-169">
         <name>.debug_line</name>
         <load_address>0x2550</load_address>
         <run_address>0x2550</run_address>
         <size>0x8a</size>
         <input_file_ref idref="fl-d5"/>
      </object_component>
      <object_component id="oc-10e">
         <name>.debug_line</name>
         <load_address>0x25da</load_address>
         <run_address>0x25da</run_address>
         <size>0x8b</size>
         <input_file_ref idref="fl-d5"/>
      </object_component>
      <object_component id="oc-160">
         <name>.debug_line</name>
         <load_address>0x2665</load_address>
         <run_address>0x2665</run_address>
         <size>0x98</size>
         <input_file_ref idref="fl-d6"/>
      </object_component>
      <object_component id="oc-be">
         <name>.debug_line</name>
         <load_address>0x26fd</load_address>
         <run_address>0x26fd</run_address>
         <size>0x68</size>
         <input_file_ref idref="fl-d6"/>
      </object_component>
      <object_component id="oc-164">
         <name>.debug_line</name>
         <load_address>0x2765</load_address>
         <run_address>0x2765</run_address>
         <size>0x2e</size>
         <input_file_ref idref="fl-d6"/>
      </object_component>
      <object_component id="oc-c1">
         <name>.debug_line</name>
         <load_address>0x2793</load_address>
         <run_address>0x2793</run_address>
         <size>0x3c</size>
         <input_file_ref idref="fl-d7"/>
      </object_component>
      <object_component id="oc-1f7">
         <name>.debug_line</name>
         <load_address>0x27cf</load_address>
         <run_address>0x27cf</run_address>
         <size>0x20</size>
         <input_file_ref idref="fl-d8"/>
      </object_component>
      <object_component id="oc-1c7">
         <name>.debug_line</name>
         <load_address>0x27ef</load_address>
         <run_address>0x27ef</run_address>
         <size>0xa0</size>
         <input_file_ref idref="fl-d8"/>
      </object_component>
      <object_component id="oc-1f5">
         <name>.debug_line</name>
         <load_address>0x288f</load_address>
         <run_address>0x288f</run_address>
         <size>0x20</size>
         <input_file_ref idref="fl-d9"/>
      </object_component>
      <object_component id="oc-1c1">
         <name>.debug_line</name>
         <load_address>0x28af</load_address>
         <run_address>0x28af</run_address>
         <size>0xaa</size>
         <input_file_ref idref="fl-d9"/>
      </object_component>
      <object_component id="oc-115">
         <name>.debug_frame</name>
         <load_address>0x0</load_address>
         <run_address>0x0</run_address>
         <size>0xd5</size>
         <input_file_ref idref="fl-2"/>
      </object_component>
      <object_component id="oc-12d">
         <name>.debug_frame</name>
         <load_address>0xd5</load_address>
         <run_address>0xd5</run_address>
         <size>0xb3</size>
         <input_file_ref idref="fl-3"/>
      </object_component>
      <object_component id="oc-11b">
         <name>.debug_frame</name>
         <load_address>0x188</load_address>
         <run_address>0x188</run_address>
         <size>0xb6</size>
         <input_file_ref idref="fl-4"/>
      </object_component>
      <object_component id="oc-121">
         <name>.debug_frame</name>
         <load_address>0x23e</load_address>
         <run_address>0x23e</run_address>
         <size>0x9e</size>
         <input_file_ref idref="fl-5"/>
      </object_component>
      <object_component id="oc-cd">
         <name>.debug_frame</name>
         <load_address>0x2dc</load_address>
         <run_address>0x2dc</run_address>
         <size>0x58</size>
         <input_file_ref idref="fl-6"/>
      </object_component>
      <object_component id="oc-85">
         <name>.debug_frame</name>
         <load_address>0x334</load_address>
         <run_address>0x334</run_address>
         <size>0x57</size>
         <input_file_ref idref="fl-7"/>
      </object_component>
      <object_component id="oc-30">
         <name>.debug_frame</name>
         <load_address>0x38b</load_address>
         <run_address>0x38b</run_address>
         <size>0x84</size>
         <input_file_ref idref="fl-8"/>
      </object_component>
      <object_component id="oc-127">
         <name>.debug_frame</name>
         <load_address>0x40f</load_address>
         <run_address>0x40f</run_address>
         <size>0x11e</size>
         <input_file_ref idref="fl-9"/>
      </object_component>
      <object_component id="oc-36">
         <name>.debug_frame</name>
         <load_address>0x52d</load_address>
         <run_address>0x52d</run_address>
         <size>0x19f</size>
         <input_file_ref idref="fl-a"/>
      </object_component>
      <object_component id="oc-13">
         <name>.debug_frame</name>
         <load_address>0x6cc</load_address>
         <run_address>0x6cc</run_address>
         <size>0x60</size>
         <input_file_ref idref="fl-c6"/>
      </object_component>
      <object_component id="oc-1d">
         <name>.debug_frame</name>
         <load_address>0x72c</load_address>
         <run_address>0x72c</run_address>
         <size>0x51</size>
         <input_file_ref idref="fl-c7"/>
      </object_component>
      <object_component id="oc-23">
         <name>.debug_frame</name>
         <load_address>0x77d</load_address>
         <run_address>0x77d</run_address>
         <size>0x51</size>
         <input_file_ref idref="fl-c8"/>
      </object_component>
      <object_component id="oc-7a">
         <name>.debug_frame</name>
         <load_address>0x7ce</load_address>
         <run_address>0x7ce</run_address>
         <size>0x85</size>
         <input_file_ref idref="fl-c9"/>
      </object_component>
      <object_component id="oc-62">
         <name>.debug_frame</name>
         <load_address>0x853</load_address>
         <run_address>0x853</run_address>
         <size>0x51</size>
         <input_file_ref idref="fl-cc"/>
      </object_component>
      <object_component id="oc-68">
         <name>.debug_frame</name>
         <load_address>0x8a4</load_address>
         <run_address>0x8a4</run_address>
         <size>0x51</size>
         <input_file_ref idref="fl-cd"/>
      </object_component>
      <object_component id="oc-182">
         <name>.debug_frame</name>
         <load_address>0x8f5</load_address>
         <run_address>0x8f5</run_address>
         <size>0x70</size>
         <input_file_ref idref="fl-ce"/>
      </object_component>
      <object_component id="oc-17c">
         <name>.debug_frame</name>
         <load_address>0x965</load_address>
         <run_address>0x965</run_address>
         <size>0x58</size>
         <input_file_ref idref="fl-d0"/>
      </object_component>
      <object_component id="oc-1a4">
         <name>.debug_frame</name>
         <load_address>0x9bd</load_address>
         <run_address>0x9bd</run_address>
         <size>0x192</size>
         <input_file_ref idref="fl-d1"/>
      </object_component>
      <object_component id="oc-1bc">
         <name>.debug_frame</name>
         <load_address>0xb4f</load_address>
         <run_address>0xb4f</run_address>
         <size>0x78</size>
         <input_file_ref idref="fl-d2"/>
      </object_component>
      <object_component id="oc-13d">
         <name>.debug_frame</name>
         <load_address>0xbc7</load_address>
         <run_address>0xbc7</run_address>
         <size>0x73</size>
         <input_file_ref idref="fl-d3"/>
      </object_component>
      <object_component id="oc-74">
         <name>.debug_frame</name>
         <load_address>0xc3a</load_address>
         <run_address>0xc3a</run_address>
         <size>0x51</size>
         <input_file_ref idref="fl-d4"/>
      </object_component>
      <object_component id="oc-6e">
         <name>.debug_frame</name>
         <load_address>0xc8b</load_address>
         <run_address>0xc8b</run_address>
         <size>0x5c</size>
         <input_file_ref idref="fl-d5"/>
      </object_component>
      <object_component id="oc-bf">
         <name>.debug_frame</name>
         <load_address>0xce7</load_address>
         <run_address>0xce7</run_address>
         <size>0x60</size>
         <input_file_ref idref="fl-d6"/>
      </object_component>
      <object_component id="oc-c5">
         <name>.debug_frame</name>
         <load_address>0xd47</load_address>
         <run_address>0xd47</run_address>
         <size>0x51</size>
         <input_file_ref idref="fl-d7"/>
      </object_component>
      <object_component id="oc-1c8">
         <name>.debug_frame</name>
         <load_address>0xd98</load_address>
         <run_address>0xd98</run_address>
         <size>0x51</size>
         <input_file_ref idref="fl-d8"/>
      </object_component>
      <object_component id="oc-1c2">
         <name>.debug_frame</name>
         <load_address>0xde9</load_address>
         <run_address>0xde9</run_address>
         <size>0x51</size>
         <input_file_ref idref="fl-d9"/>
      </object_component>
      <object_component id="oc-14f">
         <name>.debug_abbrev</name>
         <load_address>0x0</load_address>
         <run_address>0x0</run_address>
         <size>0xd6</size>
         <input_file_ref idref="fl-2"/>
      </object_component>
      <object_component id="oc-194">
         <name>.debug_abbrev</name>
         <load_address>0xd6</load_address>
         <run_address>0xd6</run_address>
         <size>0x29</size>
         <input_file_ref idref="fl-2"/>
      </object_component>
      <object_component id="oc-16e">
         <name>.debug_abbrev</name>
         <load_address>0xff</load_address>
         <run_address>0xff</run_address>
         <size>0xa9</size>
         <input_file_ref idref="fl-2"/>
      </object_component>
      <object_component id="oc-9d">
         <name>.debug_abbrev</name>
         <load_address>0x1a8</load_address>
         <run_address>0x1a8</run_address>
         <size>0xfe</size>
         <input_file_ref idref="fl-2"/>
      </object_component>
      <object_component id="oc-98">
         <name>.debug_abbrev</name>
         <load_address>0x2a6</load_address>
         <run_address>0x2a6</run_address>
         <size>0x24</size>
         <input_file_ref idref="fl-2"/>
      </object_component>
      <object_component id="oc-f7">
         <name>.debug_abbrev</name>
         <load_address>0x2ca</load_address>
         <run_address>0x2ca</run_address>
         <size>0x10c</size>
         <input_file_ref idref="fl-2"/>
      </object_component>
      <object_component id="oc-42">
         <name>.debug_abbrev</name>
         <load_address>0x3d6</load_address>
         <run_address>0x3d6</run_address>
         <size>0x1f</size>
         <input_file_ref idref="fl-2"/>
      </object_component>
      <object_component id="oc-92">
         <name>.debug_abbrev</name>
         <load_address>0x3f5</load_address>
         <run_address>0x3f5</run_address>
         <size>0x35</size>
         <input_file_ref idref="fl-2"/>
      </object_component>
      <object_component id="oc-fc">
         <name>.debug_abbrev</name>
         <load_address>0x42a</load_address>
         <run_address>0x42a</run_address>
         <size>0x24</size>
         <input_file_ref idref="fl-2"/>
      </object_component>
      <object_component id="oc-146">
         <name>.debug_abbrev</name>
         <load_address>0x44e</load_address>
         <run_address>0x44e</run_address>
         <size>0x112</size>
         <input_file_ref idref="fl-3"/>
      </object_component>
      <object_component id="oc-1b3">
         <name>.debug_abbrev</name>
         <load_address>0x560</load_address>
         <run_address>0x560</run_address>
         <size>0x29</size>
         <input_file_ref idref="fl-3"/>
      </object_component>
      <object_component id="oc-190">
         <name>.debug_abbrev</name>
         <load_address>0x589</load_address>
         <run_address>0x589</run_address>
         <size>0xb4</size>
         <input_file_ref idref="fl-3"/>
      </object_component>
      <object_component id="oc-14a">
         <name>.debug_abbrev</name>
         <load_address>0x63d</load_address>
         <run_address>0x63d</run_address>
         <size>0x49</size>
         <input_file_ref idref="fl-3"/>
      </object_component>
      <object_component id="oc-196">
         <name>.debug_abbrev</name>
         <load_address>0x686</load_address>
         <run_address>0x686</run_address>
         <size>0xbf</size>
         <input_file_ref idref="fl-4"/>
      </object_component>
      <object_component id="oc-172">
         <name>.debug_abbrev</name>
         <load_address>0x745</load_address>
         <run_address>0x745</run_address>
         <size>0xa5</size>
         <input_file_ref idref="fl-4"/>
      </object_component>
      <object_component id="oc-19a">
         <name>.debug_abbrev</name>
         <load_address>0x7ea</load_address>
         <run_address>0x7ea</run_address>
         <size>0x49</size>
         <input_file_ref idref="fl-4"/>
      </object_component>
      <object_component id="oc-19d">
         <name>.debug_abbrev</name>
         <load_address>0x833</load_address>
         <run_address>0x833</run_address>
         <size>0xbf</size>
         <input_file_ref idref="fl-5"/>
      </object_component>
      <object_component id="oc-176">
         <name>.debug_abbrev</name>
         <load_address>0x8f2</load_address>
         <run_address>0x8f2</run_address>
         <size>0xa5</size>
         <input_file_ref idref="fl-5"/>
[...]
      <symbol id="sm-9">
         <name>__STACK_END</name>
         <value>0x20000670</value>
      </symbol>
      <symbol id="sm-a">
         <name>__c_args__</name>
         <value>0xffffffff</value>
      </symbol>
      <symbol id="sm-b">
         <name>__TI_pprof_out_hndl</name>
         <value>0xffffffff</value>
      </symbol>
      <symbol id="sm-c">
         <name>__TI_prof_data_start</name>
         <value>0xffffffff</value>
      </symbol>
      <symbol id="sm-d">
         <name>__TI_prof_data_size</name>
         <value>0xffffffff</value>
      </symbol>
      <symbol id="sm-71">
         <name>timer_debounce</name>
         <value>0x2000023c</value>
      </symbol>
      <symbol id="sm-72">
         <name>centerPressed</name>
         <value>0xfc5</value>
         <object_component_ref idref="oc-110"/>
      </symbol>
      <symbol id="sm-73">
         <name>inputFlags</name>
         <value>0x2000046c</value>
         <object_component_ref idref="oc-16b"/>
      </symbol>
      <symbol id="sm-74">
         <name>rightPressed</name>
         <value>0xf91</value>
         <object_component_ref idref="oc-110"/>
      </symbol>
      <symbol id="sm-75">
         <name>leftPressed</name>
         <value>0xf77</value>
         <object_component_ref idref="oc-110"/>
      </symbol>
      <symbol id="sm-76">
         <name>debounce</name>
         <value>0x2000046e</value>
         <object_component_ref idref="oc-16b"/>
      </symbol>
      <symbol id="sm-77">
         <name>_callback</name>
         <value>0xfdf</value>
         <object_component_ref idref="oc-110"/>
      </symbol>
      <symbol id="sm-78">
         <name>control_init</name>
         <value>0x1031</value>
         <object_component_ref idref="oc-110"/>
      </symbol>
      <symbol id="sm-79">
         <name>buttonPressed</name>
         <value>0xfab</value>
         <object_component_ref idref="oc-110"/>
      </symbol>
      <symbol id="sm-7a">
         <name>debounceFlags</name>
         <value>0x2000046d</value>
         <object_component_ref idref="oc-16b"/>
      </symbol>
      <symbol id="sm-7b">
         <name>downPressed</name>
         <value>0xf5d</value>
         <object_component_ref idref="oc-110"/>
      </symbol>
      <symbol id="sm-7c">
         <name>control_process</name>
         <value>0x100d</value>
         <object_component_ref idref="oc-110"/>
      </symbol>
      <symbol id="sm-b4">
         <name>timer_display</name>
         <value>0x20000240</value>
      </symbol>
      <symbol id="sm-b5">
         <name>colBytes</name>
         <value>0x20000254</value>
      </symbol>
      <symbol id="sm-b6">
         <name>matrixbuffer</name>
         <value>0x20000120</value>
      </symbol>
      <symbol id="sm-b7">
         <name>backindex</name>
         <value>0x2000044c</value>
         <object_component_ref idref="oc-187"/>
      </symbol>
      <symbol id="sm-b8">
         <name>display_refresh</name>
         <value>0xde9</value>
         <object_component_ref idref="oc-128"/>
      </symbol>
      <symbol id="sm-b9">
         <name>row</name>
         <value>0x20000446</value>
         <object_component_ref idref="oc-187"/>
      </symbol>
      <symbol id="sm-ba">
         <name>display_backbuffer</name>
         <value>0xf2b</value>
         <object_component_ref idref="oc-128"/>
      </symbol>
      <symbol id="sm-bb">
         <name>swapBuffer</name>
         <value>0x2000044d</value>
         <object_component_ref idref="oc-187"/>
      </symbol>
      <symbol id="sm-bc">
         <name>pBuffer</name>
         <value>0x20000448</value>
         <object_component_ref idref="oc-187"/>
      </symbol>
      <symbol id="sm-bd">
         <name>display_drawPixel</name>
         <value>0xd51</value>
         <object_component_ref idref="oc-128"/>
      </symbol>
      <symbol id="sm-be">
         <name>display_process</name>
         <value>0xdf1</value>
         <object_component_ref idref="oc-128"/>
      </symbol>
      <symbol id="sm-bf">
         <name>actRow</name>
         <value>0x20000444</value>
         <object_component_ref idref="oc-187"/>
      </symbol>
      <symbol id="sm-c0">
         <name>display_clear</name>
         <value>0xd9f</value>
         <object_component_ref idref="oc-128"/>
      </symbol>
      <symbol id="sm-e0">
         <name>hsDriver</name>
         <value>0x20000230</value>
      </symbol>
      <symbol id="sm-e1">
         <name>highside_init</name>
         <value>0x10a1</value>
         <object_component_ref idref="oc-116"/>
      </symbol>
      <symbol id="sm-e2">
         <name>highside_setOutput</name>
         <value>0x114d</value>
         <object_component_ref idref="oc-116"/>
      </symbol>
      <symbol id="sm-e3">
         <name>highside_clearOutput</name>
         <value>0x11a9</value>
         <object_component_ref idref="oc-116"/>
      </symbol>
      <symbol id="sm-fb">
         <name>ctrlPort</name>
         <value>0x20000238</value>
      </symbol>
      <symbol id="sm-fc">
         <name>lowside_writeOutput</name>
         <value>0x124f</value>
         <object_component_ref idref="oc-11c"/>
      </symbol>
      <symbol id="sm-fd">
         <name>lowside_init</name>
         <value>0x11d1</value>
         <object_component_ref idref="oc-11c"/>
      </symbol>
      <symbol id="sm-121">
         <name>timers</name>
         <value>0x17d4</value>
         <object_component_ref idref="oc-8c"/>
      </symbol>
      <symbol id="sm-122">
         <name>timer_data</name>
         <value>0x20000458</value>
         <object_component_ref idref="oc-e4"/>
      </symbol>
      <symbol id="sm-123">
         <name>y</name>
         <value>0x2000045e</value>
         <object_component_ref idref="oc-e4"/>
      </symbol>
      <symbol id="sm-124">
         <name>x</name>
         <value>0x2000045c</value>
         <object_component_ref idref="oc-e4"/>
      </symbol>
      <symbol id="sm-125">
         <name>main</name>
         <value>0x1341</value>
         <object_component_ref idref="oc-c8"/>
      </symbol>
      <symbol id="sm-136">
         <name>timer_tick</name>
         <value>0x13c9</value>
         <object_component_ref idref="oc-80"/>
      </symbol>
      <symbol id="sm-152">
         <name>ResetISR</name>
         <value>0x17c1</value>
         <object_component_ref idref="oc-2b"/>
      </symbol>
      <symbol id="sm-153">
         <name>g_pfnVectors</name>
         <value>0x0</value>
         <object_component_ref idref="oc-f"/>
      </symbol>
      <symbol id="sm-1ba">
         <name>fallingPiece</name>
         <value>0x20000228</value>
      </symbol>
      <symbol id="sm-1bb">
         <name>timer_fps</name>
         <value>0x20000248</value>
      </symbol>
      <symbol id="sm-1bc">
         <name>timer_falling</name>
         <value>0x20000244</value>
      </symbol>
      <symbol id="sm-1bd">
         <name>timer_moveSideways</name>
         <value>0x20000250</value>
      </symbol>
      <symbol id="sm-1be">
         <name>timer_moveDown</name>
         <value>0x2000024c</value>
      </symbol>
      <symbol id="sm-1bf">
         <name>isCompleteLine</name>
         <value>0x3eb</value>
         <object_component_ref idref="oc-122"/>
      </symbol>
      <symbol id="sm-1c0">
         <name>game_init</name>
         <value>0x553</value>
         <object_component_ref idref="oc-122"/>
      </symbol>
      <symbol id="sm-1c1">
         <name>game_process</name>
         <value>0x561</value>
         <object_component_ref idref="oc-122"/>
      </symbol>
      <symbol id="sm-1c2">
         <name>movingLeft</name>
         <value>0x20000461</value>
         <object_component_ref idref="oc-18a"/>
      </symbol>
      <symbol id="sm-1c3">
         <name>movingRight</name>
         <value>0x20000462</value>
         <object_component_ref idref="oc-18a"/>
      </symbol>
      <symbol id="sm-1c4">
         <name>pieces</name>
         <value>0x20000258</value>
         <object_component_ref idref="oc-183"/>
      </symbol>
      <symbol id="sm-1c5">
         <name>removeCompleteLines</name>
         <value>0x421</value>
         <object_component_ref idref="oc-122"/>
      </symbol>
      <symbol id="sm-1c6">
         <name>begin</name>
         <value>0x20000463</value>
         <object_component_ref idref="oc-18a"/>
      </symbol>
      <symbol id="sm-1c7">
         <name>drawPiece</name>
         <value>0x4e7</value>
         <object_component_ref idref="oc-122"/>
      </symbol>
      <symbol id="sm-1c8">
         <name>getNewPiece</name>
         <value>0x26d</value>
         <object_component_ref idref="oc-122"/>
      </symbol>
      <symbol id="sm-1c9">
         <name>movingDown</name>
         <value>0x20000460</value>
         <object_component_ref idref="oc-18a"/>
      </symbol>
      <symbol id="sm-21e">
         <name>GPIOA_Handler</name>
         <value>0x6a9</value>
         <object_component_ref idref="oc-31"/>
      </symbol>
      <symbol id="sm-21f">
         <name>spi_init</name>
         <value>0x895</value>
         <object_component_ref idref="oc-31"/>
      </symbol>
      <symbol id="sm-220">
         <name>gpio_enableInterrupt</name>
         <value>0x7f7</value>
         <object_component_ref idref="oc-31"/>
      </symbol>
      <symbol id="sm-221">
         <name>gpio_enable</name>
         <value>0x6f7</value>
         <object_component_ref idref="oc-31"/>
      </symbol>
      <symbol id="sm-222">
         <name>_enableNVIC</name>
         <value>0x793</value>
         <object_component_ref idref="oc-31"/>
      </symbol>
      <symbol id="sm-223">
         <name>gpio_digitalEnable</name>
         <value>0x739</value>
         <object_component_ref idref="oc-31"/>
      </symbol>
      <symbol id="sm-224">
         <name>hal_init</name>
         <value>0x979</value>
         <object_component_ref idref="oc-31"/>
      </symbol>
      <symbol id="sm-225">
         <name>gpio_alternateFunctions</name>
         <value>0x775</value>
         <object_component_ref idref="oc-31"/>
      </symbol>
      <symbol id="sm-226">
         <name>timer_init</name>
         <value>0x911</value>
         <object_component_ref idref="oc-31"/>
      </symbol>
      <symbol id="sm-227">
         <name>hal_process</name>
         <value>0x985</value>
         <object_component_ref idref="oc-31"/>
      </symbol>
      <symbol id="sm-228">
         <name>gpio_setPullups</name>
         <value>0x757</value>
         <object_component_ref idref="oc-31"/>
      </symbol>
      <symbol id="sm-229">
         <name>writeSPI</name>
         <value>0x8f5</value>
         <object_component_ref idref="oc-31"/>
      </symbol>
      <symbol id="sm-22a">
         <name>TIMER0A_Handler</name>
         <value>0x965</value>
         <object_component_ref idref="oc-31"/>
      </symbol>
      <symbol id="sm-22b">
         <name>gpio_direction</name>
         <value>0x71b</value>
         <object_component_ref idref="oc-31"/>
      </symbol>
      <symbol id="sm-23d">
         <name>_c_int00</name>
         <value>0x1605</value>
         <object_component_ref idref="oc-24"/>
      </symbol>
      <symbol id="sm-23e">
         <name>__stack</name>
         <value>0x20000470</value>
         <object_component_ref idref="oc-2a"/>
      </symbol>
      <symbol id="sm-25c">
         <name>__TI_decompress_lzss</name>
         <value>0x1535</value>
         <object_component_ref idref="oc-12"/>
      </symbol>
      <symbol id="sm-273">
         <name>__TI_decompress_none</name>
         <value>0x1799</value>
         <object_component_ref idref="oc-18"/>
      </symbol>
      <symbol id="sm-28a">
         <name>__TI_zero_init</name>
         <value>0x17b5</value>
         <object_component_ref idref="oc-1e"/>
      </symbol>
      <symbol id="sm-2ab">
         <name>C$$EXIT</name>
         <value>0x1659</value>
         <object_component_ref idref="oc-75"/>
      </symbol>
      <symbol id="sm-2ac">
         <name>abort</name>
         <value>0x165d</value>
         <object_component_ref idref="oc-75"/>
      </symbol>
      <symbol id="sm-2ad">
         <name>exit</name>
         <value>0x1665</value>
         <object_component_ref idref="oc-75"/>
      </symbol>
      <symbol id="sm-2ae">
         <name>__TI_dtors_ptr</name>
         <value>0x2000043c</value>
         <object_component_ref idref="oc-d0"/>
      </symbol>
      <symbol id="sm-2af">
         <name>__TI_cleanup_ptr</name>
         <value>0x20000438</value>
         <object_component_ref idref="oc-d0"/>
      </symbol>
      <symbol id="sm-2b0">
         <name>__TI_enable_exit_profile_output</name>
         <value>0x20000440</value>
         <object_component_ref idref="oc-d0"/>
      </symbol>
      <symbol id="sm-2cb">
         <name>memcpy</name>
         <value>0x12a5</value>
         <object_component_ref idref="oc-45"/>
      </symbol>
      <symbol id="sm-2cc">
         <name>__aeabi_memcpy</name>
         <value>0x12a5</value>
         <object_component_ref idref="oc-45"/>
      </symbol>
      <symbol id="sm-2cd">
         <name>__aeabi_memcpy8</name>
         <value>0x12a5</value>
         <object_component_ref idref="oc-45"/>
      </symbol>
      <symbol id="sm-2ce">
         <name>__aeabi_memcpy4</name>
         <value>0x12a5</value>
         <object_component_ref idref="oc-45"/>
      </symbol>
      <symbol id="sm-2dd">
         <name>__aeabi_memset</name>
         <value>0x144b</value>
         <object_component_ref idref="oc-51"/>
      </symbol>
      <symbol id="sm-2de">
         <name>memset</name>
         <value>0x1451</value>
         <object_component_ref idref="oc-51"/>
      </symbol>
      <symbol id="sm-2df">
         <name>__aeabi_memset8</name>
         <value>0x144b</value>
         <object_component_ref idref="oc-51"/>
      </symbol>
      <symbol id="sm-2e0">
         <name>__aeabi_memset4</name>
         <value>0x144b</value>
         <object_component_ref idref="oc-51"/>
      </symbol>
      <symbol id="sm-2e1">
         <name>__aeabi_memclr8</name>
         <value>0x1449</value>
         <object_component_ref idref="oc-51"/>
      </symbol>
      <symbol id="sm-2e2">
         <name>__aeabi_memclr4</name>
         <value>0x1449</value>
         <object_component_ref idref="oc-51"/>
      </symbol>
      <symbol id="sm-2e3">
         <name>__aeabi_memclr</name>
         <value>0x1449</value>
         <object_component_ref idref="oc-51"/>
      </symbol>
      <symbol id="sm-2ed">
         <name>__mpu_init</name>
         <value>0x14c3</value>
         <object_component_ref idref="oc-5d"/>
      </symbol>
      <symbol id="sm-2f7">
         <name>_system_pre_init</name>
         <value>0x17cd</value>
         <object_component_ref idref="oc-63"/>
      </symbol>
      <symbol id="sm-311">
         <name>rand</name>
         <value>0x170f</value>
         <object_component_ref idref="oc-17d"/>
      </symbol>
      <symbol id="sm-312">
         <name>srand</name>
         <value>0x16f9</value>
         <object_component_ref idref="oc-17d"/>
      </symbol>
      <symbol id="sm-31a">
         <name>main_func_sp</name>
         <value>0x20000468</value>
         <object_component_ref idref="oc-7b"/>
      </symbol>
      <symbol id="sm-32d">
         <name>__time32</name>
         <value>0x17a7</value>
         <object_component_ref idref="oc-177"/>
      </symbol>
      <symbol id="sm-32e">
         <name>time</name>
         <value>0x17a7</value>
         <object_component_ref idref="oc-177"/>
      </symbol>
      <symbol id="sm-35f">
         <name>HOSTgetenv</name>
         <value>0xc91</value>
         <object_component_ref idref="oc-19f"/>
      </symbol>
      <symbol id="sm-360">
         <name>HOSTrename</name>
         <value>0xb39</value>
         <object_component_ref idref="oc-19f"/>
      </symbol>
      <symbol id="sm-361">
         <name>HOSTclose</name>
         <value>0xccf</value>
         <object_component_ref idref="oc-19f"/>
      </symbol>
      <symbol id="sm-362">
         <name>HOSTtime64</name>
         <value>0xab1</value>
         <object_component_ref idref="oc-19f"/>
      </symbol>
      <symbol id="sm-363">
         <name>HOSTunlink</name>
         <value>0xa79</value>
         <object_component_ref idref="oc-19f"/>
      </symbol>
      <symbol id="sm-364">
         <name>HOSTlseek</name>
         <value>0xc35</value>
         <object_component_ref idref="oc-19f"/>
      </symbol>
      <symbol id="sm-365">
         <name>HOSTopen</name>
         <value>0xbe3</value>
         <object_component_ref idref="oc-19f"/>
      </symbol>
      <symbol id="sm-366">
         <name>HOSTclock</name>
         <value>0xd07</value>
         <object_component_ref idref="oc-19f"/>
      </symbol>
      <symbol id="sm-367">
         <name>HOSTwrite</name>
         <value>0xa2d</value>
         <object_component_ref idref="oc-19f"/>
      </symbol>
      <symbol id="sm-368">
         <name>HOSTread</name>
         <value>0xb97</value>
         <object_component_ref idref="oc-19f"/>
      </symbol>
      <symbol id="sm-369">
         <name>HOSTtime</name>
         <value>0xaff</value>
         <object_component_ref idref="oc-19f"/>
      </symbol>
      <symbol id="sm-384">
         <name>__TI_readmsg</name>
         <value>0x15cf</value>
         <object_component_ref idref="oc-1b7"/>
      </symbol>
      <symbol id="sm-385">
         <name>C$$IO$$</name>
         <value>0x15cb</value>
         <object_component_ref idref="oc-1b7"/>
      </symbol>
      <symbol id="sm-386">
         <name>__CIOBUF_</name>
         <value>0x20000000</value>
         <object_component_ref idref="oc-1de"/>
      </symbol>
      <symbol id="sm-387">
         <name>__TI_writemsg</name>
         <value>0x159d</value>
         <object_component_ref idref="oc-1b7"/>
      </symbol>
      <symbol id="sm-3a0">
         <name>_nop</name>
         <value>0x176b</value>
         <object_component_ref idref="oc-138"/>
      </symbol>
      <symbol id="sm-3a1">
         <name>_lock</name>
         <value>0x20000450</value>
         <object_component_ref idref="oc-d3"/>
      </symbol>
      <symbol id="sm-3a2">
         <name>_unlock</name>
         <value>0x20000454</value>
         <object_component_ref idref="oc-d3"/>
      </symbol>
      <symbol id="sm-3a3">
         <name>_register_lock</name>
         <value>0x1763</value>
         <object_component_ref idref="oc-138"/>
      </symbol>
      <symbol id="sm-3a4">
         <name>_register_unlock</name>
         <value>0x175d</value>
         <object_component_ref idref="oc-138"/>
      </symbol>
      <symbol id="sm-3b8">
         <name>_args_main</name>
         <value>0x1745</value>
         <object_component_ref idref="oc-6f"/>
      </symbol>
      <symbol id="sm-3e2">
         <name>__TI_auto_init</name>
         <value>0x14c5</value>
         <object_component_ref idref="oc-69"/>
      </symbol>
      <symbol id="sm-3fc">
         <name>copy_in</name>
         <value>0x16ad</value>
         <object_component_ref idref="oc-ba"/>
      </symbol>
      <symbol id="sm-406">
         <name>_system_post_cinit</name>
         <value>0x17d1</value>
         <object_component_ref idref="oc-c0"/>
      </symbol>
      <symbol id="sm-414">
         <name>strcpy</name>
         <value>0x1771</value>
         <object_component_ref idref="oc-1c3"/>
      </symbol>
      <symbol id="sm-422">
         <name>strlen</name>
         <value>0x1785</value>
         <object_component_ref idref="oc-1bd"/>
      </symbol>
      <symbol id="sm-423">
         <name>__TI_static_base__</name>
         <value>0x0</value>
      </symbol>
      <symbol id="sm-426">
         <name>SHT$$INIT_ARRAY$$Limit</name>
         <value>0x0</value>
      </symbol>
      <symbol id="sm-427">
         <name>SHT$$INIT_ARRAY$$Base</name>
         <value>0x0</value>
      </symbol>
   </symbol_table>
   <title>Link successful</title>
</link_info>
